Archive member included to satisfy reference by file (symbol)

d:/gcc-arm-none-eabi-9-2019-q4-major-win32/bin/../lib/gcc/arm-none-eabi/9.2.1/../../../../arm-none-eabi/lib/thumb/v7-m/nofp\libg.a(lib_a-errno.o)
                              CMakeFiles/ZHANGSHUO_CAR_V1.elf.dir/Core/Src/syscalls.c.obj (__errno)
d:/gcc-arm-none-eabi-9-2019-q4-major-win32/bin/../lib/gcc/arm-none-eabi/9.2.1/../../../../arm-none-eabi/lib/thumb/v7-m/nofp\libg.a(lib_a-exit.o)
                              d:/gcc-arm-none-eabi-9-2019-q4-major-win32/bin/../lib/gcc/arm-none-eabi/9.2.1/../../../../arm-none-eabi/lib/thumb/v7-m/nofp/crt0.o (exit)
d:/gcc-arm-none-eabi-9-2019-q4-major-win32/bin/../lib/gcc/arm-none-eabi/9.2.1/../../../../arm-none-eabi/lib/thumb/v7-m/nofp\libg.a(lib_a-impure.o)
                              d:/gcc-arm-none-eabi-9-2019-q4-major-win32/bin/../lib/gcc/arm-none-eabi/9.2.1/../../../../arm-none-eabi/lib/thumb/v7-m/nofp\libg.a(lib_a-exit.o) (_global_impure_ptr)
d:/gcc-arm-none-eabi-9-2019-q4-major-win32/bin/../lib/gcc/arm-none-eabi/9.2.1/../../../../arm-none-eabi/lib/thumb/v7-m/nofp\libg.a(lib_a-init.o)
                              d:/gcc-arm-none-eabi-9-2019-q4-major-win32/bin/../lib/gcc/arm-none-eabi/9.2.1/../../../../arm-none-eabi/lib/thumb/v7-m/nofp/crt0.o (__libc_init_array)
d:/gcc-arm-none-eabi-9-2019-q4-major-win32/bin/../lib/gcc/arm-none-eabi/9.2.1/../../../../arm-none-eabi/lib/thumb/v7-m/nofp\libg.a(lib_a-memset.o)
                              d:/gcc-arm-none-eabi-9-2019-q4-major-win32/bin/../lib/gcc/arm-none-eabi/9.2.1/../../../../arm-none-eabi/lib/thumb/v7-m/nofp/crt0.o (memset)
d:/gcc-arm-none-eabi-9-2019-q4-major-win32/bin/../lib/gcc/arm-none-eabi/9.2.1/../../../../arm-none-eabi/lib/thumb/v7-m/nofp\libg.a(lib_a-printf.o)
                              CMakeFiles/ZHANGSHUO_CAR_V1.elf.dir/Core/Src/main.c.obj (printf)
d:/gcc-arm-none-eabi-9-2019-q4-major-win32/bin/../lib/gcc/arm-none-eabi/9.2.1/../../../../arm-none-eabi/lib/thumb/v7-m/nofp\libg.a(lib_a-vfprintf.o)
                              d:/gcc-arm-none-eabi-9-2019-q4-major-win32/bin/../lib/gcc/arm-none-eabi/9.2.1/../../../../arm-none-eabi/lib/thumb/v7-m/nofp\libg.a(lib_a-printf.o) (_vfprintf_r)
d:/gcc-arm-none-eabi-9-2019-q4-major-win32/bin/../lib/gcc/arm-none-eabi/9.2.1/../../../../arm-none-eabi/lib/thumb/v7-m/nofp\libg.a(lib_a-wsetup.o)
                              d:/gcc-arm-none-eabi-9-2019-q4-major-win32/bin/../lib/gcc/arm-none-eabi/9.2.1/../../../../arm-none-eabi/lib/thumb/v7-m/nofp\libg.a(lib_a-vfprintf.o) (__swsetup_r)
d:/gcc-arm-none-eabi-9-2019-q4-major-win32/bin/../lib/gcc/arm-none-eabi/9.2.1/../../../../arm-none-eabi/lib/thumb/v7-m/nofp\libg.a(lib_a-__call_atexit.o)
                              d:/gcc-arm-none-eabi-9-2019-q4-major-win32/bin/../lib/gcc/arm-none-eabi/9.2.1/../../../../arm-none-eabi/lib/thumb/v7-m/nofp\libg.a(lib_a-exit.o) (__call_exitprocs)
d:/gcc-arm-none-eabi-9-2019-q4-major-win32/bin/../lib/gcc/arm-none-eabi/9.2.1/../../../../arm-none-eabi/lib/thumb/v7-m/nofp\libg.a(lib_a-atexit.o)
                              d:/gcc-arm-none-eabi-9-2019-q4-major-win32/bin/../lib/gcc/arm-none-eabi/9.2.1/../../../../arm-none-eabi/lib/thumb/v7-m/nofp\libg.a(lib_a-__call_atexit.o) (atexit)
d:/gcc-arm-none-eabi-9-2019-q4-major-win32/bin/../lib/gcc/arm-none-eabi/9.2.1/../../../../arm-none-eabi/lib/thumb/v7-m/nofp\libg.a(lib_a-dtoa.o)
                              d:/gcc-arm-none-eabi-9-2019-q4-major-win32/bin/../lib/gcc/arm-none-eabi/9.2.1/../../../../arm-none-eabi/lib/thumb/v7-m/nofp\libg.a(lib_a-vfprintf.o) (_dtoa_r)
d:/gcc-arm-none-eabi-9-2019-q4-major-win32/bin/../lib/gcc/arm-none-eabi/9.2.1/../../../../arm-none-eabi/lib/thumb/v7-m/nofp\libg.a(lib_a-fflush.o)
                              d:/gcc-arm-none-eabi-9-2019-q4-major-win32/bin/../lib/gcc/arm-none-eabi/9.2.1/../../../../arm-none-eabi/lib/thumb/v7-m/nofp\libg.a(lib_a-vfprintf.o) (_fflush_r)
d:/gcc-arm-none-eabi-9-2019-q4-major-win32/bin/../lib/gcc/arm-none-eabi/9.2.1/../../../../arm-none-eabi/lib/thumb/v7-m/nofp\libg.a(lib_a-findfp.o)
                              d:/gcc-arm-none-eabi-9-2019-q4-major-win32/bin/../lib/gcc/arm-none-eabi/9.2.1/../../../../arm-none-eabi/lib/thumb/v7-m/nofp\libg.a(lib_a-vfprintf.o) (__sinit)
d:/gcc-arm-none-eabi-9-2019-q4-major-win32/bin/../lib/gcc/arm-none-eabi/9.2.1/../../../../arm-none-eabi/lib/thumb/v7-m/nofp\libg.a(lib_a-fini.o)
                              d:/gcc-arm-none-eabi-9-2019-q4-major-win32/bin/../lib/gcc/arm-none-eabi/9.2.1/../../../../arm-none-eabi/lib/thumb/v7-m/nofp\libg.a(lib_a-__call_atexit.o) (__libc_fini_array)
d:/gcc-arm-none-eabi-9-2019-q4-major-win32/bin/../lib/gcc/arm-none-eabi/9.2.1/../../../../arm-none-eabi/lib/thumb/v7-m/nofp\libg.a(lib_a-freer.o)
                              d:/gcc-arm-none-eabi-9-2019-q4-major-win32/bin/../lib/gcc/arm-none-eabi/9.2.1/../../../../arm-none-eabi/lib/thumb/v7-m/nofp\libg.a(lib_a-vfprintf.o) (_free_r)
[...]
Memory Configuration

Name             Origin             Length             Attributes
RAM              0x20000000         0x00010000         xrw
FLASH            0x08000000         0x00080000         xr
*default*        0x00000000         0xffffffff

Linker script and memory map

LOAD d:/gcc-arm-none-eabi-9-2019-q4-major-win32/bin/../lib/gcc/arm-none-eabi/9.2.1/thumb/v7-m/nofp/crti.o
LOAD d:/gcc-arm-none-eabi-9-2019-q4-major-win32/bin/../lib/gcc/arm-none-eabi/9.2.1/thumb/v7-m/nofp/crtbegin.o
LOAD d:/gcc-arm-none-eabi-9-2019-q4-major-win32/bin/../lib/gcc/arm-none-eabi/9.2.1/../../../../arm-none-eabi/lib/thumb/v7-m/nofp/crt0.o
LOAD CMakeFiles/ZHANGSHUO_CAR_V1.elf.dir/Core/Src/gpio.c.obj
LOAD CMakeFiles/ZHANGSHUO_CAR_V1.elf.dir/Core/Src/main.c.obj
LOAD CMakeFiles/ZHANGSHUO_CAR_V1.elf.dir/Core/Src/stm32f1xx_hal_msp.c.obj
LOAD CMakeFiles/ZHANGSHUO_CAR_V1.elf.dir/Core/Src/stm32f1xx_it.c.obj
LOAD CMakeFiles/ZHANGSHUO_CAR_V1.elf.dir/Core/Src/syscalls.c.obj
LOAD CMakeFiles/ZHANGSHUO_CAR_V1.elf.dir/Core/Src/system_stm32f1xx.c.obj
LOAD CMakeFiles/ZHANGSHUO_CAR_V1.elf.dir/Core/Src/usart.c.obj
LOAD CMakeFiles/ZHANGSHUO_CAR_V1.elf.dir/Drivers/STM32F1xx_HAL_Driver/Src/stm32f1xx_hal.c.obj
LOAD CMakeFiles/ZHANGSHUO_CAR_V1.elf.dir/Drivers/STM32F1xx_HAL_Driver/Src/stm32f1xx_hal_cortex.c.obj
LOAD CMakeFiles/ZHANGSHUO_CAR_V1.elf.dir/Drivers/STM32F1xx_HAL_Driver/Src/stm32f1xx_hal_dma.c.obj
LOAD CMakeFiles/ZHANGSHUO_CAR_V1.elf.dir/Drivers/STM32F1xx_HAL_Driver/Src/stm32f1xx_hal_exti.c.obj
LOAD CMakeFiles/ZHANGSHUO_CAR_V1.elf.dir/Drivers/STM32F1xx_HAL_Driver/Src/stm32f1xx_hal_flash.c.obj
LOAD CMakeFiles/ZHANGSHUO_CAR_V1.elf.dir/Drivers/STM32F1xx_HAL_Driver/Src/stm32f1xx_hal_flash_ex.c.obj
LOAD CMakeFiles/ZHANGSHUO_CAR_V1.elf.dir/Drivers/STM32F1xx_HAL_Driver/Src/stm32f1xx_hal_gpio.c.obj
LOAD CMakeFiles/ZHANGSHUO_CAR_V1.elf.dir/Drivers/STM32F1xx_HAL_Driver/Src/stm32f1xx_hal_gpio_ex.c.obj
LOAD CMakeFiles/ZHANGSHUO_CAR_V1.elf.dir/Drivers/STM32F1xx_HAL_Driver/Src/stm32f1xx_hal_pwr.c.obj
LOAD CMakeFiles/ZHANGSHUO_CAR_V1.elf.dir/Drivers/STM32F1xx_HAL_Driver/Src/stm32f1xx_hal_rcc.c.obj
LOAD CMakeFiles/ZHANGSHUO_CAR_V1.elf.dir/Drivers/STM32F1xx_HAL_Driver/Src/stm32f1xx_hal_rcc_ex.c.obj
LOAD CMakeFiles/ZHANGSHUO_CAR_V1.elf.dir/Drivers/STM32F1xx_HAL_Driver/Src/stm32f1xx_hal_tim.c.obj
LOAD CMakeFiles/ZHANGSHUO_CAR_V1.elf.dir/Drivers/STM32F1xx_HAL_Driver/Src/stm32f1xx_hal_tim_ex.c.obj
LOAD CMakeFiles/ZHANGSHUO_CAR_V1.elf.dir/Drivers/STM32F1xx_HAL_Driver/Src/stm32f1xx_hal_uart.c.obj
LOAD CMakeFiles/ZHANGSHUO_CAR_V1.elf.dir/startup/startup_stm32f103xe.s.obj
START GROUP
LOAD d:/gcc-arm-none-eabi-9-2019-q4-major-win32/bin/../lib/gcc/arm-none-eabi/9.2.1/thumb/v7-m/nofp\libgcc.a
LOAD d:/gcc-arm-none-eabi-9-2019-q4-major-win32/bin/../lib/gcc/arm-none-eabi/9.2.1/../../../../arm-none-eabi/lib/thumb/v7-m/nofp\libg.a
LOAD d:/gcc-arm-none-eabi-9-2019-q4-major-win32/bin/../lib/gcc/arm-none-eabi/9.2.1/../../../../arm-none-eabi/lib/thumb/v7-m/nofp\libc.a
END GROUP
LOAD d:/gcc-arm-none-eabi-9-2019-q4-major-win32/bin/../lib/gcc/arm-none-eabi/9.2.1/thumb/v7-m/nofp/crtend.o
LOAD d:/gcc-arm-none-eabi-9-2019-q4-major-win32/bin/../lib/gcc/arm-none-eabi/9.2.1/thumb/v7-m/nofp/crtn.o
                0x20010000                _estack = 0x20010000
                0x00000200                _Min_Heap_Size = 0x200
                0x00000400                _Min_Stack_Size = 0x400

.isr_vector     0x08000000      0x1e4
                0x08000000                . = ALIGN (0x4)
 *(.isr_vector)
 .isr_vector    0x08000000      0x1e4 CMakeFiles/ZHANGSHUO_CAR_V1.elf.dir/startup/startup_stm32f103xe.s.obj
                0x08000000                g_pfnVectors
                0x080001e4                . = ALIGN (0x4)

.text           0x080001e8     0x736c
                0x080001e8                . = ALIGN (0x4)
 *(.text)
 .text          0x080001e8       0x40 d:/gcc-arm-none-eabi-9-2019-q4-major-win32/bin/../lib/gcc/arm-none-eabi/9.2.1/thumb/v7-m/nofp/crtbegin.o
 .text          0x08000228       0xec d:/gcc-arm-none-eabi-9-2019-q4-major-win32/bin/../lib/gcc/arm-none-eabi/9.2.1/../../../../arm-none-eabi/lib/thumb/v7-m/nofp\libg.a(lib_a-memcpy.o)
                0x08000228                memcpy
 .text          0x08000314      0x378 d:/gcc-arm-none-eabi-9-2019-q4-major-win32/bin/../lib/gcc/arm-none-eabi/9.2.1/thumb/v7-m/nofp\libgcc.a(_arm_addsubdf3.o)
                0x08000314                __aeabi_drsub
                0x0800031c                __aeabi_dsub
                0x0800031c                __subdf3
                0x08000320                __aeabi_dadd
                0x08000320                __adddf3
                0x08000598                __floatunsidf
                0x08000598                __aeabi_ui2d
                0x080005b8                __floatsidf
                0x080005b8                __aeabi_i2d
                0x080005dc                __aeabi_f2d
                0x080005dc                __extendsfdf2
                0x08000620                __floatundidf
                0x08000620                __aeabi_ul2d
                0x08000630                __floatdidf
                0x08000630                __aeabi_l2d
 .text          0x0800068c      0x424 d:/gcc-arm-none-eabi-9-2019-q4-major-win32/bin/../lib/gcc/arm-none-eabi/9.2.1/thumb/v7-m/nofp\libgcc.a(_arm_muldivdf3.o)
                0x0800068c                __aeabi_dmul
                0x0800068c                __muldf3
                0x080008e0                __divdf3
                0x080008e0                __aeabi_ddiv
 .text          0x08000ab0      0x110 d:/gcc-arm-none-eabi-9-2019-q4-major-win32/bin/../lib/gcc/arm-none-eabi/9.2.1/thumb/v7-m/nofp\libgcc.a(_arm_cmpdf2.o)
                0x08000ab0                __gtdf2
                0x08000ab0                __gedf2
                0x08000ab8                __ltdf2
                0x08000ab8                __ledf2
                0x08000ac0                __nedf2
                0x08000ac0                __eqdf2
                0x08000ac0                __cmpdf2
                0x08000b3c                __aeabi_cdrcmple
                0x08000b4c                __aeabi_cdcmpeq
                0x08000b4c                __aeabi_cdcmple
                0x08000b5c                __aeabi_dcmpeq
                0x08000b70                __aeabi_dcmplt
                0x08000b84                __aeabi_dcmple
                0x08000b98                __aeabi_dcmpge
                0x08000bac                __aeabi_dcmpgt
 .text          0x08000bc0       0x2c d:/gcc-arm-none-eabi-9-2019-q4-major-win32/bin/../lib/gcc/arm-none-eabi/9.2.1/thumb/v7-m/nofp\libgcc.a(_arm_unorddf2.o)
                0x08000bc0                __unorddf2
                0x08000bc0                __aeabi_dcmpun
 .text          0x08000bec       0x50 d:/gcc-arm-none-eabi-9-2019-q4-major-win32/bin/../lib/gcc/arm-none-eabi/9.2.1/thumb/v7-m/nofp\libgcc.a(_arm_fixdfsi.o)
                0x08000bec                __aeabi_d2iz
                0x08000bec                __fixdfsi
 .text          0x08000c3c       0x30 d:/gcc-arm-none-eabi-9-2019-q4-major-win32/bin/../lib/gcc/arm-none-eabi/9.2.1/thumb/v7-m/nofp\libgcc.a(_aeabi_uldivmod.o)
                0x08000c3c                __aeabi_uldivmod
 .text          0x08000c6c      0x2c4 d:/gcc-arm-none-eabi-9-2019-q4-major-win32/bin/../lib/gcc/arm-none-eabi/9.2.1/thumb/v7-m/nofp\libgcc.a(_udivmoddi4.o)
                0x08000c6c                __udivmoddi4
 .text          0x08000f30        0x4 d:/gcc-arm-none-eabi-9-2019-q4-major-win32/bin/../lib/gcc/arm-none-eabi/9.2.1/thumb/v7-m/nofp\libgcc.a(_dvmd_tls.o)
                0x08000f30                __aeabi_idiv0
                0x08000f30                __aeabi_ldiv0
 *(.text*)
 .text.MX_GPIO_Init
                0x08000f34       0xb8 CMakeFiles/ZHANGSHUO_CAR_V1.elf.dir/Core/Src/gpio.c.obj
                0x08000f34                MX_GPIO_Init
 .text.__io_putchar
                0x08000fec       0x20 CMakeFiles/ZHANGSHUO_CAR_V1.elf.dir/Core/Src/main.c.obj
                0x08000fec                __io_putchar
 .text.HAL_UART_RxCpltCallback
                0x0800100c       0x28 CMakeFiles/ZHANGSHUO_CAR_V1.elf.dir/Core/Src/main.c.obj
                0x0800100c                HAL_UART_RxCpltCallback
 .text.Error_Handler
                0x08001034        0x4 CMakeFiles/ZHANGSHUO_CAR_V1.elf.dir/Core/Src/main.c.obj
                0x08001034                Error_Handler
 .text.SystemClock_Config
                0x08001038       0x62 CMakeFiles/ZHANGSHUO_CAR_V1.elf.dir/Core/Src/main.c.obj
                0x08001038                SystemClock_Config
 *fill*         0x0800109a        0x2 
 .text.main     0x0800109c       0x40 CMakeFiles/ZHANGSHUO_CAR_V1.elf.dir/Core/Src/main.c.obj
                0x0800109c                main
 .text.HAL_MspInit
                0x080010dc       0x44 CMakeFiles/ZHANGSHUO_CAR_V1.elf.dir/Core/Src/stm32f1xx_hal_msp.c.obj
                0x080010dc                HAL_MspInit
 .text.NMI_Handler
                0x08001120        0x2 CMakeFiles/ZHANGSHUO_CAR_V1.elf.dir/Core/Src/stm32f1xx_it.c.obj
                0x08001120                NMI_Handler
 .text.HardFault_Handler
                0x08001122        0x2 CMakeFiles/ZHANGSHUO_CAR_V1.elf.dir/Core/Src/stm32f1xx_it.c.obj
                0x08001122                HardFault_Handler
 .text.MemManage_Handler
                0x08001124        0x2 CMakeFiles/ZHANGSHUO_CAR_V1.elf.dir/Core/Src/stm32f1xx_it.c.obj
                0x08001124                MemManage_Handler
 .text.BusFault_Handler
                0x08001126        0x2 CMakeFiles/ZHANGSHUO_CAR_V1.elf.dir/Core/Src/stm32f1xx_it.c.obj
                0x08001126                BusFault_Handler
 .text.UsageFault_Handler
                0x08001128        0x2 CMakeFiles/ZHANGSHUO_CAR_V1.elf.dir/Core/Src/stm32f1xx_it.c.obj
                0x08001128                UsageFault_Handler
 .text.SVC_Handler
                0x0800112a        0x2 CMakeFiles/ZHANGSHUO_CAR_V1.elf.dir/Core/Src/stm32f1xx_it.c.obj
                0x0800112a                SVC_Handler
 .text.DebugMon_Handler
                0x0800112c        0x2 CMakeFiles/ZHANGSHUO_CAR_V1.elf.dir/Core/Src/stm32f1xx_it.c.obj
                0x0800112c                DebugMon_Handler
 .text.PendSV_Handler
                0x0800112e        0x2 CMakeFiles/ZHANGSHUO_CAR_V1.elf.dir/Core/Src/stm32f1xx_it.c.obj
                0x0800112e                PendSV_Handler
 .text.SysTick_Handler
                0x08001130        0x8 CMakeFiles/ZHANGSHUO_CAR_V1.elf.dir/Core/Src/stm32f1xx_it.c.obj
                0x08001130                SysTick_Handler
 .text.USART1_IRQHandler
                0x08001138       0x10 CMakeFiles/ZHANGSHUO_CAR_V1.elf.dir/Core/Src/stm32f1xx_it.c.obj
                0x08001138                USART1_IRQHandler
 .text._read    0x08001148       0x20 CMakeFiles/ZHANGSHUO_CAR_V1.elf.dir/Core/Src/syscalls.c.obj
                0x08001148                _read
 .text._write   0x08001168       0x1c CMakeFiles/ZHANGSHUO_CAR_V1.elf.dir/Core/Src/syscalls.c.obj
                0x08001168                _write
 .text._sbrk    0x08001184       0x3c CMakeFiles/ZHANGSHUO_CAR_V1.elf.dir/Core/Src/syscalls.c.obj
                0x08001184                _sbrk
 .text._close   0x080011c0        0x6 CMakeFiles/ZHANGSHUO_CAR_V1.elf.dir/Core/Src/syscalls.c.obj
                0x080011c0                _close
 .text._fstat   0x080011c6        0xa CMakeFiles/ZHANGSHUO_CAR_V1.elf.dir/Core/Src/syscalls.c.obj
                0x080011c6                _fstat
 .text._isatty  0x080011d0        0x4 CMakeFiles/ZHANGSHUO_CAR_V1.elf.dir/Core/Src/syscalls.c.obj
                0x080011d0                _isatty
 .text._lseek   0x080011d4        0x4 CMakeFiles/ZHANGSHUO_CAR_V1.elf.dir/Core/Src/syscalls.c.obj
                0x080011d4                _lseek
 .text.SystemInit
                0x080011d8        0x2 CMakeFiles/ZHANGSHUO_CAR_V1.elf.dir/Core/Src/system_stm32f1xx.c.obj
                0x080011d8                SystemInit
 *fill*         0x080011da        0x2 
 .text.MX_USART1_UART_Init
                0x080011dc       0x34 CMakeFiles/ZHANGSHUO_CAR_V1.elf.dir/Core/Src/usart.c.obj
                0x080011dc                MX_USART1_UART_Init
 .text.HAL_UART_MspInit
                0x08001210       0x88 CMakeFiles/ZHANGSHUO_CAR_V1.elf.dir/Core/Src/usart.c.obj
                0x08001210                HAL_UART_MspInit
 .text.HAL_InitTick
                0x08001298       0x4c CMakeFiles/ZHANGSHUO_CAR_V1.elf.dir/Drivers/STM32F1xx_HAL_Driver/Src/stm32f1xx_hal.c.obj
                0x08001298                HAL_InitTick
 .text.HAL_Init
                0x080012e4       0x24 CMakeFiles/ZHANGSHUO_CAR_V1.elf.dir/Drivers/STM32F1xx_HAL_Driver/Src/stm32f1xx_hal.c.obj
                0x080012e4                HAL_Init
 .text.HAL_IncTick
                0x08001308       0x18 CMakeFiles/ZHANGSHUO_CAR_V1.elf.dir/Drivers/STM32F1xx_HAL_Driver/Src/stm32f1xx_hal.c.obj
                0x08001308                HAL_IncTick
 .text.HAL_GetTick
                0x08001320        0xc CMakeFiles/ZHANGSHUO_CAR_V1.elf.dir/Drivers/STM32F1xx_HAL_Driver/Src/stm32f1xx_hal.c.obj
                0x08001320                HAL_GetTick
 .text.HAL_Delay
                0x0800132c       0x28 CMakeFiles/ZHANGSHUO_CAR_V1.elf.dir/Drivers/STM32F1xx_HAL_Driver/Src/stm32f1xx_hal.c.obj
                0x0800132c                HAL_Delay
 .text.HAL_NVIC_SetPriorityGrouping
                0x08001354       0x24 CMakeFiles/ZHANGSHUO_CAR_V1.elf.dir/Drivers/STM32F1xx_HAL_Driver/Src/stm32f1xx_hal_cortex.c.obj
                0x08001354                HAL_NVIC_SetPriorityGrouping
 .text.HAL_NVIC_SetPriority
                0x08001378       0x68 CMakeFiles/ZHANGSHUO_CAR_V1.elf.dir/Drivers/STM32F1xx_HAL_Driver/Src/stm32f1xx_hal_cortex.c.obj
                0x08001378                HAL_NVIC_SetPriority
 .text.HAL_NVIC_EnableIRQ
                0x080013e0       0x1c CMakeFiles/ZHANGSHUO_CAR_V1.elf.dir/Drivers/STM32F1xx_HAL_Driver/Src/stm32f1xx_hal_cortex.c.obj
                0x080013e0                HAL_NVIC_EnableIRQ
 .text.HAL_SYSTICK_Config
                0x080013fc       0x2c CMakeFiles/ZHANGSHUO_CAR_V1.elf.dir/Drivers/STM32F1xx_HAL_Driver/Src/stm32f1xx_hal_cortex.c.obj
                0x080013fc                HAL_SYSTICK_Config
 .text.HAL_DMA_Abort
                0x08001428       0x44 CMakeFiles/ZHANGSHUO_CAR_V1.elf.dir/Drivers/STM32F1xx_HAL_Driver/Src/stm32f1xx_hal_dma.c.obj
                0x08001428                HAL_DMA_Abort
 .text.HAL_DMA_Abort_IT
                0x0800146c      0x168 CMakeFiles/ZHANGSHUO_CAR_V1.elf.dir/Drivers/STM32F1xx_HAL_Driver/Src/stm32f1xx_hal_dma.c.obj
                0x0800146c                HAL_DMA_Abort_IT
 .text.HAL_GPIO_Init
                0x080015d4      0x238 CMakeFiles/ZHANGSHUO_CAR_V1.elf.dir/Drivers/STM32F1xx_HAL_Driver/Src/stm32f1xx_hal_gpio.c.obj
                0x080015d4                HAL_GPIO_Init
 .text.HAL_GPIO_WritePin
                0x0800180c        0xc CMakeFiles/ZHANGSHUO_CAR_V1.elf.dir/Drivers/STM32F1xx_HAL_Driver/Src/stm32f1xx_hal_gpio.c.obj
                0x0800180c                HAL_GPIO_WritePin
 .text.RCC_Delay
                0x08001818       0x2c CMakeFiles/ZHANGSHUO_CAR_V1.elf.dir/Drivers/STM32F1xx_HAL_Driver/Src/stm32f1xx_hal_rcc.c.obj
 .text.HAL_RCC_OscConfig
                0x08001844      0x410 CMakeFiles/ZHANGSHUO_CAR_V1.elf.dir/Drivers/STM32F1xx_HAL_Driver/Src/stm32f1xx_hal_rcc.c.obj
                0x08001844                HAL_RCC_OscConfig
 .text.HAL_RCC_GetSysClockFreq
                0x08001c54       0x6c CMakeFiles/ZHANGSHUO_CAR_V1.elf.dir/Drivers/STM32F1xx_HAL_Driver/Src/stm32f1xx_hal_rcc.c.obj
                0x08001c54                HAL_RCC_GetSysClockFreq
 .text.HAL_RCC_ClockConfig
                0x08001cc0      0x16c CMakeFiles/ZHANGSHUO_CAR_V1.elf.dir/Drivers/STM32F1xx_HAL_Driver/Src/stm32f1xx_hal_rcc.c.obj
                0x08001cc0                HAL_RCC_ClockConfig
 .text.HAL_RCC_GetHCLKFreq
                0x08001e2c        0xc CMakeFiles/ZHANGSHUO_CAR_V1.elf.dir/Drivers/STM32F1xx_HAL_Driver/Src/stm32f1xx_hal_rcc.c.obj
                0x08001e2c                HAL_RCC_GetHCLKFreq
 .text.HAL_RCC_GetPCLK1Freq
                0x08001e38       0x20 CMakeFiles/ZHANGSHUO_CAR_V1.elf.dir/Drivers/STM32F1xx_HAL_Driver/Src/stm32f1xx_hal_rcc.c.obj
                0x08001e38                HAL_RCC_GetPCLK1Freq
 .text.HAL_RCC_GetPCLK2Freq
                0x08001e58       0x20 CMakeFiles/ZHANGSHUO_CAR_V1.elf.dir/Drivers/STM32F1xx_HAL_Driver/Src/stm32f1xx_hal_rcc.c.obj
                0x08001e58                HAL_RCC_GetPCLK2Freq
 .text.UART_EndRxTransfer
                0x08001e78       0x32 CMakeFiles/ZHANGSHUO_CAR_V1.elf.dir/Drivers/STM32F1xx_HAL_Driver/Src/stm32f1xx_hal_uart.c.obj
 .text.UART_Transmit_IT
                0x08001eaa       0x60 CMakeFiles/ZHANGSHUO_CAR_V1.elf.dir/Drivers/STM32F1xx_HAL_Driver/Src/stm32f1xx_hal_uart.c.obj
 *fill*         0x08001f0a        0x2 
 .text.UART_SetConfig
                0x08001f0c       0x90 CMakeFiles/ZHANGSHUO_CAR_V1.elf.dir/Drivers/STM32F1xx_HAL_Driver/Src/stm32f1xx_hal_uart.c.obj
 .text.UART_WaitOnFlagUntilTimeout
                0x08001f9c       0x68 CMakeFiles/ZHANGSHUO_CAR_V1.elf.dir/Drivers/STM32F1xx_HAL_Driver/Src/stm32f1xx_hal_uart.c.obj
 .text.HAL_UART_Init
                0x08002004       0x5e CMakeFiles/ZHANGSHUO_CAR_V1.elf.dir/Drivers/STM32F1xx_HAL_Driver/Src/stm32f1xx_hal_uart.c.obj
                0x08002004                HAL_UART_Init
 .text.HAL_UART_Transmit
                0x08002062       0xd8 CMakeFiles/ZHANGSHUO_CAR_V1.elf.dir/Drivers/STM32F1xx_HAL_Driver/Src/stm32f1xx_hal_uart.c.obj
                0x08002062                HAL_UART_Transmit
 .text.HAL_UART_TxCpltCallback
                0x0800213a        0x2 CMakeFiles/ZHANGSHUO_CAR_V1.elf.dir/Drivers/STM32F1xx_HAL_Driver/Src/stm32f1xx_hal_uart.c.obj
                0x0800213a                HAL_UART_TxCpltCallback
 .text.UART_EndTransmit_IT
                0x0800213c       0x1a CMakeFiles/ZHANGSHUO_CAR_V1.elf.dir/Drivers/STM32F1xx_HAL_Driver/Src/stm32f1xx_hal_uart.c.obj
 .text.HAL_UART_ErrorCallback
                0x08002156        0x2 CMakeFiles/ZHANGSHUO_CAR_V1.elf.dir/Drivers/STM32F1xx_HAL_Driver/Src/stm32f1xx_hal_uart.c.obj
                0x08002156                HAL_UART_ErrorCallback
 .text.UART_DMAAbortOnError
                0x08002158       0x10 CMakeFiles/ZHANGSHUO_CAR_V1.elf.dir/Drivers/STM32F1xx_HAL_Driver/Src/stm32f1xx_hal_uart.c.obj
 .text.HAL_UARTEx_RxEventCallback
                0x08002168        0x2 CMakeFiles/ZHANGSHUO_CAR_V1.elf.dir/Drivers/STM32F1xx_HAL_Driver/Src/stm32f1xx_hal_uart.c.obj
                0x08002168                HAL_UARTEx_RxEventCallback
 .text.UART_Receive_IT
                0x0800216a       0xd4 CMakeFiles/ZHANGSHUO_CAR_V1.elf.dir/Drivers/STM32F1xx_HAL_Driver/Src/stm32f1xx_hal_uart.c.obj
 *fill*         0x0800223e        0x2 
 .text.HAL_UART_IRQHandler
                0x08002240      0x204 CMakeFiles/ZHANGSHUO_CAR_V1.elf.dir/Drivers/STM32F1xx_HAL_Driver/Src/stm32f1xx_hal_uart.c.obj
                0x08002240                HAL_UART_IRQHandler
 .text.UART_Start_Receive_IT
                0x08002444       0x36 CMakeFiles/ZHANGSHUO_CAR_V1.elf.dir/Drivers/STM32F1xx_HAL_Driver/Src/stm32f1xx_hal_uart.c.obj
                0x08002444                UART_Start_Receive_IT
 .text.HAL_UART_Receive_IT
                0x0800247a       0x38 CMakeFiles/ZHANGSHUO_CAR_V1.elf.dir/Drivers/STM32F1xx_HAL_Driver/Src/stm32f1xx_hal_uart.c.obj
                0x0800247a                HAL_UART_Receive_IT
 *fill*         0x080024b2        0x2 
 .text.Reset_Handler
                0x080024b4       0x48 CMakeFiles/ZHANGSHUO_CAR_V1.elf.dir/startup/startup_stm32f103xe.s.obj
                0x080024b4                Reset_Handler
 .text.Default_Handler
                0x080024fc        0x2 CMakeFiles/ZHANGSHUO_CAR_V1.elf.dir/startup/startup_stm32f103xe.s.obj
                0x080024fc                RTC_Alarm_IRQHandler
                0x080024fc                EXTI2_IRQHandler
                0x080024fc                TIM8_TRG_COM_IRQHandler
                0x080024fc                TIM8_CC_IRQHandler
                0x080024fc                TIM1_CC_IRQHandler
                0x080024fc                TIM6_IRQHandler
                0x080024fc                PVD_IRQHandler
                0x080024fc                SDIO_IRQHandler
                0x080024fc                EXTI3_IRQHandler
                0x080024fc                EXTI0_IRQHandler
                0x080024fc                I2C2_EV_IRQHandler
                0x080024fc                ADC1_2_IRQHandler
                0x080024fc                SPI1_IRQHandler
                0x080024fc                TAMPER_IRQHandler
                0x080024fc                TIM8_UP_IRQHandler
                0x080024fc                DMA2_Channel2_IRQHandler
                0x080024fc                DMA1_Channel4_IRQHandler
                0x080024fc                USART3_IRQHandler
                0x080024fc                RTC_IRQHandler
                0x080024fc                DMA1_Channel7_IRQHandler
                0x080024fc                CAN1_RX1_IRQHandler
                0x080024fc                UART5_IRQHandler
                0x080024fc                ADC3_IRQHandler
                0x080024fc                TIM4_IRQHandler
                0x080024fc                DMA2_Channel1_IRQHandler
                0x080024fc                I2C1_EV_IRQHandler
                0x080024fc                DMA1_Channel6_IRQHandler
                0x080024fc                UART4_IRQHandler
                0x080024fc                TIM3_IRQHandler
                0x080024fc                RCC_IRQHandler
                0x080024fc                TIM1_TRG_COM_IRQHandler
                0x080024fc                DMA1_Channel1_IRQHandler
                0x080024fc                Default_Handler
                0x080024fc                EXTI15_10_IRQHandler
                0x080024fc                TIM7_IRQHandler
                0x080024fc                TIM5_IRQHandler
                0x080024fc                EXTI9_5_IRQHandler
                0x080024fc                SPI2_IRQHandler
                0x080024fc                DMA1_Channel5_IRQHandler
                0x080024fc                EXTI4_IRQHandler
                0x080024fc                USB_LP_CAN1_RX0_IRQHandler
                0x080024fc                USB_HP_CAN1_TX_IRQHandler
                0x080024fc                DMA1_Channel3_IRQHandler
                0x080024fc                FSMC_IRQHandler
                0x080024fc                TIM1_UP_IRQHandler
                0x080024fc                WWDG_IRQHandler
                0x080024fc                TIM2_IRQHandler
                0x080024fc                TIM1_BRK_IRQHandler
                0x080024fc                EXTI1_IRQHandler
                0x080024fc                DMA2_Channel4_5_IRQHandler
                0x080024fc                USART2_IRQHandler
                0x080024fc                I2C2_ER_IRQHandler
                0x080024fc                DMA1_Channel2_IRQHandler
                0x080024fc                TIM8_BRK_IRQHandler
                0x080024fc                CAN1_SCE_IRQHandler
                0x080024fc                FLASH_IRQHandler
                0x080024fc                SPI3_IRQHandler
                0x080024fc                I2C1_ER_IRQHandler
                0x080024fc                USBWakeUp_IRQHandler
                0x080024fc                DMA2_Channel3_IRQHandler
 *fill*         0x080024fe        0x2 
 .text.__errno  0x08002500        0xc d:/gcc-arm-none-eabi-9-2019-q4-major-win32/bin/../lib/gcc/arm-none-eabi/9.2.1/../../../../arm-none-eabi/lib/thumb/v7-m/nofp\libg.a(lib_a-errno.o)
                0x08002500                __errno
 .text.__libc_init_array
                0x0800250c       0x48 d:/gcc-arm-none-eabi-9-2019-q4-major-win32/bin/../lib/gcc/arm-none-eabi/9.2.1/../../../../arm-none-eabi/lib/thumb/v7-m/nofp\libg.a(lib_a-init.o)
                0x0800250c                __libc_init_array
 .text.memset   0x08002554       0xa0 d:/gcc-arm-none-eabi-9-2019-q4-major-win32/bin/../lib/gcc/arm-none-eabi/9.2.1/../../../../arm-none-eabi/lib/thumb/v7-m/nofp\libg.a(lib_a-memset.o)
                0x08002554                memset
 .text.printf   0x080025f4       0x28 d:/gcc-arm-none-eabi-9-2019-q4-major-win32/bin/../lib/gcc/arm-none-eabi/9.2.1/../../../../arm-none-eabi/lib/thumb/v7-m/nofp\libg.a(lib_a-printf.o)
                0x080025f4                printf
 .text._vfprintf_r
                0x0800261c     0x1c18 d:/gcc-arm-none-eabi-9-2019-q4-major-win32/bin/../lib/gcc/arm-none-eabi/9.2.1/../../../../arm-none-eabi/lib/thumb/v7-m/nofp\libg.a(lib_a-vfprintf.o)
                0x0800261c                _vfprintf_r
 .text.__sbprintf
                0x08004234       0x88 d:/gcc-arm-none-eabi-9-2019-q4-major-win32/bin/../lib/gcc/arm-none-eabi/9.2.1/../../../../arm-none-eabi/lib/thumb/v7-m/nofp\libg.a(lib_a-vfprintf.o)
 .text.__swsetup_r
                0x080042bc       0xd0 d:/gcc-arm-none-eabi-9-2019-q4-major-win32/bin/../lib/gcc/arm-none-eabi/9.2.1/../../../../arm-none-eabi/lib/thumb/v7-m/nofp\libg.a(lib_a-wsetup.o)
                0x080042bc                __swsetup_r
 .text.startup.register_fini
                0x0800438c       0x14 d:/gcc-arm-none-eabi-9-2019-q4-major-win32/bin/../lib/gcc/arm-none-eabi/9.2.1/../../../../arm-none-eabi/lib/thumb/v7-m/nofp\libg.a(lib_a-__call_atexit.o)
 .text.atexit   0x080043a0        0xc d:/gcc-arm-none-eabi-9-2019-q4-major-win32/bin/../lib/gcc/arm-none-eabi/9.2.1/../../../../arm-none-eabi/lib/thumb/v7-m/nofp\libg.a(lib_a-atexit.o)
                0x080043a0                atexit
 .text.quorem   0x080043ac      0x120 d:/gcc-arm-none-eabi-9-2019-q4-major-win32/bin/../lib/gcc/arm-none-eabi/9.2.1/../../../../arm-none-eabi/lib/thumb/v7-m/nofp\libg.a(lib_a-dtoa.o)
 *fill*         0x080044cc        0x4 
 .text._dtoa_r  0x080044d0      0xe8c d:/gcc-arm-none-eabi-9-2019-q4-major-win32/bin/../lib/gcc/arm-none-eabi/9.2.1/../../../../arm-none-eabi/lib/thumb/v7-m/nofp\libg.a(lib_a-dtoa.o)
                0x080044d0                _dtoa_r
 .text.__sflush_r
                0x0800535c      0x130 d:/gcc-arm-none-eabi-9-2019-q4-major-win32/bin/../lib/gcc/arm-none-eabi/9.2.1/../../../../arm-none-eabi/lib/thumb/v7-m/nofp\libg.a(lib_a-fflush.o)
                0x0800535c                __sflush_r
 .text._fflush_r
                0x0800548c       0x5c d:/gcc-arm-none-eabi-9-2019-q4-major-win32/bin/../lib/gcc/arm-none-eabi/9.2.1/../../../../arm-none-eabi/lib/thumb/v7-m/nofp\libg.a(lib_a-fflush.o)
                0x0800548c                _fflush_r
 .text.std      0x080054e8       0x50 d:/gcc-arm-none-eabi-9-2019-q4-major-win32/bin/../lib/gcc/arm-none-eabi/9.2.1/../../../../arm-none-eabi/lib/thumb/v7-m/nofp\libg.a(lib_a-findfp.o)
 .text._cleanup_r
                0x08005538        0xc d:/gcc-arm-none-eabi-9-2019-q4-major-win32/bin/../lib/gcc/arm-none-eabi/9.2.1/../../../../arm-none-eabi/lib/thumb/v7-m/nofp\libg.a(lib_a-findfp.o)
                0x08005538                _cleanup_r
 .text.__sinit  0x08005544       0x5c d:/gcc-arm-none-eabi-9-2019-q4-major-win32/bin/../lib/gcc/arm-none-eabi/9.2.1/../../../../arm-none-eabi/lib/thumb/v7-m/nofp\libg.a(lib_a-findfp.o)
                0x08005544                __sinit
 .text.__sfp_lock_acquire
                0x080055a0        0xc d:/gcc-arm-none-eabi-9-2019-q4-major-win32/bin/../lib/gcc/arm-none-eabi/9.2.1/../../../../arm-none-eabi/lib/thumb/v7-m/nofp\libg.a(lib_a-findfp.o)
                0x080055a0                __sfp_lock_acquire
 .text.__sfp_lock_release
                0x080055ac        0xc d:/gcc-arm-none-eabi-9-2019-q4-major-win32/bin/../lib/gcc/arm-none-eabi/9.2.1/../../../../arm-none-eabi/lib/thumb/v7-m/nofp\libg.a(lib_a-findfp.o)
                0x080055ac                __sfp_lock_release
 .text.__libc_fini_array
                0x080055b8       0x2c d:/gcc-arm-none-eabi-9-2019-q4-major-win32/bin/../lib/gcc/arm-none-eabi/9.2.1/../../../../arm-none-eabi/lib/thumb/v7-m/nofp\libg.a(lib_a-fini.o)
                0x080055b8                __libc_fini_array
 .text._malloc_trim_r
                0x080055e4       0xa0 d:/gcc-arm-none-eabi-9-2019-q4-major-win32/bin/../lib/gcc/arm-none-eabi/9.2.1/../../../../arm-none-eabi/lib/thumb/v7-m/nofp\libg.a(lib_a-freer.o)
                0x080055e4                _malloc_trim_r
 .text._free_r  0x08005684      0x20c d:/gcc-arm-none-eabi-9-2019-q4-major-win32/bin/../lib/gcc/arm-none-eabi/9.2.1/../../../../arm-none-eabi/lib/thumb/v7-m/nofp\libg.a(lib_a-freer.o)
                0x08005684                _free_r
 .text._fwalk_reent
                0x08005890       0x48 d:/gcc-arm-none-eabi-9-2019-q4-major-win32/bin/../lib/gcc/arm-none-eabi/9.2.1/../../../../arm-none-eabi/lib/thumb/v7-m/nofp\libg.a(lib_a-fwalk.o)
                0x08005890                _fwalk_reent
 .text._localeconv_r
                0x080058d8        0x8 d:/gcc-arm-none-eabi-9-2019-q4-major-win32/bin/../lib/gcc/arm-none-eabi/9.2.1/../../../../arm-none-eabi/lib/thumb/v7-m/nofp\libg.a(lib_a-localeconv.o)
                0x080058d8                _localeconv_r
 .text.__retarget_lock_init_recursive
                0x080058e0        0x4 d:/gcc-arm-none-eabi-9-2019-q4-major-win32/bin/../lib/gcc/arm-none-eabi/9.2.1/../../../../arm-none-eabi/lib/thumb/v7-m/nofp\libg.a(lib_a-lock.o)
                0x080058e0                __retarget_lock_init_recursive
 .text.__retarget_lock_close_recursive
                0x080058e4        0x4 d:/gcc-arm-none-eabi-9-2019-q4-major-win32/bin/../lib/gcc/arm-none-eabi/9.2.1/../../../../arm-none-eabi/lib/thumb/v7-m/nofp\libg.a(lib_a-lock.o)
                0x080058e4                __retarget_lock_close_recursive
 .text.__retarget_lock_acquire_recursive
                0x080058e8        0x4 d:/gcc-arm-none-eabi-9-2019-q4-major-win32/bin/../lib/gcc/arm-none-eabi/9.2.1/../../../../arm-none-eabi/lib/thumb/v7-m/nofp\libg.a(lib_a-lock.o)
                0x080058e8                __retarget_lock_acquire_recursive
 .text.__retarget_lock_release_recursive
                0x080058ec        0x4 d:/gcc-arm-none-eabi-9-2019-q4-major-win32/bin/../lib/gcc/arm-none-eabi/9.2.1/../../../../arm-none-eabi/lib/thumb/v7-m/nofp\libg.a(lib_a-lock.o)
                0x080058ec                __retarget_lock_release_recursive
 .text.__swhatbuf_r
                0x080058f0       0x5c d:/gcc-arm-none-eabi-9-2019-q4-major-win32/bin/../lib/gcc/arm-none-eabi/9.2.1/../../../../arm-none-eabi/lib/thumb/v7-m/nofp\libg.a(lib_a-makebuf.o)
                0x080058f0                __swhatbuf_r
 .text.__smakebuf_r
                0x0800594c       0x94 d:/gcc-arm-none-eabi-9-2019-q4-major-win32/bin/../lib/gcc/arm-none-eabi/9.2.1/../../../../arm-none-eabi/lib/thumb/v7-m/nofp\libg.a(lib_a-makebuf.o)
                0x0800594c                __smakebuf_r
 .text._malloc_r
                0x080059e0      0x55c d:/gcc-arm-none-eabi-9-2019-q4-major-win32/bin/../lib/gcc/arm-none-eabi/9.2.1/../../../../arm-none-eabi/lib/thumb/v7-m/nofp\libg.a(lib_a-mallocr.o)
                0x080059e0                _malloc_r
 .text.memchr   0x08005f3c       0x80 d:/gcc-arm-none-eabi-9-2019-q4-major-win32/bin/../lib/gcc/arm-none-eabi/9.2.1/../../../../arm-none-eabi/lib/thumb/v7-m/nofp\libg.a(lib_a-memchr-stub.o)
                0x08005f3c                memchr
 .text.__malloc_lock
                0x08005fbc        0xc d:/gcc-arm-none-eabi-9-2019-q4-major-win32/bin/../lib/gcc/arm-none-eabi/9.2.1/../../../../arm-none-eabi/lib/thumb/v7-m/nofp\libg.a(lib_a-mlock.o)
                0x08005fbc                __malloc_lock
 .text.__malloc_unlock
                0x08005fc8        0xc d:/gcc-arm-none-eabi-9-2019-q4-major-win32/bin/../lib/gcc/arm-none-eabi/9.2.1/../../../../arm-none-eabi/lib/thumb/v7-m/nofp\libg.a(lib_a-mlock.o)
                0x08005fc8                __malloc_unlock
 .text._Balloc  0x08005fd4       0x4c d:/gcc-arm-none-eabi-9-2019-q4-major-win32/bin/../lib/gcc/arm-none-eabi/9.2.1/../../../../arm-none-eabi/lib/thumb/v7-m/nofp\libg.a(lib_a-mprec.o)
                0x08005fd4                _Balloc
 .text._Bfree   0x08006020       0x14 d:/gcc-arm-none-eabi-9-2019-q4-major-win32/bin/../lib/gcc/arm-none-eabi/9.2.1/../../../../arm-none-eabi/lib/thumb/v7-m/nofp\libg.a(lib_a-mprec.o)
                0x08006020                _Bfree
 .text.__multadd
                0x08006034       0x7c d:/gcc-arm-none-eabi-9-2019-q4-major-win32/bin/../lib/gcc/arm-none-eabi/9.2.1/../../../../arm-none-eabi/lib/thumb/v7-m/nofp\libg.a(lib_a-mprec.o)
                0x08006034                __multadd
 .text.__hi0bits
                0x080060b0       0x40 d:/gcc-arm-none-eabi-9-2019-q4-major-win32/bin/../lib/gcc/arm-none-eabi/9.2.1/../../../../arm-none-eabi/lib/thumb/v7-m/nofp\libg.a(lib_a-mprec.o)
                0x080060b0                __hi0bits
 .text.__lo0bits
                0x080060f0       0x60 d:/gcc-arm-none-eabi-9-2019-q4-major-win32/bin/../lib/gcc/arm-none-eabi/9.2.1/../../../../arm-none-eabi/lib/thumb/v7-m/nofp\libg.a(lib_a-mprec.o)
                0x080060f0                __lo0bits
 .text.__i2b    0x08006150       0x14 d:/gcc-arm-none-eabi-9-2019-q4-major-win32/bin/../lib/gcc/arm-none-eabi/9.2.1/../../../../arm-none-eabi/lib/thumb/v7-m/nofp\libg.a(lib_a-mprec.o)
                0x08006150                __i2b
 .text.__multiply
                0x08006164      0x144 d:/gcc-arm-none-eabi-9-2019-q4-major-win32/bin/../lib/gcc/arm-none-eabi/9.2.1/../../../../arm-none-eabi/lib/thumb/v7-m/nofp\libg.a(lib_a-mprec.o)
                0x08006164                __multiply
 .text.__pow5mult
                0x080062a8       0xa0 d:/gcc-arm-none-eabi-9-2019-q4-major-win32/bin/../lib/gcc/arm-none-eabi/9.2.1/../../../../arm-none-eabi/lib/thumb/v7-m/nofp\libg.a(lib_a-mprec.o)
                0x080062a8                __pow5mult
 .text.__lshift
                0x08006348       0xd0 d:/gcc-arm-none-eabi-9-2019-q4-major-win32/bin/../lib/gcc/arm-none-eabi/9.2.1/../../../../arm-none-eabi/lib/thumb/v7-m/nofp\libg.a(lib_a-mprec.o)
                0x08006348                __lshift
 .text.__mcmp   0x08006418       0x3c d:/gcc-arm-none-eabi-9-2019-q4-major-win32/bin/../lib/gcc/arm-none-eabi/9.2.1/../../../../arm-none-eabi/lib/thumb/v7-m/nofp\libg.a(lib_a-mprec.o)
                0x08006418                __mcmp
 .text.__mdiff  0x08006454      0x138 d:/gcc-arm-none-eabi-9-2019-q4-major-win32/bin/../lib/gcc/arm-none-eabi/9.2.1/../../../../arm-none-eabi/lib/thumb/v7-m/nofp\libg.a(lib_a-mprec.o)
                0x08006454                __mdiff
 .text.__d2b    0x0800658c       0xa8 d:/gcc-arm-none-eabi-9-2019-q4-major-win32/bin/../lib/gcc/arm-none-eabi/9.2.1/../../../../arm-none-eabi/lib/thumb/v7-m/nofp\libg.a(lib_a-mprec.o)
                0x0800658c                __d2b
 .text.frexp    0x08006634       0x70 d:/gcc-arm-none-eabi-9-2019-q4-major-win32/bin/../lib/gcc/arm-none-eabi/9.2.1/../../../../arm-none-eabi/lib/thumb/v7-m/nofp\libg.a(lib_a-s_frexp.o)
                0x08006634                frexp
 .text._sbrk_r  0x080066a4       0x24 d:/gcc-arm-none-eabi-9-2019-q4-major-win32/bin/../lib/gcc/arm-none-eabi/9.2.1/../../../../arm-none-eabi/lib/thumb/v7-m/nofp\libg.a(lib_a-sbrkr.o)
                0x080066a4                _sbrk_r
 .text.__sread  0x080066c8       0x24 d:/gcc-arm-none-eabi-9-2019-q4-major-win32/bin/../lib/gcc/arm-none-eabi/9.2.1/../../../../arm-none-eabi/lib/thumb/v7-m/nofp\libg.a(lib_a-stdio.o)
                0x080066c8                __sread
 .text.__swrite
                0x080066ec       0x40 d:/gcc-arm-none-eabi-9-2019-q4-major-win32/bin/../lib/gcc/arm-none-eabi/9.2.1/../../../../arm-none-eabi/lib/thumb/v7-m/nofp\libg.a(lib_a-stdio.o)
                0x080066ec                __swrite
 .text.__sseek  0x0800672c       0x20 d:/gcc-arm-none-eabi-9-2019-q4-major-win32/bin/../lib/gcc/arm-none-eabi/9.2.1/../../../../arm-none-eabi/lib/thumb/v7-m/nofp\libg.a(lib_a-stdio.o)
                0x0800672c                __sseek
 .text.__sclose
                0x0800674c        0x8 d:/gcc-arm-none-eabi-9-2019-q4-major-win32/bin/../lib/gcc/arm-none-eabi/9.2.1/../../../../arm-none-eabi/lib/thumb/v7-m/nofp\libg.a(lib_a-stdio.o)
                0x0800674c                __sclose
 .text.strlen   0x08006754       0x5c d:/gcc-arm-none-eabi-9-2019-q4-major-win32/bin/../lib/gcc/arm-none-eabi/9.2.1/../../../../arm-none-eabi/lib/thumb/v7-m/nofp\libg.a(lib_a-strlen-stub.o)
                0x08006754                strlen
 .text.strncpy  0x080067b0       0x68 d:/gcc-arm-none-eabi-9-2019-q4-major-win32/bin/../lib/gcc/arm-none-eabi/9.2.1/../../../../arm-none-eabi/lib/thumb/v7-m/nofp\libg.a(lib_a-strncpy.o)
                0x080067b0                strncpy
 .text.__sprint_r.part.0
                0x08006818       0x78 d:/gcc-arm-none-eabi-9-2019-q4-major-win32/bin/../lib/gcc/arm-none-eabi/9.2.1/../../../../arm-none-eabi/lib/thumb/v7-m/nofp\libg.a(lib_a-vfiprintf.o)
 .text.__sprint_r
                0x08006890       0x14 d:/gcc-arm-none-eabi-9-2019-q4-major-win32/bin/../lib/gcc/arm-none-eabi/9.2.1/../../../../arm-none-eabi/lib/thumb/v7-m/nofp\libg.a(lib_a-vfiprintf.o)
                0x08006890                __sprint_r
 .text._write_r
                0x080068a4       0x2c d:/gcc-arm-none-eabi-9-2019-q4-major-win32/bin/../lib/gcc/arm-none-eabi/9.2.1/../../../../arm-none-eabi/lib/thumb/v7-m/nofp\libg.a(lib_a-writer.o)
                0x080068a4                _write_r
 .text.__register_exitproc
                0x080068d0       0x8c d:/gcc-arm-none-eabi-9-2019-q4-major-win32/bin/../lib/gcc/arm-none-eabi/9.2.1/../../../../arm-none-eabi/lib/thumb/v7-m/nofp\libg.a(lib_a-__atexit.o)
                0x080068d0                __register_exitproc
 .text._calloc_r
                0x0800695c       0x60 d:/gcc-arm-none-eabi-9-2019-q4-major-win32/bin/../lib/gcc/arm-none-eabi/9.2.1/../../../../arm-none-eabi/lib/thumb/v7-m/nofp\libg.a(lib_a-callocr.o)
                0x0800695c                _calloc_r
 .text._close_r
                0x080069bc       0x24 d:/gcc-arm-none-eabi-9-2019-q4-major-win32/bin/../lib/gcc/arm-none-eabi/9.2.1/../../../../arm-none-eabi/lib/thumb/v7-m/nofp\libg.a(lib_a-closer.o)
                0x080069bc                _close_r
 .text._fclose_r
                0x080069e0       0xcc d:/gcc-arm-none-eabi-9-2019-q4-major-win32/bin/../lib/gcc/arm-none-eabi/9.2.1/../../../../arm-none-eabi/lib/thumb/v7-m/nofp\libg.a(lib_a-fclose.o)
                0x080069e0                _fclose_r
 .text.__fputwc
                0x08006aac       0xa0 d:/gcc-arm-none-eabi-9-2019-q4-major-win32/bin/../lib/gcc/arm-none-eabi/9.2.1/../../../../arm-none-eabi/lib/thumb/v7-m/nofp\libg.a(lib_a-fputwc.o)
                0x08006aac                __fputwc
 .text._fputwc_r
                0x08006b4c       0x68 d:/gcc-arm-none-eabi-9-2019-q4-major-win32/bin/../lib/gcc/arm-none-eabi/9.2.1/../../../../arm-none-eabi/lib/thumb/v7-m/nofp\libg.a(lib_a-fputwc.o)
                0x08006b4c                _fputwc_r
 .text._fstat_r
                0x08006bb4       0x2c d:/gcc-arm-none-eabi-9-2019-q4-major-win32/bin/../lib/gcc/arm-none-eabi/9.2.1/../../../../arm-none-eabi/lib/thumb/v7-m/nofp\libg.a(lib_a-fstatr.o)
                0x08006bb4                _fstat_r
 .text.__sfvwrite_r
                0x08006be0      0x2ec d:/gcc-arm-none-eabi-9-2019-q4-major-win32/bin/../lib/gcc/arm-none-eabi/9.2.1/../../../../arm-none-eabi/lib/thumb/v7-m/nofp\libg.a(lib_a-fvwrite.o)
                0x08006be0                __sfvwrite_r
 .text._isatty_r
                0x08006ecc       0x24 d:/gcc-arm-none-eabi-9-2019-q4-major-win32/bin/../lib/gcc/arm-none-eabi/9.2.1/../../../../arm-none-eabi/lib/thumb/v7-m/nofp\libg.a(lib_a-isattyr.o)
                0x08006ecc                _isatty_r
 .text.__locale_mb_cur_max
                0x08006ef0        0xc d:/gcc-arm-none-eabi-9-2019-q4-major-win32/bin/../lib/gcc/arm-none-eabi/9.2.1/../../../../arm-none-eabi/lib/thumb/v7-m/nofp\libg.a(lib_a-locale.o)
                0x08006ef0                __locale_mb_cur_max
 .text._lseek_r
                0x08006efc       0x2c d:/gcc-arm-none-eabi-9-2019-q4-major-win32/bin/../lib/gcc/arm-none-eabi/9.2.1/../../../../arm-none-eabi/lib/thumb/v7-m/nofp\libg.a(lib_a-lseekr.o)
                0x08006efc                _lseek_r
 .text.__ascii_mbtowc
                0x08006f28       0x2c d:/gcc-arm-none-eabi-9-2019-q4-major-win32/bin/../lib/gcc/arm-none-eabi/9.2.1/../../../../arm-none-eabi/lib/thumb/v7-m/nofp\libg.a(lib_a-mbtowc_r.o)
                0x08006f28                __ascii_mbtowc
 .text.memmove  0x08006f54       0xd4 d:/gcc-arm-none-eabi-9-2019-q4-major-win32/bin/../lib/gcc/arm-none-eabi/9.2.1/../../../../arm-none-eabi/lib/thumb/v7-m/nofp\libg.a(lib_a-memmove.o)
                0x08006f54                memmove
 .text._read_r  0x08007028       0x2c d:/gcc-arm-none-eabi-9-2019-q4-major-win32/bin/../lib/gcc/arm-none-eabi/9.2.1/../../../../arm-none-eabi/lib/thumb/v7-m/nofp\libg.a(lib_a-readr.o)
                0x08007028                _read_r
 .text._realloc_r
                0x08007054      0x3e0 d:/gcc-arm-none-eabi-9-2019-q4-major-win32/bin/../lib/gcc/arm-none-eabi/9.2.1/../../../../arm-none-eabi/lib/thumb/v7-m/nofp\libg.a(lib_a-reallocr.o)
                0x08007054                _realloc_r
 .text.__swbuf_r
                0x08007434       0xb0 d:/gcc-arm-none-eabi-9-2019-q4-major-win32/bin/../lib/gcc/arm-none-eabi/9.2.1/../../../../arm-none-eabi/lib/thumb/v7-m/nofp\libg.a(lib_a-wbuf.o)
                0x08007434                __swbuf_r
 .text._wcrtomb_r
                0x080074e4       0x3c d:/gcc-arm-none-eabi-9-2019-q4-major-win32/bin/../lib/gcc/arm-none-eabi/9.2.1/../../../../arm-none-eabi/lib/thumb/v7-m/nofp\libg.a(lib_a-wcrtomb.o)
                0x080074e4                _wcrtomb_r
 .text.__ascii_wctomb
                0x08007520       0x1c d:/gcc-arm-none-eabi-9-2019-q4-major-win32/bin/../lib/gcc/arm-none-eabi/9.2.1/../../../../arm-none-eabi/lib/thumb/v7-m/nofp\libg.a(lib_a-wctomb_r.o)
                0x08007520                __ascii_wctomb
 *(.glue_7)
 .glue_7        0x0800753c        0x0 linker stubs
 *(.glue_7t)
 .glue_7t       0x0800753c        0x0 linker stubs
 *(.eh_frame)
 .eh_frame      0x0800753c        0x0 d:/gcc-arm-none-eabi-9-2019-q4-major-win32/bin/../lib/gcc/arm-none-eabi/9.2.1/thumb/v7-m/nofp/crtbegin.o
 *(.init)
 .init          0x0800753c        0x4 d:/gcc-arm-none-eabi-9-2019-q4-major-win32/bin/../lib/gcc/arm-none-eabi/9.2.1/thumb/v7-m/nofp/crti.o
                0x0800753c                _init
 .init          0x08007540        0x8 d:/gcc-arm-none-eabi-9-2019-q4-major-win32/bin/../lib/gcc/arm-none-eabi/9.2.1/thumb/v7-m/nofp/crtn.o
 *(.fini)
 .fini          0x08007548        0x4 d:/gcc-arm-none-eabi-9-2019-q4-major-win32/bin/../lib/gcc/arm-none-eabi/9.2.1/thumb/v7-m/nofp/crti.o
                0x08007548                _fini
 .fini          0x0800754c        0x8 d:/gcc-arm-none-eabi-9-2019-q4-major-win32/bin/../lib/gcc/arm-none-eabi/9.2.1/thumb/v7-m/nofp/crtn.o
                0x08007554                . = ALIGN (0x4)
                0x08007554                _etext = .

.vfp11_veneer   0x08007554        0x0
 .vfp11_veneer  0x08007554        0x0 linker stubs

.v4_bx          0x08007554        0x0
 .v4_bx         0x08007554        0x0 linker stubs

.iplt           0x08007554        0x0
 .iplt          0x08007554        0x0 d:/gcc-arm-none-eabi-9-2019-q4-major-win32/bin/../lib/gcc/arm-none-eabi/9.2.1/thumb/v7-m/nofp/crtbegin.o

.rodata         0x08007558      0x2c8
                0x08007558                . = ALIGN (0x4)
 *(.rodata)
 *(.rodata*)
 .rodata.main.str1.4
                0x08007558        0xe CMakeFiles/ZHANGSHUO_CAR_V1.elf.dir/Core/Src/main.c.obj
 *fill*         0x08007566        0x2 
 .rodata.AHBPrescTable
                0x08007568       0x10 CMakeFiles/ZHANGSHUO_CAR_V1.elf.dir/Core/Src/system_stm32f1xx.c.obj
                0x08007568                AHBPrescTable
 .rodata.APBPrescTable
                0x08007578        0x8 CMakeFiles/ZHANGSHUO_CAR_V1.elf.dir/Core/Src/system_stm32f1xx.c.obj
                0x08007578                APBPrescTable
 .rodata.HAL_RCC_GetSysClockFreq.str1.4
                0x08007580       0x11 CMakeFiles/ZHANGSHUO_CAR_V1.elf.dir/Drivers/STM32F1xx_HAL_Driver/Src/stm32f1xx_hal_rcc.c.obj
 *fill*         0x08007591        0x3 
 .rodata._global_impure_ptr
                0x08007594        0x4 d:/gcc-arm-none-eabi-9-2019-q4-major-win32/bin/../lib/gcc/arm-none-eabi/9.2.1/../../../../arm-none-eabi/lib/thumb/v7-m/nofp\libg.a(lib_a-impure.o)
                0x08007594                _global_impure_ptr
 .rodata._vfprintf_r.str1.4
                0x08007598       0x42 d:/gcc-arm-none-eabi-9-2019-q4-major-win32/bin/../lib/gcc/arm-none-eabi/9.2.1/../../../../arm-none-eabi/lib/thumb/v7-m/nofp\libg.a(lib_a-vfprintf.o)
 *fill*         0x080075da        0x2 
 .rodata.blanks.7360
                0x080075dc       0x10 d:/gcc-arm-none-eabi-9-2019-q4-major-win32/bin/../lib/gcc/arm-none-eabi/9.2.1/../../../../arm-none-eabi/lib/thumb/v7-m/nofp\libg.a(lib_a-vfprintf.o)
 .rodata.zeroes.7361
                0x080075ec       0x10 d:/gcc-arm-none-eabi-9-2019-q4-major-win32/bin/../lib/gcc/arm-none-eabi/9.2.1/../../../../arm-none-eabi/lib/thumb/v7-m/nofp\libg.a(lib_a-vfprintf.o)
 .rodata._dtoa_r.str1.4
                0x080075fc        0xd d:/gcc-arm-none-eabi-9-2019-q4-major-win32/bin/../lib/gcc/arm-none-eabi/9.2.1/../../../../arm-none-eabi/lib/thumb/v7-m/nofp\libg.a(lib_a-dtoa.o)
                                 0x12 (size before relaxing)
 *fill*         0x08007609        0x7 
 .rodata.__mprec_bigtens
                0x08007610       0x28 d:/gcc-arm-none-eabi-9-2019-q4-major-win32/bin/../lib/gcc/arm-none-eabi/9.2.1/../../../../arm-none-eabi/lib/thumb/v7-m/nofp\libg.a(lib_a-mprec.o)
                0x08007610                __mprec_bigtens
 .rodata.__mprec_tens
                0x08007638       0xc8 d:/gcc-arm-none-eabi-9-2019-q4-major-win32/bin/../lib/gcc/arm-none-eabi/9.2.1/../../../../arm-none-eabi/lib/thumb/v7-m/nofp\libg.a(lib_a-mprec.o)
                0x08007638                __mprec_tens
 .rodata.p05.6115
                0x08007700        0xc d:/gcc-arm-none-eabi-9-2019-q4-major-win32/bin/../lib/gcc/arm-none-eabi/9.2.1/../../../../arm-none-eabi/lib/thumb/v7-m/nofp\libg.a(lib_a-mprec.o)
 .rodata._setlocale_r.str1.4
                0x0800770c        0xa d:/gcc-arm-none-eabi-9-2019-q4-major-win32/bin/../lib/gcc/arm-none-eabi/9.2.1/../../../../arm-none-eabi/lib/thumb/v7-m/nofp\libg.a(lib_a-locale.o)
                                  0xd (size before relaxing)
 *fill*         0x08007716        0x2 
 .rodata.str1.4
                0x08007718        0x2 d:/gcc-arm-none-eabi-9-2019-q4-major-win32/bin/../lib/gcc/arm-none-eabi/9.2.1/../../../../arm-none-eabi/lib/thumb/v7-m/nofp\libg.a(lib_a-locale.o)
 *fill*         0x0800771a        0x2 
 .rodata._ctype_
                0x0800771c      0x101 d:/gcc-arm-none-eabi-9-2019-q4-major-win32/bin/../lib/gcc/arm-none-eabi/9.2.1/../../../../arm-none-eabi/lib/thumb/v7-m/nofp\libg.a(lib_a-ctype_.o)
                0x0800771c                _ctype_
                0x08007820                . = ALIGN (0x4)
 *fill*         0x0800781d        0x3 

.ARM.extab
 *(.ARM.extab* .gnu.linkonce.armextab.*)

.ARM            0x08007820        0x8
                0x08007820                __exidx_start = .
 *(.ARM.exidx*)
 .ARM.exidx     0x08007820        0x8 d:/gcc-arm-none-eabi-9-2019-q4-major-win32/bin/../lib/gcc/arm-none-eabi/9.2.1/thumb/v7-m/nofp\libgcc.a(_udivmoddi4.o)
                0x08007828                __exidx_end = .

.rel.dyn        0x08007828        0x0
 .rel.iplt      0x08007828        0x0 d:/gcc-arm-none-eabi-9-2019-q4-major-win32/bin/../lib/gcc/arm-none-eabi/9.2.1/thumb/v7-m/nofp/crtbegin.o

.preinit_array  0x08007828        0x0
                0x08007828                PROVIDE (__preinit_array_start = .)
 *(.preinit_array*)
                0x08007828                PROVIDE (__preinit_array_end = .)

.init_array     0x08007828        0x8
                0x08007828                PROVIDE (__init_array_start = .)
 *(SORT_BY_NAME(.init_array.*))
 .init_array.00000
                0x08007828        0x4 d:/gcc-arm-none-eabi-9-2019-q4-major-win32/bin/../lib/gcc/arm-none-eabi/9.2.1/../../../../arm-none-eabi/lib/thumb/v7-m/nofp\libg.a(lib_a-__call_atexit.o)
 *(.init_array*)
 .init_array    0x0800782c        0x4 d:/gcc-arm-none-eabi-9-2019-q4-major-win32/bin/../lib/gcc/arm-none-eabi/9.2.1/thumb/v7-m/nofp/crtbegin.o
                0x08007830                PROVIDE (__init_array_end = .)

.fini_array     0x08007830        0x4
                0x08007830                PROVIDE (__fini_array_start = .)
 *(SORT_BY_NAME(.fini_array.*))
 *(.fini_array*)
 .fini_array    0x08007830        0x4 d:/gcc-arm-none-eabi-9-2019-q4-major-win32/bin/../lib/gcc/arm-none-eabi/9.2.1/thumb/v7-m/nofp/crtbegin.o
                0x08007834                PROVIDE (__fini_array_end = .)
                0x08007834                _sidata = LOADADDR (.data)

.data           0x20000000      0x9b8 load address 0x08007834
                0x20000000                . = ALIGN (0x4)
                0x20000000                _sdata = .
 *(.data)
 *(.data*)
 .data.SystemCoreClock
                0x20000000        0x4 CMakeFiles/ZHANGSHUO_CAR_V1.elf.dir/Core/Src/system_stm32f1xx.c.obj
                0x20000000                SystemCoreClock
 .data.uwTickFreq
                0x20000004        0x1 CMakeFiles/ZHANGSHUO_CAR_V1.elf.dir/Drivers/STM32F1xx_HAL_Driver/Src/stm32f1xx_hal.c.obj
                0x20000004                uwTickFreq
 *fill*         0x20000005        0x3 
 .data.uwTickPrio
                0x20000008        0x4 CMakeFiles/ZHANGSHUO_CAR_V1.elf.dir/Drivers/STM32F1xx_HAL_Driver/Src/stm32f1xx_hal.c.obj
                0x20000008                uwTickPrio
 .data._impure_ptr
                0x2000000c        0x4 d:/gcc-arm-none-eabi-9-2019-q4-major-win32/bin/../lib/gcc/arm-none-eabi/9.2.1/../../../../arm-none-eabi/lib/thumb/v7-m/nofp\libg.a(lib_a-impure.o)
                0x2000000c                _impure_ptr
 .data.impure_data
                0x20000010      0x428 d:/gcc-arm-none-eabi-9-2019-q4-major-win32/bin/../lib/gcc/arm-none-eabi/9.2.1/../../../../arm-none-eabi/lib/thumb/v7-m/nofp\libg.a(lib_a-impure.o)
 .data.__atexit_recursive_mutex
                0x20000438        0x4 d:/gcc-arm-none-eabi-9-2019-q4-major-win32/bin/../lib/gcc/arm-none-eabi/9.2.1/../../../../arm-none-eabi/lib/thumb/v7-m/nofp\libg.a(lib_a-__call_atexit.o)
                0x20000438                __atexit_recursive_mutex
 .data.__malloc_av_
                0x2000043c      0x408 d:/gcc-arm-none-eabi-9-2019-q4-major-win32/bin/../lib/gcc/arm-none-eabi/9.2.1/../../../../arm-none-eabi/lib/thumb/v7-m/nofp\libg.a(lib_a-mallocr.o)
                0x2000043c                __malloc_av_
 .data.__malloc_sbrk_base
                0x20000844        0x4 d:/gcc-arm-none-eabi-9-2019-q4-major-win32/bin/../lib/gcc/arm-none-eabi/9.2.1/../../../../arm-none-eabi/lib/thumb/v7-m/nofp\libg.a(lib_a-mallocr.o)
                0x20000844                __malloc_sbrk_base
 .data.__malloc_trim_threshold
                0x20000848        0x4 d:/gcc-arm-none-eabi-9-2019-q4-major-win32/bin/../lib/gcc/arm-none-eabi/9.2.1/../../../../arm-none-eabi/lib/thumb/v7-m/nofp\libg.a(lib_a-mallocr.o)
                0x20000848                __malloc_trim_threshold
 .data.__global_locale
                0x2000084c      0x16c d:/gcc-arm-none-eabi-9-2019-q4-major-win32/bin/../lib/gcc/arm-none-eabi/9.2.1/../../../../arm-none-eabi/lib/thumb/v7-m/nofp\libg.a(lib_a-locale.o)
                0x2000084c                __global_locale
                0x200009b8                . = ALIGN (0x4)
                0x200009b8                _edata = .

.igot.plt       0x200009b8        0x0 load address 0x080081ec
 .igot.plt      0x200009b8        0x0 d:/gcc-arm-none-eabi-9-2019-q4-major-win32/bin/../lib/gcc/arm-none-eabi/9.2.1/thumb/v7-m/nofp/crtbegin.o
                0x200009b8                . = ALIGN (0x4)

.bss            0x200009b8       0xd8 load address 0x080081ec
                0x200009b8                _sbss = .
                0x200009b8                __bss_start__ = _sbss
 *(.bss)
 .bss           0x200009b8       0x1c d:/gcc-arm-none-eabi-9-2019-q4-major-win32/bin/../lib/gcc/arm-none-eabi/9.2.1/thumb/v7-m/nofp/crtbegin.o
 *(.bss*)
 .bss.data      0x200009d4       0x14 CMakeFiles/ZHANGSHUO_CAR_V1.elf.dir/Core/Src/main.c.obj
                0x200009d4                data
 .bss.heap_end.6023
                0x200009e8        0x4 CMakeFiles/ZHANGSHUO_CAR_V1.elf.dir/Core/Src/syscalls.c.obj
 .bss.huart1    0x200009ec       0x44 CMakeFiles/ZHANGSHUO_CAR_V1.elf.dir/Core/Src/usart.c.obj
                0x200009ec                huart1
 .bss.uwTick    0x20000a30        0x4 CMakeFiles/ZHANGSHUO_CAR_V1.elf.dir/Drivers/STM32F1xx_HAL_Driver/Src/stm32f1xx_hal.c.obj
                0x20000a30                uwTick
 .bss.__malloc_current_mallinfo
                0x20000a34       0x28 d:/gcc-arm-none-eabi-9-2019-q4-major-win32/bin/../lib/gcc/arm-none-eabi/9.2.1/../../../../arm-none-eabi/lib/thumb/v7-m/nofp\libg.a(lib_a-mallocr.o)
                0x20000a34                __malloc_current_mallinfo
 .bss.__malloc_max_sbrked_mem
                0x20000a5c        0x4 d:/gcc-arm-none-eabi-9-2019-q4-major-win32/bin/../lib/gcc/arm-none-eabi/9.2.1/../../../../arm-none-eabi/lib/thumb/v7-m/nofp\libg.a(lib_a-mallocr.o)
                0x20000a5c                __malloc_max_sbrked_mem
 .bss.__malloc_max_total_mem
                0x20000a60        0x4 d:/gcc-arm-none-eabi-9-2019-q4-major-win32/bin/../lib/gcc/arm-none-eabi/9.2.1/../../../../arm-none-eabi/lib/thumb/v7-m/nofp\libg.a(lib_a-mallocr.o)
                0x20000a60                __malloc_max_total_mem
 .bss.__malloc_top_pad
                0x20000a64        0x4 d:/gcc-arm-none-eabi-9-2019-q4-major-win32/bin/../lib/gcc/arm-none-eabi/9.2.1/../../../../arm-none-eabi/lib/thumb/v7-m/nofp\libg.a(lib_a-mallocr.o)
                0x20000a64                __malloc_top_pad
 *(COMMON)
 COMMON         0x20000a68       0x21 d:/gcc-arm-none-eabi-9-2019-q4-major-win32/bin/../lib/gcc/arm-none-eabi/9.2.1/../../../../arm-none-eabi/lib/thumb/v7-m/nofp\libg.a(lib_a-lock.o)
                0x20000a68                __lock___atexit_recursive_mutex
                0x20000a6c                __lock___arc4random_mutex
                0x20000a70                __lock___env_recursive_mutex
                0x20000a74                __lock___sinit_recursive_mutex
                0x20000a78                __lock___malloc_recursive_mutex
                0x20000a7c                __lock___at_quick_exit_mutex
                0x20000a80                __lock___dd_hash_mutex
                0x20000a84                __lock___tz_mutex
                0x20000a88                __lock___sfp_recursive_mutex
 *fill*         0x20000a89        0x3 
 COMMON         0x20000a8c        0x4 d:/gcc-arm-none-eabi-9-2019-q4-major-win32/bin/../lib/gcc/arm-none-eabi/9.2.1/../../../../arm-none-eabi/lib/thumb/v7-m/nofp\libg.a(lib_a-reent.o)
                0x20000a8c                errno
                0x20000a90                . = ALIGN (0x4)
                0x20000a90                _ebss = .
                0x20000a90                __bss_end__ = _ebss

._user_heap_stack
                0x20000a90      0x600 load address 0x080081ec
                0x20000a90                . = ALIGN (0x8)
                0x20000a90                PROVIDE (end = .)
                [!provide]                PROVIDE (_end = .)
                0x20000c90                . = (. + _Min_Heap_Size)
 *fill*         0x20000a90      0x200 
                0x20001090                . = (. + _Min_Stack_Size)
 *fill*         0x20000c90      0x400 
                0x20001090                . = ALIGN (0x8)

/DISCARD/
 libc.a(*)
 libm.a(*)
 libgcc.a(*)

.ARM.attributes
                0x00000000       0x29
 *(.ARM.attributes)
 .ARM.attributes
                0x00000000       0x1d d:/gcc-arm-none-eabi-9-2019-q4-major-win32/bin/../lib/gcc/arm-none-eabi/9.2.1/thumb/v7-m/nofp/crti.o
 .ARM.attributes
                0x0000001d       0x2d d:/gcc-arm-none-eabi-9-2019-q4-major-win32/bin/../lib/gcc/arm-none-eabi/9.2.1/thumb/v7-m/nofp/crtbegin.o
 .ARM.attributes
                0x0000004a       0x2d CMakeFiles/ZHANGSHUO_CAR_V1.elf.dir/Core/Src/gpio.c.obj
 .ARM.attributes
                0x00000077       0x2d CMakeFiles/ZHANGSHUO_CAR_V1.elf.dir/Core/Src/main.c.obj
 .ARM.attributes
                0x000000a4       0x2d CMakeFiles/ZHANGSHUO_CAR_V1.elf.dir/Core/Src/stm32f1xx_hal_msp.c.obj
 .ARM.attributes
                0x000000d1       0x2d CMakeFiles/ZHANGSHUO_CAR_V1.elf.dir/Core/Src/stm32f1xx_it.c.obj
 .ARM.attributes
                0x000000fe       0x2d CMakeFiles/ZHANGSHUO_CAR_V1.elf.dir/Core/Src/syscalls.c.obj
 .ARM.attributes
                0x0000012b       0x2d CMakeFiles/ZHANGSHUO_CAR_V1.elf.dir/Core/Src/system_stm32f1xx.c.obj
 .ARM.attributes
                0x00000158       0x2d CMakeFiles/ZHANGSHUO_CAR_V1.elf.dir/Core/Src/usart.c.obj
 .ARM.attributes
                0x00000185       0x2d CMakeFiles/ZHANGSHUO_CAR_V1.elf.dir/Drivers/STM32F1xx_HAL_Driver/Src/stm32f1xx_hal.c.obj
 .ARM.attributes
                0x000001b2       0x2d CMakeFiles/ZHANGSHUO_CAR_V1.elf.dir/Drivers/STM32F1xx_HAL_Driver/Src/stm32f1xx_hal_cortex.c.obj
 .ARM.attributes
                0x000001df       0x2d CMakeFiles/ZHANGSHUO_CAR_V1.elf.dir/Drivers/STM32F1xx_HAL_Driver/Src/stm32f1xx_hal_dma.c.obj
 .ARM.attributes
                0x0000020c       0x2d CMakeFiles/ZHANGSHUO_CAR_V1.elf.dir/Drivers/STM32F1xx_HAL_Driver/Src/stm32f1xx_hal_gpio.c.obj
 .ARM.attributes
                0x00000239       0x2d CMakeFiles/ZHANGSHUO_CAR_V1.elf.dir/Drivers/STM32F1xx_HAL_Driver/Src/stm32f1xx_hal_rcc.c.obj
 .ARM.attributes
                0x00000266       0x2d CMakeFiles/ZHANGSHUO_CAR_V1.elf.dir/Drivers/STM32F1xx_HAL_Driver/Src/stm32f1xx_hal_uart.c.obj
 .ARM.attributes
                0x00000293       0x21 CMakeFiles/ZHANGSHUO_CAR_V1.elf.dir/startup/startup_stm32f103xe.s.obj
 .ARM.attributes
                0x000002b4       0x2d d:/gcc-arm-none-eabi-9-2019-q4-major-win32/bin/../lib/gcc/arm-none-eabi/9.2.1/../../../../arm-none-eabi/lib/thumb/v7-m/nofp\libg.a(lib_a-errno.o)
 .ARM.attributes
                0x000002e1       0x2d d:/gcc-arm-none-eabi-9-2019-q4-major-win32/bin/../lib/gcc/arm-none-eabi/9.2.1/../../../../arm-none-eabi/lib/thumb/v7-m/nofp\libg.a(lib_a-impure.o)
 .ARM.attributes
                0x0000030e       0x2d d:/gcc-arm-none-eabi-9-2019-q4-major-win32/bin/../lib/gcc/arm-none-eabi/9.2.1/../../../../arm-none-eabi/lib/thumb/v7-m/nofp\libg.a(lib_a-init.o)
 .ARM.attributes
                0x0000033b       0x2d d:/gcc-arm-none-eabi-9-2019-q4-major-win32/bin/../lib/gcc/arm-none-eabi/9.2.1/../../../../arm-none-eabi/lib/thumb/v7-m/nofp\libg.a(lib_a-memset.o)
 .ARM.attributes
                0x00000368       0x2d d:/gcc-arm-none-eabi-9-2019-q4-major-win32/bin/../lib/gcc/arm-none-eabi/9.2.1/../../../../arm-none-eabi/lib/thumb/v7-m/nofp\libg.a(lib_a-printf.o)
 .ARM.attributes
                0x00000395       0x2d d:/gcc-arm-none-eabi-9-2019-q4-major-win32/bin/../lib/gcc/arm-none-eabi/9.2.1/../../../../arm-none-eabi/lib/thumb/v7-m/nofp\libg.a(lib_a-vfprintf.o)
 .ARM.attributes
                0x000003c2       0x2d d:/gcc-arm-none-eabi-9-2019-q4-major-win32/bin/../lib/gcc/arm-none-eabi/9.2.1/../../../../arm-none-eabi/lib/thumb/v7-m/nofp\libg.a(lib_a-wsetup.o)
 .ARM.attributes
                0x000003ef       0x2d d:/gcc-arm-none-eabi-9-2019-q4-major-win32/bin/../lib/gcc/arm-none-eabi/9.2.1/../../../../arm-none-eabi/lib/thumb/v7-m/nofp\libg.a(lib_a-__call_atexit.o)
 .ARM.attributes
                0x0000041c       0x2d d:/gcc-arm-none-eabi-9-2019-q4-major-win32/bin/../lib/gcc/arm-none-eabi/9.2.1/../../../../arm-none-eabi/lib/thumb/v7-m/nofp\libg.a(lib_a-atexit.o)
 .ARM.attributes
                0x00000449       0x2d d:/gcc-arm-none-eabi-9-2019-q4-major-win32/bin/../lib/gcc/arm-none-eabi/9.2.1/../../../../arm-none-eabi/lib/thumb/v7-m/nofp\libg.a(lib_a-dtoa.o)
 .ARM.attributes
                0x00000476       0x2d d:/gcc-arm-none-eabi-9-2019-q4-major-win32/bin/../lib/gcc/arm-none-eabi/9.2.1/../../../../arm-none-eabi/lib/thumb/v7-m/nofp\libg.a(lib_a-fflush.o)
 .ARM.attributes
                0x000004a3       0x2d d:/gcc-arm-none-eabi-9-2019-q4-major-win32/bin/../lib/gcc/arm-none-eabi/9.2.1/../../../../arm-none-eabi/lib/thumb/v7-m/nofp\libg.a(lib_a-findfp.o)
 .ARM.attributes
                0x000004d0       0x2d d:/gcc-arm-none-eabi-9-2019-q4-major-win32/bin/../lib/gcc/arm-none-eabi/9.2.1/../../../../arm-none-eabi/lib/thumb/v7-m/nofp\libg.a(lib_a-fini.o)
 .ARM.attributes
                0x000004fd       0x2d d:/gcc-arm-none-eabi-9-2019-q4-major-win32/bin/../lib/gcc/arm-none-eabi/9.2.1/../../../../arm-none-eabi/lib/thumb/v7-m/nofp\libg.a(lib_a-freer.o)
 .ARM.attributes
                0x0000052a       0x2d d:/gcc-arm-none-eabi-9-2019-q4-major-win32/bin/../lib/gcc/arm-none-eabi/9.2.1/../../../../arm-none-eabi/lib/thumb/v7-m/nofp\libg.a(lib_a-fwalk.o)
 .ARM.attributes
                0x00000557       0x2d d:/gcc-arm-none-eabi-9-2019-q4-major-win32/bin/../lib/gcc/arm-none-eabi/9.2.1/../../../../arm-none-eabi/lib/thumb/v7-m/nofp\libg.a(lib_a-localeconv.o)
 .ARM.attributes
                0x00000584       0x2d d:/gcc-arm-none-eabi-9-2019-q4-major-win32/bin/../lib/gcc/arm-none-eabi/9.2.1/../../../../arm-none-eabi/lib/thumb/v7-m/nofp\libg.a(lib_a-lock.o)
 .ARM.attributes
                0x000005b1       0x2d d:/gcc-arm-none-eabi-9-2019-q4-major-win32/bin/../lib/gcc/arm-none-eabi/9.2.1/../../../../arm-none-eabi/lib/thumb/v7-m/nofp\libg.a(lib_a-makebuf.o)
 .ARM.attributes
                0x000005de       0x2d d:/gcc-arm-none-eabi-9-2019-q4-major-win32/bin/../lib/gcc/arm-none-eabi/9.2.1/../../../../arm-none-eabi/lib/thumb/v7-m/nofp\libg.a(lib_a-mallocr.o)
 .ARM.attributes
                0x0000060b       0x2d d:/gcc-arm-none-eabi-9-2019-q4-major-win32/bin/../lib/gcc/arm-none-eabi/9.2.1/../../../../arm-none-eabi/lib/thumb/v7-m/nofp\libg.a(lib_a-memchr-stub.o)
 .ARM.attributes
                0x00000638       0x1b d:/gcc-arm-none-eabi-9-2019-q4-major-win32/bin/../lib/gcc/arm-none-eabi/9.2.1/../../../../arm-none-eabi/lib/thumb/v7-m/nofp\libg.a(lib_a-memcpy.o)
 .ARM.attributes
                0x00000653       0x2d d:/gcc-arm-none-eabi-9-2019-q4-major-win32/bin/../lib/gcc/arm-none-eabi/9.2.1/../../../../arm-none-eabi/lib/thumb/v7-m/nofp\libg.a(lib_a-mlock.o)
 .ARM.attributes
                0x00000680       0x2d d:/gcc-arm-none-eabi-9-2019-q4-major-win32/bin/../lib/gcc/arm-none-eabi/9.2.1/../../../../arm-none-eabi/lib/thumb/v7-m/nofp\libg.a(lib_a-mprec.o)
 .ARM.attributes
                0x000006ad       0x2d d:/gcc-arm-none-eabi-9-2019-q4-major-win32/bin/../lib/gcc/arm-none-eabi/9.2.1/../../../../arm-none-eabi/lib/thumb/v7-m/nofp\libg.a(lib_a-s_frexp.o)
 .ARM.attributes
                0x000006da       0x2d d:/gcc-arm-none-eabi-9-2019-q4-major-win32/bin/../lib/gcc/arm-none-eabi/9.2.1/../../../../arm-none-eabi/lib/thumb/v7-m/nofp\libg.a(lib_a-sbrkr.o)
 .ARM.attributes
                0x00000707       0x2d d:/gcc-arm-none-eabi-9-2019-q4-major-win32/bin/../lib/gcc/arm-none-eabi/9.2.1/../../../../arm-none-eabi/lib/thumb/v7-m/nofp\libg.a(lib_a-stdio.o)
 .ARM.attributes
                0x00000734       0x2d d:/gcc-arm-none-eabi-9-2019-q4-major-win32/bin/../lib/gcc/arm-none-eabi/9.2.1/../../../../arm-none-eabi/lib/thumb/v7-m/nofp\libg.a(lib_a-strlen-stub.o)
 .ARM.attributes
                0x00000761       0x2d d:/gcc-arm-none-eabi-9-2019-q4-major-win32/bin/../lib/gcc/arm-none-eabi/9.2.1/../../../../arm-none-eabi/lib/thumb/v7-m/nofp\libg.a(lib_a-strncpy.o)
 .ARM.attributes
                0x0000078e       0x2d d:/gcc-arm-none-eabi-9-2019-q4-major-win32/bin/../lib/gcc/arm-none-eabi/9.2.1/../../../../arm-none-eabi/lib/thumb/v7-m/nofp\libg.a(lib_a-vfiprintf.o)
 .ARM.attributes
                0x000007bb       0x2d d:/gcc-arm-none-eabi-9-2019-q4-major-win32/bin/../lib/gcc/arm-none-eabi/9.2.1/../../../../arm-none-eabi/lib/thumb/v7-m/nofp\libg.a(lib_a-writer.o)
 .ARM.attributes
                0x000007e8       0x2d d:/gcc-arm-none-eabi-9-2019-q4-major-win32/bin/../lib/gcc/arm-none-eabi/9.2.1/../../../../arm-none-eabi/lib/thumb/v7-m/nofp\libg.a(lib_a-__atexit.o)
 .ARM.attributes
                0x00000815       0x2d d:/gcc-arm-none-eabi-9-2019-q4-major-win32/bin/../lib/gcc/arm-none-eabi/9.2.1/../../../../arm-none-eabi/lib/thumb/v7-m/nofp\libg.a(lib_a-callocr.o)
 .ARM.attributes
                0x00000842       0x2d d:/gcc-arm-none-eabi-9-2019-q4-major-win32/bin/../lib/gcc/arm-none-eabi/9.2.1/../../../../arm-none-eabi/lib/thumb/v7-m/nofp\libg.a(lib_a-closer.o)
 .ARM.attributes
                0x0000086f       0x2d d:/gcc-arm-none-eabi-9-2019-q4-major-win32/bin/../lib/gcc/arm-none-eabi/9.2.1/../../../../arm-none-eabi/lib/thumb/v7-m/nofp\libg.a(lib_a-fclose.o)
 .ARM.attributes
                0x0000089c       0x2d d:/gcc-arm-none-eabi-9-2019-q4-major-win32/bin/../lib/gcc/arm-none-eabi/9.2.1/../../../../arm-none-eabi/lib/thumb/v7-m/nofp\libg.a(lib_a-fputwc.o)
 .ARM.attributes
                0x000008c9       0x2d d:/gcc-arm-none-eabi-9-2019-q4-major-win32/bin/../lib/gcc/arm-none-eabi/9.2.1/../../../../arm-none-eabi/lib/thumb/v7-m/nofp\libg.a(lib_a-fstatr.o)
 .ARM.attributes
                0x000008f6       0x2d d:/gcc-arm-none-eabi-9-2019-q4-major-win32/bin/../lib/gcc/arm-none-eabi/9.2.1/../../../../arm-none-eabi/lib/thumb/v7-m/nofp\libg.a(lib_a-fvwrite.o)
 .ARM.attributes
                0x00000923       0x2d d:/gcc-arm-none-eabi-9-2019-q4-major-win32/bin/../lib/gcc/arm-none-eabi/9.2.1/../../../../arm-none-eabi/lib/thumb/v7-m/nofp\libg.a(lib_a-isattyr.o)
 .ARM.attributes
                0x00000950       0x2d d:/gcc-arm-none-eabi-9-2019-q4-major-win32/bin/../lib/gcc/arm-none-eabi/9.2.1/../../../../arm-none-eabi/lib/thumb/v7-m/nofp\libg.a(lib_a-locale.o)
 .ARM.attributes
                0x0000097d       0x2d d:/gcc-arm-none-eabi-9-2019-q4-major-win32/bin/../lib/gcc/arm-none-eabi/9.2.1/../../../../arm-none-eabi/lib/thumb/v7-m/nofp\libg.a(lib_a-lseekr.o)
 .ARM.attributes
                0x000009aa       0x2d d:/gcc-arm-none-eabi-9-2019-q4-major-win32/bin/../lib/gcc/arm-none-eabi/9.2.1/../../../../arm-none-eabi/lib/thumb/v7-m/nofp\libg.a(lib_a-mbtowc_r.o)
 .ARM.attributes
                0x000009d7       0x2d d:/gcc-arm-none-eabi-9-2019-q4-major-win32/bin/../lib/gcc/arm-none-eabi/9.2.1/../../../../arm-none-eabi/lib/thumb/v7-m/nofp\libg.a(lib_a-memmove.o)
 .ARM.attributes
                0x00000a04       0x2d d:/gcc-arm-none-eabi-9-2019-q4-major-win32/bin/../lib/gcc/arm-none-eabi/9.2.1/../../../../arm-none-eabi/lib/thumb/v7-m/nofp\libg.a(lib_a-readr.o)
 .ARM.attributes
                0x00000a31       0x2d d:/gcc-arm-none-eabi-9-2019-q4-major-win32/bin/../lib/gcc/arm-none-eabi/9.2.1/../../../../arm-none-eabi/lib/thumb/v7-m/nofp\libg.a(lib_a-reallocr.o)
 .ARM.attributes
                0x00000a5e       0x2d d:/gcc-arm-none-eabi-9-2019-q4-major-win32/bin/../lib/gcc/arm-none-eabi/9.2.1/../../../../arm-none-eabi/lib/thumb/v7-m/nofp\libg.a(lib_a-reent.o)
 .ARM.attributes
                0x00000a8b       0x2d d:/gcc-arm-none-eabi-9-2019-q4-major-win32/bin/../lib/gcc/arm-none-eabi/9.2.1/../../../../arm-none-eabi/lib/thumb/v7-m/nofp\libg.a(lib_a-wbuf.o)
 .ARM.attributes
                0x00000ab8       0x2d d:/gcc-arm-none-eabi-9-2019-q4-major-win32/bin/../lib/gcc/arm-none-eabi/9.2.1/../../../../arm-none-eabi/lib/thumb/v7-m/nofp\libg.a(lib_a-wcrtomb.o)
 .ARM.attributes
                0x00000ae5       0x2d d:/gcc-arm-none-eabi-9-2019-q4-major-win32/bin/../lib/gcc/arm-none-eabi/9.2.1/../../../../arm-none-eabi/lib/thumb/v7-m/nofp\libg.a(lib_a-wctomb_r.o)
 .ARM.attributes
                0x00000b12       0x2d d:/gcc-arm-none-eabi-9-2019-q4-major-win32/bin/../lib/gcc/arm-none-eabi/9.2.1/../../../../arm-none-eabi/lib/thumb/v7-m/nofp\libg.a(lib_a-ctype_.o)
 .ARM.attributes
                0x00000b3f       0x1d d:/gcc-arm-none-eabi-9-2019-q4-major-win32/bin/../lib/gcc/arm-none-eabi/9.2.1/thumb/v7-m/nofp\libgcc.a(_arm_addsubdf3.o)
 .ARM.attributes
                0x00000b5c       0x1d d:/gcc-arm-none-eabi-9-2019-q4-major-win32/bin/../lib/gcc/arm-none-eabi/9.2.1/thumb/v7-m/nofp\libgcc.a(_arm_muldivdf3.o)
 .ARM.attributes
                0x00000b79       0x1d d:/gcc-arm-none-eabi-9-2019-q4-major-win32/bin/../lib/gcc/arm-none-eabi/9.2.1/thumb/v7-m/nofp\libgcc.a(_arm_cmpdf2.o)
 .ARM.attributes
                0x00000b96       0x1d d:/gcc-arm-none-eabi-9-2019-q4-major-win32/bin/../lib/gcc/arm-none-eabi/9.2.1/thumb/v7-m/nofp\libgcc.a(_arm_unorddf2.o)
 .ARM.attributes
                0x00000bb3       0x1d d:/gcc-arm-none-eabi-9-2019-q4-major-win32/bin/../lib/gcc/arm-none-eabi/9.2.1/thumb/v7-m/nofp\libgcc.a(_arm_fixdfsi.o)
 .ARM.attributes
                0x00000bd0       0x1d d:/gcc-arm-none-eabi-9-2019-q4-major-win32/bin/../lib/gcc/arm-none-eabi/9.2.1/thumb/v7-m/nofp\libgcc.a(_aeabi_uldivmod.o)
 .ARM.attributes
                0x00000bed       0x2d d:/gcc-arm-none-eabi-9-2019-q4-major-win32/bin/../lib/gcc/arm-none-eabi/9.2.1/thumb/v7-m/nofp\libgcc.a(_udivmoddi4.o)
 .ARM.attributes
                0x00000c1a       0x1d d:/gcc-arm-none-eabi-9-2019-q4-major-win32/bin/../lib/gcc/arm-none-eabi/9.2.1/thumb/v7-m/nofp\libgcc.a(_dvmd_tls.o)
 .ARM.attributes
                0x00000c37       0x1d d:/gcc-arm-none-eabi-9-2019-q4-major-win32/bin/../lib/gcc/arm-none-eabi/9.2.1/thumb/v7-m/nofp/crtn.o
OUTPUT(ZHANGSHUO_CAR_V1.elf elf32-littlearm)

.debug_info     0x00000000     0x8f90
 .debug_info    0x00000000      0x43a CMakeFiles/ZHANGSHUO_CAR_V1.elf.dir/Core/Src/gpio.c.obj
 .debug_info    0x0000043a     0x1261 CMakeFiles/ZHANGSHUO_CAR_V1.elf.dir/Core/Src/main.c.obj
 .debug_info    0x0000169b      0x2fd CMakeFiles/ZHANGSHUO_CAR_V1.elf.dir/Core/Src/stm32f1xx_hal_msp.c.obj
 .debug_info    0x00001998      0x6f2 CMakeFiles/ZHANGSHUO_CAR_V1.elf.dir/Core/Src/stm32f1xx_it.c.obj
 .debug_info    0x0000208a     0x112a CMakeFiles/ZHANGSHUO_CAR_V1.elf.dir/Core/Src/syscalls.c.obj
 .debug_info    0x000031b4      0x2c9 CMakeFiles/ZHANGSHUO_CAR_V1.elf.dir/Core/Src/system_stm32f1xx.c.obj
 .debug_info    0x0000347d      0xb17 CMakeFiles/ZHANGSHUO_CAR_V1.elf.dir/Core/Src/usart.c.obj
 .debug_info    0x00003f94      0x897 CMakeFiles/ZHANGSHUO_CAR_V1.elf.dir/Drivers/STM32F1xx_HAL_Driver/Src/stm32f1xx_hal.c.obj
 .debug_info    0x0000482b      0xeac CMakeFiles/ZHANGSHUO_CAR_V1.elf.dir/Drivers/STM32F1xx_HAL_Driver/Src/stm32f1xx_hal_cortex.c.obj
 .debug_info    0x000056d7      0x932 CMakeFiles/ZHANGSHUO_CAR_V1.elf.dir/Drivers/STM32F1xx_HAL_Driver/Src/stm32f1xx_hal_dma.c.obj
 .debug_info    0x00006009      0x75b CMakeFiles/ZHANGSHUO_CAR_V1.elf.dir/Drivers/STM32F1xx_HAL_Driver/Src/stm32f1xx_hal_gpio.c.obj
 .debug_info    0x00006764      0xaab CMakeFiles/ZHANGSHUO_CAR_V1.elf.dir/Drivers/STM32F1xx_HAL_Driver/Src/stm32f1xx_hal_rcc.c.obj
 .debug_info    0x0000720f     0x1d5f CMakeFiles/ZHANGSHUO_CAR_V1.elf.dir/Drivers/STM32F1xx_HAL_Driver/Src/stm32f1xx_hal_uart.c.obj
 .debug_info    0x00008f6e       0x22 CMakeFiles/ZHANGSHUO_CAR_V1.elf.dir/startup/startup_stm32f103xe.s.obj

.debug_abbrev   0x00000000     0x1ca0
 .debug_abbrev  0x00000000      0x17b CMakeFiles/ZHANGSHUO_CAR_V1.elf.dir/Core/Src/gpio.c.obj
 .debug_abbrev  0x0000017b      0x2eb CMakeFiles/ZHANGSHUO_CAR_V1.elf.dir/Core/Src/main.c.obj
 .debug_abbrev  0x00000466      0x12e CMakeFiles/ZHANGSHUO_CAR_V1.elf.dir/Core/Src/stm32f1xx_hal_msp.c.obj
 .debug_abbrev  0x00000594      0x180 CMakeFiles/ZHANGSHUO_CAR_V1.elf.dir/Core/Src/stm32f1xx_it.c.obj
 .debug_abbrev  0x00000714      0x31e CMakeFiles/ZHANGSHUO_CAR_V1.elf.dir/Core/Src/syscalls.c.obj
 .debug_abbrev  0x00000a32      0x151 CMakeFiles/ZHANGSHUO_CAR_V1.elf.dir/Core/Src/system_stm32f1xx.c.obj
 .debug_abbrev  0x00000b83      0x1f6 CMakeFiles/ZHANGSHUO_CAR_V1.elf.dir/Core/Src/usart.c.obj
 .debug_abbrev  0x00000d79      0x219 CMakeFiles/ZHANGSHUO_CAR_V1.elf.dir/Drivers/STM32F1xx_HAL_Driver/Src/stm32f1xx_hal.c.obj
 .debug_abbrev  0x00000f92      0x367 CMakeFiles/ZHANGSHUO_CAR_V1.elf.dir/Drivers/STM32F1xx_HAL_Driver/Src/stm32f1xx_hal_cortex.c.obj
 .debug_abbrev  0x000012f9      0x262 CMakeFiles/ZHANGSHUO_CAR_V1.elf.dir/Drivers/STM32F1xx_HAL_Driver/Src/stm32f1xx_hal_dma.c.obj
 .debug_abbrev  0x0000155b      0x213 CMakeFiles/ZHANGSHUO_CAR_V1.elf.dir/Drivers/STM32F1xx_HAL_Driver/Src/stm32f1xx_hal_gpio.c.obj
 .debug_abbrev  0x0000176e      0x28d CMakeFiles/ZHANGSHUO_CAR_V1.elf.dir/Drivers/STM32F1xx_HAL_Driver/Src/stm32f1xx_hal_rcc.c.obj
 .debug_abbrev  0x000019fb      0x293 CMakeFiles/ZHANGSHUO_CAR_V1.elf.dir/Drivers/STM32F1xx_HAL_Driver/Src/stm32f1xx_hal_uart.c.obj
 .debug_abbrev  0x00001c8e       0x12 CMakeFiles/ZHANGSHUO_CAR_V1.elf.dir/startup/startup_stm32f103xe.s.obj

.debug_aranges  0x00000000      0x6f0
 .debug_aranges
                0x00000000       0x20 CMakeFiles/ZHANGSHUO_CAR_V1.elf.dir/Core/Src/gpio.c.obj
 .debug_aranges
                0x00000020       0x40 CMakeFiles/ZHANGSHUO_CAR_V1.elf.dir/Core/Src/main.c.obj
 .debug_aranges
                0x00000060       0x20 CMakeFiles/ZHANGSHUO_CAR_V1.elf.dir/Core/Src/stm32f1xx_hal_msp.c.obj
 .debug_aranges
                0x00000080       0x68 CMakeFiles/ZHANGSHUO_CAR_V1.elf.dir/Core/Src/stm32f1xx_it.c.obj
 .debug_aranges
                0x000000e8       0xb0 CMakeFiles/ZHANGSHUO_CAR_V1.elf.dir/Core/Src/syscalls.c.obj
 .debug_aranges
                0x00000198       0x28 CMakeFiles/ZHANGSHUO_CAR_V1.elf.dir/Core/Src/system_stm32f1xx.c.obj
 .debug_aranges
                0x000001c0       0x30 CMakeFiles/ZHANGSHUO_CAR_V1.elf.dir/Core/Src/usart.c.obj
 .debug_aranges
                0x000001f0       0xe0 CMakeFiles/ZHANGSHUO_CAR_V1.elf.dir/Drivers/STM32F1xx_HAL_Driver/Src/stm32f1xx_hal.c.obj
 .debug_aranges
                0x000002d0       0x90 CMakeFiles/ZHANGSHUO_CAR_V1.elf.dir/Drivers/STM32F1xx_HAL_Driver/Src/stm32f1xx_hal_cortex.c.obj
 .debug_aranges
                0x00000360       0x80 CMakeFiles/ZHANGSHUO_CAR_V1.elf.dir/Drivers/STM32F1xx_HAL_Driver/Src/stm32f1xx_hal_dma.c.obj
 .debug_aranges
                0x000003e0       0x58 CMakeFiles/ZHANGSHUO_CAR_V1.elf.dir/Drivers/STM32F1xx_HAL_Driver/Src/stm32f1xx_hal_gpio.c.obj
 .debug_aranges
                0x00000438       0x90 CMakeFiles/ZHANGSHUO_CAR_V1.elf.dir/Drivers/STM32F1xx_HAL_Driver/Src/stm32f1xx_hal_rcc.c.obj
 .debug_aranges
                0x000004c8      0x200 CMakeFiles/ZHANGSHUO_CAR_V1.elf.dir/Drivers/STM32F1xx_HAL_Driver/Src/stm32f1xx_hal_uart.c.obj
 .debug_aranges
                0x000006c8       0x28 CMakeFiles/ZHANGSHUO_CAR_V1.elf.dir/startup/startup_stm32f103xe.s.obj

.debug_ranges   0x00000000      0x698
 .debug_ranges  0x00000000       0x10 CMakeFiles/ZHANGSHUO_CAR_V1.elf.dir/Core/Src/gpio.c.obj
 .debug_ranges  0x00000010       0x30 CMakeFiles/ZHANGSHUO_CAR_V1.elf.dir/Core/Src/main.c.obj
 .debug_ranges  0x00000040       0x10 CMakeFiles/ZHANGSHUO_CAR_V1.elf.dir/Core/Src/stm32f1xx_hal_msp.c.obj
 .debug_ranges  0x00000050       0x58 CMakeFiles/ZHANGSHUO_CAR_V1.elf.dir/Core/Src/stm32f1xx_it.c.obj
 .debug_ranges  0x000000a8       0xa0 CMakeFiles/ZHANGSHUO_CAR_V1.elf.dir/Core/Src/syscalls.c.obj
 .debug_ranges  0x00000148       0x18 CMakeFiles/ZHANGSHUO_CAR_V1.elf.dir/Core/Src/system_stm32f1xx.c.obj
 .debug_ranges  0x00000160       0x20 CMakeFiles/ZHANGSHUO_CAR_V1.elf.dir/Core/Src/usart.c.obj
 .debug_ranges  0x00000180       0xd0 CMakeFiles/ZHANGSHUO_CAR_V1.elf.dir/Drivers/STM32F1xx_HAL_Driver/Src/stm32f1xx_hal.c.obj
 .debug_ranges  0x00000250       0xe0 CMakeFiles/ZHANGSHUO_CAR_V1.elf.dir/Drivers/STM32F1xx_HAL_Driver/Src/stm32f1xx_hal_cortex.c.obj
 .debug_ranges  0x00000330       0x70 CMakeFiles/ZHANGSHUO_CAR_V1.elf.dir/Drivers/STM32F1xx_HAL_Driver/Src/stm32f1xx_hal_dma.c.obj
 .debug_ranges  0x000003a0       0x48 CMakeFiles/ZHANGSHUO_CAR_V1.elf.dir/Drivers/STM32F1xx_HAL_Driver/Src/stm32f1xx_hal_gpio.c.obj
 .debug_ranges  0x000003e8       0xa0 CMakeFiles/ZHANGSHUO_CAR_V1.elf.dir/Drivers/STM32F1xx_HAL_Driver/Src/stm32f1xx_hal_rcc.c.obj
 .debug_ranges  0x00000488      0x1f0 CMakeFiles/ZHANGSHUO_CAR_V1.elf.dir/Drivers/STM32F1xx_HAL_Driver/Src/stm32f1xx_hal_uart.c.obj
 .debug_ranges  0x00000678       0x20 CMakeFiles/ZHANGSHUO_CAR_V1.elf.dir/startup/startup_stm32f103xe.s.obj

.debug_line     0x00000000     0x69ae
 .debug_line    0x00000000      0x2bb CMakeFiles/ZHANGSHUO_CAR_V1.elf.dir/Core/Src/gpio.c.obj
 .debug_line    0x000002bb      0x507 CMakeFiles/ZHANGSHUO_CAR_V1.elf.dir/Core/Src/main.c.obj
 .debug_line    0x000007c2      0x25f CMakeFiles/ZHANGSHUO_CAR_V1.elf.dir/Core/Src/stm32f1xx_hal_msp.c.obj
 .debug_line    0x00000a21      0x39a CMakeFiles/ZHANGSHUO_CAR_V1.elf.dir/Core/Src/stm32f1xx_it.c.obj
 .debug_line    0x00000dbb      0x521 CMakeFiles/ZHANGSHUO_CAR_V1.elf.dir/Core/Src/syscalls.c.obj
 .debug_line    0x000012dc      0x312 CMakeFiles/ZHANGSHUO_CAR_V1.elf.dir/Core/Src/system_stm32f1xx.c.obj
 .debug_line    0x000015ee      0x3f7 CMakeFiles/ZHANGSHUO_CAR_V1.elf.dir/Core/Src/usart.c.obj
 .debug_line    0x000019e5      0x5a2 CMakeFiles/ZHANGSHUO_CAR_V1.elf.dir/Drivers/STM32F1xx_HAL_Driver/Src/stm32f1xx_hal.c.obj
 .debug_line    0x00001f87      0x6f8 CMakeFiles/ZHANGSHUO_CAR_V1.elf.dir/Drivers/STM32F1xx_HAL_Driver/Src/stm32f1xx_hal_cortex.c.obj
 .debug_line    0x0000267f      0xdaf CMakeFiles/ZHANGSHUO_CAR_V1.elf.dir/Drivers/STM32F1xx_HAL_Driver/Src/stm32f1xx_hal_dma.c.obj
 .debug_line    0x0000342e      0x6b5 CMakeFiles/ZHANGSHUO_CAR_V1.elf.dir/Drivers/STM32F1xx_HAL_Driver/Src/stm32f1xx_hal_gpio.c.obj
 .debug_line    0x00003ae3      0xcbf CMakeFiles/ZHANGSHUO_CAR_V1.elf.dir/Drivers/STM32F1xx_HAL_Driver/Src/stm32f1xx_hal_rcc.c.obj
 .debug_line    0x000047a2     0x2167 CMakeFiles/ZHANGSHUO_CAR_V1.elf.dir/Drivers/STM32F1xx_HAL_Driver/Src/stm32f1xx_hal_uart.c.obj
 .debug_line    0x00006909       0xa5 CMakeFiles/ZHANGSHUO_CAR_V1.elf.dir/startup/startup_stm32f103xe.s.obj

.debug_str      0x00000000     0x27e7
 .debug_str     0x00000000      0x36a CMakeFiles/ZHANGSHUO_CAR_V1.elf.dir/Core/Src/gpio.c.obj
                                0x3c5 (size before relaxing)
 .debug_str     0x0000036a      0x95d CMakeFiles/ZHANGSHUO_CAR_V1.elf.dir/Core/Src/main.c.obj
                                0xca3 (size before relaxing)
 .debug_str     0x00000cc7       0x7f CMakeFiles/ZHANGSHUO_CAR_V1.elf.dir/Core/Src/stm32f1xx_hal_msp.c.obj
                                0x367 (size before relaxing)
 .debug_str     0x00000d46      0x102 CMakeFiles/ZHANGSHUO_CAR_V1.elf.dir/Core/Src/stm32f1xx_it.c.obj
                                0x76b (size before relaxing)
 .debug_str     0x00000e48      0x283 CMakeFiles/ZHANGSHUO_CAR_V1.elf.dir/Core/Src/syscalls.c.obj
                                0x891 (size before relaxing)
 .debug_str     0x000010cb       0x77 CMakeFiles/ZHANGSHUO_CAR_V1.elf.dir/Core/Src/system_stm32f1xx.c.obj
                                0x35e (size before relaxing)
 .debug_str     0x00001142      0x47b CMakeFiles/ZHANGSHUO_CAR_V1.elf.dir/Core/Src/usart.c.obj
                                0xbc3 (size before relaxing)
 .debug_str     0x000015bd      0x2a3 CMakeFiles/ZHANGSHUO_CAR_V1.elf.dir/Drivers/STM32F1xx_HAL_Driver/Src/stm32f1xx_hal.c.obj
                                0x9bf (size before relaxing)
 .debug_str     0x00001860      0x3b9 CMakeFiles/ZHANGSHUO_CAR_V1.elf.dir/Drivers/STM32F1xx_HAL_Driver/Src/stm32f1xx_hal_cortex.c.obj
                                0xadb (size before relaxing)
 .debug_str     0x00001c19      0x269 CMakeFiles/ZHANGSHUO_CAR_V1.elf.dir/Drivers/STM32F1xx_HAL_Driver/Src/stm32f1xx_hal_dma.c.obj
                                0x745 (size before relaxing)
 .debug_str     0x00001e82      0x13a CMakeFiles/ZHANGSHUO_CAR_V1.elf.dir/Drivers/STM32F1xx_HAL_Driver/Src/stm32f1xx_hal_gpio.c.obj
                                0x548 (size before relaxing)
 .debug_str     0x00001fbc      0x219 CMakeFiles/ZHANGSHUO_CAR_V1.elf.dir/Drivers/STM32F1xx_HAL_Driver/Src/stm32f1xx_hal_rcc.c.obj
                                0x72a (size before relaxing)
 .debug_str     0x000021d5      0x5be CMakeFiles/ZHANGSHUO_CAR_V1.elf.dir/Drivers/STM32F1xx_HAL_Driver/Src/stm32f1xx_hal_uart.c.obj
                                0xdc4 (size before relaxing)
 .debug_str     0x00002793       0x54 CMakeFiles/ZHANGSHUO_CAR_V1.elf.dir/startup/startup_stm32f103xe.s.obj
                                 0x8e (size before relaxing)

.comment        0x00000000       0x79
 .comment       0x00000000       0x79 CMakeFiles/ZHANGSHUO_CAR_V1.elf.dir/Core/Src/gpio.c.obj
                                 0x7a (size before relaxing)
 .comment       0x00000079       0x7a CMakeFiles/ZHANGSHUO_CAR_V1.elf.dir/Core/Src/main.c.obj
 .comment       0x00000079       0x7a CMakeFiles/ZHANGSHUO_CAR_V1.elf.dir/Core/Src/stm32f1xx_hal_msp.c.obj
 .comment       0x00000079       0x7a CMakeFiles/ZHANGSHUO_CAR_V1.elf.dir/Core/Src/stm32f1xx_it.c.obj
 .comment       0x00000079       0x7a CMakeFiles/ZHANGSHUO_CAR_V1.elf.dir/Core/Src/syscalls.c.obj
 .comment       0x00000079       0x7a CMakeFiles/ZHANGSHUO_CAR_V1.elf.dir/Core/Src/system_stm32f1xx.c.obj
 .comment       0x00000079       0x7a CMakeFiles/ZHANGSHUO_CAR_V1.elf.dir/Core/Src/usart.c.obj
 .comment       0x00000079       0x7a CMakeFiles/ZHANGSHUO_CAR_V1.elf.dir/Drivers/STM32F1xx_HAL_Driver/Src/stm32f1xx_hal.c.obj
 .comment       0x00000079       0x7a CMakeFiles/ZHANGSHUO_CAR_V1.elf.dir/Drivers/STM32F1xx_HAL_Driver/Src/stm32f1xx_hal_cortex.c.obj
 .comment       0x00000079       0x7a CMakeFiles/ZHANGSHUO_CAR_V1.elf.dir/Drivers/STM32F1xx_HAL_Driver/Src/stm32f1xx_hal_dma.c.obj
 .comment       0x00000079       0x7a CMakeFiles/ZHANGSHUO_CAR_V1.elf.dir/Drivers/STM32F1xx_HAL_Driver/Src/stm32f1xx_hal_gpio.c.obj
 .comment       0x00000079       0x7a CMakeFiles/ZHANGSHUO_CAR_V1.elf.dir/Drivers/STM32F1xx_HAL_Driver/Src/stm32f1xx_hal_rcc.c.obj
 .comment       0x00000079       0x7a CMakeFiles/ZHANGSHUO_CAR_V1.elf.dir/Drivers/STM32F1xx_HAL_Driver/Src/stm32f1xx_hal_uart.c.obj

.debug_frame    0x00000000     0x23d8
 .debug_frame   0x00000000       0x38 CMakeFiles/ZHANGSHUO_CAR_V1.elf.dir/Core/Src/gpio.c.obj
 .debug_frame   0x00000038       0x90 CMakeFiles/ZHANGSHUO_CAR_V1.elf.dir/Core/Src/main.c.obj
 .debug_frame   0x000000c8       0x28 CMakeFiles/ZHANGSHUO_CAR_V1.elf.dir/Core/Src/stm32f1xx_hal_msp.c.obj
 .debug_frame   0x000000f0       0xc0 CMakeFiles/ZHANGSHUO_CAR_V1.elf.dir/Core/Src/stm32f1xx_it.c.obj
 .debug_frame   0x000001b0      0x1a8 CMakeFiles/ZHANGSHUO_CAR_V1.elf.dir/Core/Src/syscalls.c.obj
 .debug_frame   0x00000358       0x30 CMakeFiles/ZHANGSHUO_CAR_V1.elf.dir/Core/Src/system_stm32f1xx.c.obj
 .debug_frame   0x00000388       0x64 CMakeFiles/ZHANGSHUO_CAR_V1.elf.dir/Core/Src/usart.c.obj
 .debug_frame   0x000003ec      0x1cc CMakeFiles/ZHANGSHUO_CAR_V1.elf.dir/Drivers/STM32F1xx_HAL_Driver/Src/stm32f1xx_hal.c.obj
 .debug_frame   0x000005b8      0x12c CMakeFiles/ZHANGSHUO_CAR_V1.elf.dir/Drivers/STM32F1xx_HAL_Driver/Src/stm32f1xx_hal_cortex.c.obj
 .debug_frame   0x000006e4      0x144 CMakeFiles/ZHANGSHUO_CAR_V1.elf.dir/Drivers/STM32F1xx_HAL_Driver/Src/stm32f1xx_hal_dma.c.obj
 .debug_frame   0x00000828       0xe8 CMakeFiles/ZHANGSHUO_CAR_V1.elf.dir/Drivers/STM32F1xx_HAL_Driver/Src/stm32f1xx_hal_gpio.c.obj
 .debug_frame   0x00000910      0x190 CMakeFiles/ZHANGSHUO_CAR_V1.elf.dir/Drivers/STM32F1xx_HAL_Driver/Src/stm32f1xx_hal_rcc.c.obj
 .debug_frame   0x00000aa0      0x5c4 CMakeFiles/ZHANGSHUO_CAR_V1.elf.dir/Drivers/STM32F1xx_HAL_Driver/Src/stm32f1xx_hal_uart.c.obj
 .debug_frame   0x00001064       0x20 d:/gcc-arm-none-eabi-9-2019-q4-major-win32/bin/../lib/gcc/arm-none-eabi/9.2.1/../../../../arm-none-eabi/lib/thumb/v7-m/nofp\libg.a(lib_a-errno.o)
 .debug_frame   0x00001084       0x2c d:/gcc-arm-none-eabi-9-2019-q4-major-win32/bin/../lib/gcc/arm-none-eabi/9.2.1/../../../../arm-none-eabi/lib/thumb/v7-m/nofp\libg.a(lib_a-init.o)
 .debug_frame   0x000010b0       0x38 d:/gcc-arm-none-eabi-9-2019-q4-major-win32/bin/../lib/gcc/arm-none-eabi/9.2.1/../../../../arm-none-eabi/lib/thumb/v7-m/nofp\libg.a(lib_a-memset.o)
 .debug_frame   0x000010e8       0x74 d:/gcc-arm-none-eabi-9-2019-q4-major-win32/bin/../lib/gcc/arm-none-eabi/9.2.1/../../../../arm-none-eabi/lib/thumb/v7-m/nofp\libg.a(lib_a-printf.o)
 .debug_frame   0x0000115c       0x8c d:/gcc-arm-none-eabi-9-2019-q4-major-win32/bin/../lib/gcc/arm-none-eabi/9.2.1/../../../../arm-none-eabi/lib/thumb/v7-m/nofp\libg.a(lib_a-vfprintf.o)
 .debug_frame   0x000011e8       0x2c d:/gcc-arm-none-eabi-9-2019-q4-major-win32/bin/../lib/gcc/arm-none-eabi/9.2.1/../../../../arm-none-eabi/lib/thumb/v7-m/nofp\libg.a(lib_a-wsetup.o)
 .debug_frame   0x00001214       0x5c d:/gcc-arm-none-eabi-9-2019-q4-major-win32/bin/../lib/gcc/arm-none-eabi/9.2.1/../../../../arm-none-eabi/lib/thumb/v7-m/nofp\libg.a(lib_a-__call_atexit.o)
 .debug_frame   0x00001270       0x20 d:/gcc-arm-none-eabi-9-2019-q4-major-win32/bin/../lib/gcc/arm-none-eabi/9.2.1/../../../../arm-none-eabi/lib/thumb/v7-m/nofp\libg.a(lib_a-atexit.o)
 .debug_frame   0x00001290       0x8c d:/gcc-arm-none-eabi-9-2019-q4-major-win32/bin/../lib/gcc/arm-none-eabi/9.2.1/../../../../arm-none-eabi/lib/thumb/v7-m/nofp\libg.a(lib_a-dtoa.o)
 .debug_frame   0x0000131c       0x5c d:/gcc-arm-none-eabi-9-2019-q4-major-win32/bin/../lib/gcc/arm-none-eabi/9.2.1/../../../../arm-none-eabi/lib/thumb/v7-m/nofp\libg.a(lib_a-fflush.o)
 .debug_frame   0x00001378      0x154 d:/gcc-arm-none-eabi-9-2019-q4-major-win32/bin/../lib/gcc/arm-none-eabi/9.2.1/../../../../arm-none-eabi/lib/thumb/v7-m/nofp\libg.a(lib_a-findfp.o)
 .debug_frame   0x000014cc       0x34 d:/gcc-arm-none-eabi-9-2019-q4-major-win32/bin/../lib/gcc/arm-none-eabi/9.2.1/../../../../arm-none-eabi/lib/thumb/v7-m/nofp\libg.a(lib_a-fini.o)
 .debug_frame   0x00001500       0x8c d:/gcc-arm-none-eabi-9-2019-q4-major-win32/bin/../lib/gcc/arm-none-eabi/9.2.1/../../../../arm-none-eabi/lib/thumb/v7-m/nofp\libg.a(lib_a-freer.o)
 .debug_frame   0x0000158c       0x54 d:/gcc-arm-none-eabi-9-2019-q4-major-win32/bin/../lib/gcc/arm-none-eabi/9.2.1/../../../../arm-none-eabi/lib/thumb/v7-m/nofp\libg.a(lib_a-fwalk.o)
 .debug_frame   0x000015e0       0x40 d:/gcc-arm-none-eabi-9-2019-q4-major-win32/bin/../lib/gcc/arm-none-eabi/9.2.1/../../../../arm-none-eabi/lib/thumb/v7-m/nofp\libg.a(lib_a-localeconv.o)
 .debug_frame   0x00001620       0xb0 d:/gcc-arm-none-eabi-9-2019-q4-major-win32/bin/../lib/gcc/arm-none-eabi/9.2.1/../../../../arm-none-eabi/lib/thumb/v7-m/nofp\libg.a(lib_a-lock.o)
 .debug_frame   0x000016d0       0x6c d:/gcc-arm-none-eabi-9-2019-q4-major-win32/bin/../lib/gcc/arm-none-eabi/9.2.1/../../../../arm-none-eabi/lib/thumb/v7-m/nofp\libg.a(lib_a-makebuf.o)
 .debug_frame   0x0000173c       0x4c d:/gcc-arm-none-eabi-9-2019-q4-major-win32/bin/../lib/gcc/arm-none-eabi/9.2.1/../../../../arm-none-eabi/lib/thumb/v7-m/nofp\libg.a(lib_a-mallocr.o)
 .debug_frame   0x00001788       0x44 d:/gcc-arm-none-eabi-9-2019-q4-major-win32/bin/../lib/gcc/arm-none-eabi/9.2.1/../../../../arm-none-eabi/lib/thumb/v7-m/nofp\libg.a(lib_a-memchr-stub.o)
 .debug_frame   0x000017cc       0x30 d:/gcc-arm-none-eabi-9-2019-q4-major-win32/bin/../lib/gcc/arm-none-eabi/9.2.1/../../../../arm-none-eabi/lib/thumb/v7-m/nofp\libg.a(lib_a-mlock.o)
 .debug_frame   0x000017fc      0x25c d:/gcc-arm-none-eabi-9-2019-q4-major-win32/bin/../lib/gcc/arm-none-eabi/9.2.1/../../../../arm-none-eabi/lib/thumb/v7-m/nofp\libg.a(lib_a-mprec.o)
 .debug_frame   0x00001a58       0x30 d:/gcc-arm-none-eabi-9-2019-q4-major-win32/bin/../lib/gcc/arm-none-eabi/9.2.1/../../../../arm-none-eabi/lib/thumb/v7-m/nofp\libg.a(lib_a-s_frexp.o)
 .debug_frame   0x00001a88       0x2c d:/gcc-arm-none-eabi-9-2019-q4-major-win32/bin/../lib/gcc/arm-none-eabi/9.2.1/../../../../arm-none-eabi/lib/thumb/v7-m/nofp\libg.a(lib_a-sbrkr.o)
 .debug_frame   0x00001ab4       0x8c d:/gcc-arm-none-eabi-9-2019-q4-major-win32/bin/../lib/gcc/arm-none-eabi/9.2.1/../../../../arm-none-eabi/lib/thumb/v7-m/nofp\libg.a(lib_a-stdio.o)
 .debug_frame   0x00001b40       0x20 d:/gcc-arm-none-eabi-9-2019-q4-major-win32/bin/../lib/gcc/arm-none-eabi/9.2.1/../../../../arm-none-eabi/lib/thumb/v7-m/nofp\libg.a(lib_a-strlen-stub.o)
 .debug_frame   0x00001b60       0x38 d:/gcc-arm-none-eabi-9-2019-q4-major-win32/bin/../lib/gcc/arm-none-eabi/9.2.1/../../../../arm-none-eabi/lib/thumb/v7-m/nofp\libg.a(lib_a-strncpy.o)
 .debug_frame   0x00001b98       0xd0 d:/gcc-arm-none-eabi-9-2019-q4-major-win32/bin/../lib/gcc/arm-none-eabi/9.2.1/../../../../arm-none-eabi/lib/thumb/v7-m/nofp\libg.a(lib_a-vfiprintf.o)
 .debug_frame   0x00001c68       0x30 d:/gcc-arm-none-eabi-9-2019-q4-major-win32/bin/../lib/gcc/arm-none-eabi/9.2.1/../../../../arm-none-eabi/lib/thumb/v7-m/nofp\libg.a(lib_a-writer.o)
 .debug_frame   0x00001c98       0x34 d:/gcc-arm-none-eabi-9-2019-q4-major-win32/bin/../lib/gcc/arm-none-eabi/9.2.1/../../../../arm-none-eabi/lib/thumb/v7-m/nofp\libg.a(lib_a-__atexit.o)
 .debug_frame   0x00001ccc       0x28 d:/gcc-arm-none-eabi-9-2019-q4-major-win32/bin/../lib/gcc/arm-none-eabi/9.2.1/../../../../arm-none-eabi/lib/thumb/v7-m/nofp\libg.a(lib_a-callocr.o)
 .debug_frame   0x00001cf4       0x2c d:/gcc-arm-none-eabi-9-2019-q4-major-win32/bin/../lib/gcc/arm-none-eabi/9.2.1/../../../../arm-none-eabi/lib/thumb/v7-m/nofp\libg.a(lib_a-closer.o)
 .debug_frame   0x00001d20       0x3c d:/gcc-arm-none-eabi-9-2019-q4-major-win32/bin/../lib/gcc/arm-none-eabi/9.2.1/../../../../arm-none-eabi/lib/thumb/v7-m/nofp\libg.a(lib_a-fclose.o)
 .debug_frame   0x00001d5c       0x98 d:/gcc-arm-none-eabi-9-2019-q4-major-win32/bin/../lib/gcc/arm-none-eabi/9.2.1/../../../../arm-none-eabi/lib/thumb/v7-m/nofp\libg.a(lib_a-fputwc.o)
 .debug_frame   0x00001df4       0x2c d:/gcc-arm-none-eabi-9-2019-q4-major-win32/bin/../lib/gcc/arm-none-eabi/9.2.1/../../../../arm-none-eabi/lib/thumb/v7-m/nofp\libg.a(lib_a-fstatr.o)
 .debug_frame   0x00001e20       0x64 d:/gcc-arm-none-eabi-9-2019-q4-major-win32/bin/../lib/gcc/arm-none-eabi/9.2.1/../../../../arm-none-eabi/lib/thumb/v7-m/nofp\libg.a(lib_a-fvwrite.o)
 .debug_frame   0x00001e84       0x2c d:/gcc-arm-none-eabi-9-2019-q4-major-win32/bin/../lib/gcc/arm-none-eabi/9.2.1/../../../../arm-none-eabi/lib/thumb/v7-m/nofp\libg.a(lib_a-isattyr.o)
 .debug_frame   0x00001eb0       0x54 d:/gcc-arm-none-eabi-9-2019-q4-major-win32/bin/../lib/gcc/arm-none-eabi/9.2.1/../../../../arm-none-eabi/lib/thumb/v7-m/nofp\libg.a(lib_a-locale.o)
 .debug_frame   0x00001f04       0x30 d:/gcc-arm-none-eabi-9-2019-q4-major-win32/bin/../lib/gcc/arm-none-eabi/9.2.1/../../../../arm-none-eabi/lib/thumb/v7-m/nofp\libg.a(lib_a-lseekr.o)
 .debug_frame   0x00001f34       0x4c d:/gcc-arm-none-eabi-9-2019-q4-major-win32/bin/../lib/gcc/arm-none-eabi/9.2.1/../../../../arm-none-eabi/lib/thumb/v7-m/nofp\libg.a(lib_a-mbtowc_r.o)
 .debug_frame   0x00001f80       0x40 d:/gcc-arm-none-eabi-9-2019-q4-major-win32/bin/../lib/gcc/arm-none-eabi/9.2.1/../../../../arm-none-eabi/lib/thumb/v7-m/nofp\libg.a(lib_a-memmove.o)
 .debug_frame   0x00001fc0       0x30 d:/gcc-arm-none-eabi-9-2019-q4-major-win32/bin/../lib/gcc/arm-none-eabi/9.2.1/../../../../arm-none-eabi/lib/thumb/v7-m/nofp\libg.a(lib_a-readr.o)
 .debug_frame   0x00001ff0       0x48 d:/gcc-arm-none-eabi-9-2019-q4-major-win32/bin/../lib/gcc/arm-none-eabi/9.2.1/../../../../arm-none-eabi/lib/thumb/v7-m/nofp\libg.a(lib_a-reallocr.o)
 .debug_frame   0x00002038       0x60 d:/gcc-arm-none-eabi-9-2019-q4-major-win32/bin/../lib/gcc/arm-none-eabi/9.2.1/../../../../arm-none-eabi/lib/thumb/v7-m/nofp\libg.a(lib_a-reent.o)
 .debug_frame   0x00002098       0x40 d:/gcc-arm-none-eabi-9-2019-q4-major-win32/bin/../lib/gcc/arm-none-eabi/9.2.1/../../../../arm-none-eabi/lib/thumb/v7-m/nofp\libg.a(lib_a-wbuf.o)
 .debug_frame   0x000020d8       0x60 d:/gcc-arm-none-eabi-9-2019-q4-major-win32/bin/../lib/gcc/arm-none-eabi/9.2.1/../../../../arm-none-eabi/lib/thumb/v7-m/nofp\libg.a(lib_a-wcrtomb.o)
 .debug_frame   0x00002138       0x3c d:/gcc-arm-none-eabi-9-2019-q4-major-win32/bin/../lib/gcc/arm-none-eabi/9.2.1/../../../../arm-none-eabi/lib/thumb/v7-m/nofp\libg.a(lib_a-wctomb_r.o)
 .debug_frame   0x00002174       0xac d:/gcc-arm-none-eabi-9-2019-q4-major-win32/bin/../lib/gcc/arm-none-eabi/9.2.1/thumb/v7-m/nofp\libgcc.a(_arm_addsubdf3.o)
 .debug_frame   0x00002220       0x50 d:/gcc-arm-none-eabi-9-2019-q4-major-win32/bin/../lib/gcc/arm-none-eabi/9.2.1/thumb/v7-m/nofp\libgcc.a(_arm_muldivdf3.o)
 .debug_frame   0x00002270       0xc4 d:/gcc-arm-none-eabi-9-2019-q4-major-win32/bin/../lib/gcc/arm-none-eabi/9.2.1/thumb/v7-m/nofp\libgcc.a(_arm_cmpdf2.o)
 .debug_frame   0x00002334       0x20 d:/gcc-arm-none-eabi-9-2019-q4-major-win32/bin/../lib/gcc/arm-none-eabi/9.2.1/thumb/v7-m/nofp\libgcc.a(_arm_unorddf2.o)
 .debug_frame   0x00002354       0x24 d:/gcc-arm-none-eabi-9-2019-q4-major-win32/bin/../lib/gcc/arm-none-eabi/9.2.1/thumb/v7-m/nofp\libgcc.a(_arm_fixdfsi.o)
 .debug_frame   0x00002378       0x2c d:/gcc-arm-none-eabi-9-2019-q4-major-win32/bin/../lib/gcc/arm-none-eabi/9.2.1/thumb/v7-m/nofp\libgcc.a(_aeabi_uldivmod.o)
 .debug_frame   0x000023a4       0x34 d:/gcc-arm-none-eabi-9-2019-q4-major-win32/bin/../lib/gcc/arm-none-eabi/9.2.1/thumb/v7-m/nofp\libgcc.a(_udivmoddi4.o)

.debug_loc      0x00000000     0x40e6
 .debug_loc     0x00000000       0x48 CMakeFiles/ZHANGSHUO_CAR_V1.elf.dir/Core/Src/main.c.obj
 .debug_loc     0x00000048       0x15 CMakeFiles/ZHANGSHUO_CAR_V1.elf.dir/Core/Src/stm32f1xx_hal_msp.c.obj
 .debug_loc     0x0000005d      0x436 CMakeFiles/ZHANGSHUO_CAR_V1.elf.dir/Core/Src/syscalls.c.obj
 .debug_loc     0x00000493       0xff CMakeFiles/ZHANGSHUO_CAR_V1.elf.dir/Core/Src/system_stm32f1xx.c.obj
 .debug_loc     0x00000592       0x84 CMakeFiles/ZHANGSHUO_CAR_V1.elf.dir/Core/Src/usart.c.obj
 .debug_loc     0x00000616      0x141 CMakeFiles/ZHANGSHUO_CAR_V1.elf.dir/Drivers/STM32F1xx_HAL_Driver/Src/stm32f1xx_hal.c.obj
 .debug_loc     0x00000757      0x71f CMakeFiles/ZHANGSHUO_CAR_V1.elf.dir/Drivers/STM32F1xx_HAL_Driver/Src/stm32f1xx_hal_cortex.c.obj
 .debug_loc     0x00000e76      0x7ce CMakeFiles/ZHANGSHUO_CAR_V1.elf.dir/Drivers/STM32F1xx_HAL_Driver/Src/stm32f1xx_hal_dma.c.obj
 .debug_loc     0x00001644      0x45b CMakeFiles/ZHANGSHUO_CAR_V1.elf.dir/Drivers/STM32F1xx_HAL_Driver/Src/stm32f1xx_hal_gpio.c.obj
 .debug_loc     0x00001a9f      0x610 CMakeFiles/ZHANGSHUO_CAR_V1.elf.dir/Drivers/STM32F1xx_HAL_Driver/Src/stm32f1xx_hal_rcc.c.obj
 .debug_loc     0x000020af     0x2037 CMakeFiles/ZHANGSHUO_CAR_V1.elf.dir/Drivers/STM32F1xx_HAL_Driver/Src/stm32f1xx_hal_uart.c.obj