Archive member included to satisfy reference by file (symbol)

d:/gcc-arm-none-eabi-9-2019-q4-major-win32/bin/../lib/gcc/arm-none-eabi/9.2.1/../../../../arm-none-eabi/lib/thumb/v7-m/nofp\libg.a(lib_a-errno.o)
                              CMakeFiles/ZHANGSHUO_CAR_V1.elf.dir/Core/Src/syscalls.c.obj (__errno)
d:/gcc-arm-none-eabi-9-2019-q4-major-win32/bin/../lib/gcc/arm-none-eabi/9.2.1/../../../../arm-none-eabi/lib/thumb/v7-m/nofp\libg.a(lib_a-exit.o)
                              d:/gcc-arm-none-eabi-9-2019-q4-major-win32/bin/../lib/gcc/arm-none-eabi/9.2.1/../../../../arm-none-eabi/lib/thumb/v7-m/nofp/crt0.o (exit)
d:/gcc-arm-none-eabi-9-2019-q4-major-win32/bin/../lib/gcc/arm-none-eabi/9.2.1/../../../../arm-none-eabi/lib/thumb/v7-m/nofp\libg.a(lib_a-impure.o)
                              d:/gcc-arm-none-eabi-9-2019-q4-major-win32/bin/../lib/gcc/arm-none-eabi/9.2.1/../../../../arm-none-eabi/lib/thumb/v7-m/nofp\libg.a(lib_a-exit.o) (_global_impure_ptr)
d:/gcc-arm-none-eabi-9-2019-q4-major-win32/bin/../lib/gcc/arm-none-eabi/9.2.1/../../../../arm-none-eabi/lib/thumb/v7-m/nofp\libg.a(lib_a-init.o)
                              d:/gcc-arm-none-eabi-9-2019-q4-major-win32/bin/../lib/gcc/arm-none-eabi/9.2.1/../../../../arm-none-eabi/lib/thumb/v7-m/nofp/crt0.o (__libc_init_array)
d:/gcc-arm-none-eabi-9-2019-q4-major-win32/bin/../lib/gcc/arm-none-eabi/9.2.1/../../../../arm-none-eabi/lib/thumb/v7-m/nofp\libg.a(lib_a-memset.o)
                              d:/gcc-arm-none-eabi-9-2019-q4-major-win32/bin/../lib/gcc/arm-none-eabi/9.2.1/../../../../arm-none-eabi/lib/thumb/v7-m/nofp/crt0.o (memset)
d:/gcc-arm-none-eabi-9-2019-q4-major-win32/bin/../lib/gcc/arm-none-eabi/9.2.1/../../../../arm-none-eabi/lib/thumb/v7-m/nofp\libg.a(lib_a-__call_atexit.o)
                              d:/gcc-arm-none-eabi-9-2019-q4-major-win32/bin/../lib/gcc/arm-none-eabi/9.2.1/../../../../arm-none-eabi/lib/thumb/v7-m/nofp\libg.a(lib_a-exit.o) (__call_exitprocs)
d:/gcc-arm-none-eabi-9-2019-q4-major-win32/bin/../lib/gcc/arm-none-eabi/9.2.1/../../../../arm-none-eabi/lib/thumb/v7-m/nofp\libg.a(lib_a-atexit.o)
                              d:/gcc-arm-none-eabi-9-2019-q4-major-win32/bin/../lib/gcc/arm-none-eabi/9.2.1/../../../../arm-none-eabi/lib/thumb/v7-m/nofp\libg.a(lib_a-__call_atexit.o) (atexit)
d:/gcc-arm-none-eabi-9-2019-q4-major-win32/bin/../lib/gcc/arm-none-eabi/9.2.1/../../../../arm-none-eabi/lib/thumb/v7-m/nofp\libg.a(lib_a-fini.o)
                              d:/gcc-arm-none-eabi-9-2019-q4-major-win32/bin/../lib/gcc/arm-none-eabi/9.2.1/../../../../arm-none-eabi/lib/thumb/v7-m/nofp\libg.a(lib_a-__call_atexit.o) (__libc_fini_array)
d:/gcc-arm-none-eabi-9-2019-q4-major-win32/bin/../lib/gcc/arm-none-eabi/9.2.1/../../../../arm-none-eabi/lib/thumb/v7-m/nofp\libg.a(lib_a-lock.o)
                              d:/gcc-arm-none-eabi-9-2019-q4-major-win32/bin/../lib/gcc/arm-none-eabi/9.2.1/../../../../arm-none-eabi/lib/thumb/v7-m/nofp\libg.a(lib_a-__call_atexit.o) (__retarget_lock_acquire_recursive)
d:/gcc-arm-none-eabi-9-2019-q4-major-win32/bin/../lib/gcc/arm-none-eabi/9.2.1/../../../../arm-none-eabi/lib/thumb/v7-m/nofp\libg.a(lib_a-__atexit.o)
                              d:/gcc-arm-none-eabi-9-2019-q4-major-win32/bin/../lib/gcc/arm-none-eabi/9.2.1/../../../../arm-none-eabi/lib/thumb/v7-m/nofp\libg.a(lib_a-atexit.o) (__register_exitproc)

Allocating common symbols
Common symbol       size              file

__lock___atexit_recursive_mutex
                    0x1               d:/gcc-arm-none-eabi-9-2019-q4-major-win32/bin/../lib/gcc/arm-none-eabi/9.2.1/../../../../arm-none-eabi/lib/thumb/v7-m/nofp\libg.a(lib_a-lock.o)
__lock___arc4random_mutex
                    0x1               d:/gcc-arm-none-eabi-9-2019-q4-major-win32/bin/../lib/gcc/arm-none-eabi/9.2.1/../../../../arm-none-eabi/lib/thumb/v7-m/nofp\libg.a(lib_a-lock.o)
__lock___env_recursive_mutex
                    0x1               d:/gcc-arm-none-eabi-9-2019-q4-major-win32/bin/../lib/gcc/arm-none-eabi/9.2.1/../../../../arm-none-eabi/lib/thumb/v7-m/nofp\libg.a(lib_a-lock.o)
__lock___sinit_recursive_mutex
                    0x1               d:/gcc-arm-none-eabi-9-2019-q4-major-win32/bin/../lib/gcc/arm-none-eabi/9.2.1/../../../../arm-none-eabi/lib/thumb/v7-m/nofp\libg.a(lib_a-lock.o)
__lock___malloc_recursive_mutex
                    0x1               d:/gcc-arm-none-eabi-9-2019-q4-major-win32/bin/../lib/gcc/arm-none-eabi/9.2.1/../../../../arm-none-eabi/lib/thumb/v7-m/nofp\libg.a(lib_a-lock.o)
__lock___at_quick_exit_mutex
                    0x1               d:/gcc-arm-none-eabi-9-2019-q4-major-win32/bin/../lib/gcc/arm-none-eabi/9.2.1/../../../../arm-none-eabi/lib/thumb/v7-m/nofp\libg.a(lib_a-lock.o)
__lock___dd_hash_mutex
                    0x1               d:/gcc-arm-none-eabi-9-2019-q4-major-win32/bin/../lib/gcc/arm-none-eabi/9.2.1/../../../../arm-none-eabi/lib/thumb/v7-m/nofp\libg.a(lib_a-lock.o)
[...]
Memory Configuration

Name             Origin             Length             Attributes
RAM              0x20000000         0x00010000         xrw
FLASH            0x08000000         0x00080000         xr
*default*        0x00000000         0xffffffff

Linker script and memory map

LOAD d:/gcc-arm-none-eabi-9-2019-q4-major-win32/bin/../lib/gcc/arm-none-eabi/9.2.1/thumb/v7-m/nofp/crti.o
LOAD d:/gcc-arm-none-eabi-9-2019-q4-major-win32/bin/../lib/gcc/arm-none-eabi/9.2.1/thumb/v7-m/nofp/crtbegin.o
LOAD d:/gcc-arm-none-eabi-9-2019-q4-major-win32/bin/../lib/gcc/arm-none-eabi/9.2.1/../../../../arm-none-eabi/lib/thumb/v7-m/nofp/crt0.o
LOAD CMakeFiles/ZHANGSHUO_CAR_V1.elf.dir/Core/Src/gpio.c.obj
LOAD CMakeFiles/ZHANGSHUO_CAR_V1.elf.dir/Core/Src/main.c.obj
LOAD CMakeFiles/ZHANGSHUO_CAR_V1.elf.dir/Core/Src/stm32f1xx_hal_msp.c.obj
LOAD CMakeFiles/ZHANGSHUO_CAR_V1.elf.dir/Core/Src/stm32f1xx_it.c.obj
LOAD CMakeFiles/ZHANGSHUO_CAR_V1.elf.dir/Core/Src/syscalls.c.obj
LOAD CMakeFiles/ZHANGSHUO_CAR_V1.elf.dir/Core/Src/system_stm32f1xx.c.obj
LOAD CMakeFiles/ZHANGSHUO_CAR_V1.elf.dir/Core/Src/usart.c.obj
LOAD CMakeFiles/ZHANGSHUO_CAR_V1.elf.dir/Drivers/STM32F1xx_HAL_Driver/Src/stm32f1xx_hal.c.obj
LOAD CMakeFiles/ZHANGSHUO_CAR_V1.elf.dir/Drivers/STM32F1xx_HAL_Driver/Src/stm32f1xx_hal_cortex.c.obj
LOAD CMakeFiles/ZHANGSHUO_CAR_V1.elf.dir/Drivers/STM32F1xx_HAL_Driver/Src/stm32f1xx_hal_dma.c.obj
LOAD CMakeFiles/ZHANGSHUO_CAR_V1.elf.dir/Drivers/STM32F1xx_HAL_Driver/Src/stm32f1xx_hal_exti.c.obj
LOAD CMakeFiles/ZHANGSHUO_CAR_V1.elf.dir/Drivers/STM32F1xx_HAL_Driver/Src/stm32f1xx_hal_flash.c.obj
LOAD CMakeFiles/ZHANGSHUO_CAR_V1.elf.dir/Drivers/STM32F1xx_HAL_Driver/Src/stm32f1xx_hal_flash_ex.c.obj
LOAD CMakeFiles/ZHANGSHUO_CAR_V1.elf.dir/Drivers/STM32F1xx_HAL_Driver/Src/stm32f1xx_hal_gpio.c.obj
LOAD CMakeFiles/ZHANGSHUO_CAR_V1.elf.dir/Drivers/STM32F1xx_HAL_Driver/Src/stm32f1xx_hal_gpio_ex.c.obj
LOAD CMakeFiles/ZHANGSHUO_CAR_V1.elf.dir/Drivers/STM32F1xx_HAL_Driver/Src/stm32f1xx_hal_pwr.c.obj
LOAD CMakeFiles/ZHANGSHUO_CAR_V1.elf.dir/Drivers/STM32F1xx_HAL_Driver/Src/stm32f1xx_hal_rcc.c.obj
LOAD CMakeFiles/ZHANGSHUO_CAR_V1.elf.dir/Drivers/STM32F1xx_HAL_Driver/Src/stm32f1xx_hal_rcc_ex.c.obj
LOAD CMakeFiles/ZHANGSHUO_CAR_V1.elf.dir/Drivers/STM32F1xx_HAL_Driver/Src/stm32f1xx_hal_tim.c.obj
LOAD CMakeFiles/ZHANGSHUO_CAR_V1.elf.dir/Drivers/STM32F1xx_HAL_Driver/Src/stm32f1xx_hal_tim_ex.c.obj
LOAD CMakeFiles/ZHANGSHUO_CAR_V1.elf.dir/Drivers/STM32F1xx_HAL_Driver/Src/stm32f1xx_hal_uart.c.obj
LOAD CMakeFiles/ZHANGSHUO_CAR_V1.elf.dir/startup/startup_stm32f103xe.s.obj
START GROUP
LOAD d:/gcc-arm-none-eabi-9-2019-q4-major-win32/bin/../lib/gcc/arm-none-eabi/9.2.1/thumb/v7-m/nofp\libgcc.a
LOAD d:/gcc-arm-none-eabi-9-2019-q4-major-win32/bin/../lib/gcc/arm-none-eabi/9.2.1/../../../../arm-none-eabi/lib/thumb/v7-m/nofp\libg.a
LOAD d:/gcc-arm-none-eabi-9-2019-q4-major-win32/bin/../lib/gcc/arm-none-eabi/9.2.1/../../../../arm-none-eabi/lib/thumb/v7-m/nofp\libc.a
END GROUP
LOAD d:/gcc-arm-none-eabi-9-2019-q4-major-win32/bin/../lib/gcc/arm-none-eabi/9.2.1/thumb/v7-m/nofp/crtend.o
LOAD d:/gcc-arm-none-eabi-9-2019-q4-major-win32/bin/../lib/gcc/arm-none-eabi/9.2.1/thumb/v7-m/nofp/crtn.o
                0x20010000                _estack = 0x20010000
                0x00000200                _Min_Heap_Size = 0x200
                0x00000400                _Min_Stack_Size = 0x400

.isr_vector     0x08000000      0x1e4
                0x08000000                . = ALIGN (0x4)
 *(.isr_vector)
 .isr_vector    0x08000000      0x1e4 CMakeFiles/ZHANGSHUO_CAR_V1.elf.dir/startup/startup_stm32f103xe.s.obj
                0x08000000                g_pfnVectors
                0x080001e4                . = ALIGN (0x4)

.text           0x080001e4     0x165c
                0x080001e4                . = ALIGN (0x4)
 *(.text)
 .text          0x080001e4       0x40 d:/gcc-arm-none-eabi-9-2019-q4-major-win32/bin/../lib/gcc/arm-none-eabi/9.2.1/thumb/v7-m/nofp/crtbegin.o
 *(.text*)
 .text.MX_GPIO_Init
                0x08000224       0xb8 CMakeFiles/ZHANGSHUO_CAR_V1.elf.dir/Core/Src/gpio.c.obj
                0x08000224                MX_GPIO_Init
 .text.HAL_UART_RxCpltCallback
                0x080002dc       0x28 CMakeFiles/ZHANGSHUO_CAR_V1.elf.dir/Core/Src/main.c.obj
                0x080002dc                HAL_UART_RxCpltCallback
 .text.Error_Handler
                0x08000304        0x4 CMakeFiles/ZHANGSHUO_CAR_V1.elf.dir/Core/Src/main.c.obj
                0x08000304                Error_Handler
 .text.SystemClock_Config
                0x08000308       0x62 CMakeFiles/ZHANGSHUO_CAR_V1.elf.dir/Core/Src/main.c.obj
                0x08000308                SystemClock_Config
 *fill*         0x0800036a        0x2 
 .text.main     0x0800036c       0x28 CMakeFiles/ZHANGSHUO_CAR_V1.elf.dir/Core/Src/main.c.obj
                0x0800036c                main
 .text.HAL_MspInit
                0x08000394       0x44 CMakeFiles/ZHANGSHUO_CAR_V1.elf.dir/Core/Src/stm32f1xx_hal_msp.c.obj
                0x08000394                HAL_MspInit
 .text.NMI_Handler
                0x080003d8        0x2 CMakeFiles/ZHANGSHUO_CAR_V1.elf.dir/Core/Src/stm32f1xx_it.c.obj
                0x080003d8                NMI_Handler
 .text.HardFault_Handler
                0x080003da        0x2 CMakeFiles/ZHANGSHUO_CAR_V1.elf.dir/Core/Src/stm32f1xx_it.c.obj
                0x080003da                HardFault_Handler
 .text.MemManage_Handler
                0x080003dc        0x2 CMakeFiles/ZHANGSHUO_CAR_V1.elf.dir/Core/Src/stm32f1xx_it.c.obj
                0x080003dc                MemManage_Handler
 .text.BusFault_Handler
                0x080003de        0x2 CMakeFiles/ZHANGSHUO_CAR_V1.elf.dir/Core/Src/stm32f1xx_it.c.obj
                0x080003de                BusFault_Handler
 .text.UsageFault_Handler
                0x080003e0        0x2 CMakeFiles/ZHANGSHUO_CAR_V1.elf.dir/Core/Src/stm32f1xx_it.c.obj
                0x080003e0                UsageFault_Handler
 .text.SVC_Handler
                0x080003e2        0x2 CMakeFiles/ZHANGSHUO_CAR_V1.elf.dir/Core/Src/stm32f1xx_it.c.obj
                0x080003e2                SVC_Handler
 .text.DebugMon_Handler
                0x080003e4        0x2 CMakeFiles/ZHANGSHUO_CAR_V1.elf.dir/Core/Src/stm32f1xx_it.c.obj
                0x080003e4                DebugMon_Handler
 .text.PendSV_Handler
                0x080003e6        0x2 CMakeFiles/ZHANGSHUO_CAR_V1.elf.dir/Core/Src/stm32f1xx_it.c.obj
                0x080003e6                PendSV_Handler
 .text.SysTick_Handler
                0x080003e8        0x8 CMakeFiles/ZHANGSHUO_CAR_V1.elf.dir/Core/Src/stm32f1xx_it.c.obj
                0x080003e8                SysTick_Handler
 .text.USART1_IRQHandler
                0x080003f0       0x10 CMakeFiles/ZHANGSHUO_CAR_V1.elf.dir/Core/Src/stm32f1xx_it.c.obj
                0x080003f0                USART1_IRQHandler
 .text.SystemInit
                0x08000400        0x2 CMakeFiles/ZHANGSHUO_CAR_V1.elf.dir/Core/Src/system_stm32f1xx.c.obj
                0x08000400                SystemInit
 *fill*         0x08000402        0x2 
 .text.MX_USART1_UART_Init
                0x08000404       0x34 CMakeFiles/ZHANGSHUO_CAR_V1.elf.dir/Core/Src/usart.c.obj
                0x08000404                MX_USART1_UART_Init
 .text.HAL_UART_MspInit
                0x08000438       0x88 CMakeFiles/ZHANGSHUO_CAR_V1.elf.dir/Core/Src/usart.c.obj
                0x08000438                HAL_UART_MspInit
 .text.HAL_InitTick
                0x080004c0       0x4c CMakeFiles/ZHANGSHUO_CAR_V1.elf.dir/Drivers/STM32F1xx_HAL_Driver/Src/stm32f1xx_hal.c.obj
                0x080004c0                HAL_InitTick
 .text.HAL_Init
                0x0800050c       0x24 CMakeFiles/ZHANGSHUO_CAR_V1.elf.dir/Drivers/STM32F1xx_HAL_Driver/Src/stm32f1xx_hal.c.obj
                0x0800050c                HAL_Init
 .text.HAL_IncTick
                0x08000530       0x18 CMakeFiles/ZHANGSHUO_CAR_V1.elf.dir/Drivers/STM32F1xx_HAL_Driver/Src/stm32f1xx_hal.c.obj
                0x08000530                HAL_IncTick
 .text.HAL_GetTick
                0x08000548        0xc CMakeFiles/ZHANGSHUO_CAR_V1.elf.dir/Drivers/STM32F1xx_HAL_Driver/Src/stm32f1xx_hal.c.obj
                0x08000548                HAL_GetTick
 .text.HAL_NVIC_SetPriorityGrouping
                0x08000554       0x24 CMakeFiles/ZHANGSHUO_CAR_V1.elf.dir/Drivers/STM32F1xx_HAL_Driver/Src/stm32f1xx_hal_cortex.c.obj
                0x08000554                HAL_NVIC_SetPriorityGrouping
 .text.HAL_NVIC_SetPriority
                0x08000578       0x68 CMakeFiles/ZHANGSHUO_CAR_V1.elf.dir/Drivers/STM32F1xx_HAL_Driver/Src/stm32f1xx_hal_cortex.c.obj
                0x08000578                HAL_NVIC_SetPriority
 .text.HAL_NVIC_EnableIRQ
                0x080005e0       0x1c CMakeFiles/ZHANGSHUO_CAR_V1.elf.dir/Drivers/STM32F1xx_HAL_Driver/Src/stm32f1xx_hal_cortex.c.obj
                0x080005e0                HAL_NVIC_EnableIRQ
 .text.HAL_SYSTICK_Config
                0x080005fc       0x2c CMakeFiles/ZHANGSHUO_CAR_V1.elf.dir/Drivers/STM32F1xx_HAL_Driver/Src/stm32f1xx_hal_cortex.c.obj
                0x080005fc                HAL_SYSTICK_Config
 .text.HAL_DMA_Abort
                0x08000628       0x44 CMakeFiles/ZHANGSHUO_CAR_V1.elf.dir/Drivers/STM32F1xx_HAL_Driver/Src/stm32f1xx_hal_dma.c.obj
                0x08000628                HAL_DMA_Abort
 .text.HAL_DMA_Abort_IT
                0x0800066c      0x168 CMakeFiles/ZHANGSHUO_CAR_V1.elf.dir/Drivers/STM32F1xx_HAL_Driver/Src/stm32f1xx_hal_dma.c.obj
                0x0800066c                HAL_DMA_Abort_IT
 .text.HAL_GPIO_Init
                0x080007d4      0x238 CMakeFiles/ZHANGSHUO_CAR_V1.elf.dir/Drivers/STM32F1xx_HAL_Driver/Src/stm32f1xx_hal_gpio.c.obj
                0x080007d4                HAL_GPIO_Init
 .text.HAL_GPIO_WritePin
                0x08000a0c        0xc CMakeFiles/ZHANGSHUO_CAR_V1.elf.dir/Drivers/STM32F1xx_HAL_Driver/Src/stm32f1xx_hal_gpio.c.obj
                0x08000a0c                HAL_GPIO_WritePin
 .text.RCC_Delay
                0x08000a18       0x2c CMakeFiles/ZHANGSHUO_CAR_V1.elf.dir/Drivers/STM32F1xx_HAL_Driver/Src/stm32f1xx_hal_rcc.c.obj
 .text.HAL_RCC_OscConfig
                0x08000a44      0x410 CMakeFiles/ZHANGSHUO_CAR_V1.elf.dir/Drivers/STM32F1xx_HAL_Driver/Src/stm32f1xx_hal_rcc.c.obj
                0x08000a44                HAL_RCC_OscConfig
 .text.HAL_RCC_GetSysClockFreq
                0x08000e54       0x6c CMakeFiles/ZHANGSHUO_CAR_V1.elf.dir/Drivers/STM32F1xx_HAL_Driver/Src/stm32f1xx_hal_rcc.c.obj
                0x08000e54                HAL_RCC_GetSysClockFreq
 .text.HAL_RCC_ClockConfig
                0x08000ec0      0x16c CMakeFiles/ZHANGSHUO_CAR_V1.elf.dir/Drivers/STM32F1xx_HAL_Driver/Src/stm32f1xx_hal_rcc.c.obj
                0x08000ec0                HAL_RCC_ClockConfig
 .text.HAL_RCC_GetHCLKFreq
                0x0800102c        0xc CMakeFiles/ZHANGSHUO_CAR_V1.elf.dir/Drivers/STM32F1xx_HAL_Driver/Src/stm32f1xx_hal_rcc.c.obj
                0x0800102c                HAL_RCC_GetHCLKFreq
 .text.HAL_RCC_GetPCLK1Freq
                0x08001038       0x20 CMakeFiles/ZHANGSHUO_CAR_V1.elf.dir/Drivers/STM32F1xx_HAL_Driver/Src/stm32f1xx_hal_rcc.c.obj
                0x08001038                HAL_RCC_GetPCLK1Freq
 .text.HAL_RCC_GetPCLK2Freq
                0x08001058       0x20 CMakeFiles/ZHANGSHUO_CAR_V1.elf.dir/Drivers/STM32F1xx_HAL_Driver/Src/stm32f1xx_hal_rcc.c.obj
                0x08001058                HAL_RCC_GetPCLK2Freq
 .text.UART_EndRxTransfer
                0x08001078       0x32 CMakeFiles/ZHANGSHUO_CAR_V1.elf.dir/Drivers/STM32F1xx_HAL_Driver/Src/stm32f1xx_hal_uart.c.obj
 .text.UART_Transmit_IT
                0x080010aa       0x60 CMakeFiles/ZHANGSHUO_CAR_V1.elf.dir/Drivers/STM32F1xx_HAL_Driver/Src/stm32f1xx_hal_uart.c.obj
 *fill*         0x0800110a        0x2 
 .text.UART_SetConfig
                0x0800110c       0x90 CMakeFiles/ZHANGSHUO_CAR_V1.elf.dir/Drivers/STM32F1xx_HAL_Driver/Src/stm32f1xx_hal_uart.c.obj
 .text.UART_WaitOnFlagUntilTimeout
                0x0800119c       0x68 CMakeFiles/ZHANGSHUO_CAR_V1.elf.dir/Drivers/STM32F1xx_HAL_Driver/Src/stm32f1xx_hal_uart.c.obj
 .text.HAL_UART_Init
                0x08001204       0x5e CMakeFiles/ZHANGSHUO_CAR_V1.elf.dir/Drivers/STM32F1xx_HAL_Driver/Src/stm32f1xx_hal_uart.c.obj
                0x08001204                HAL_UART_Init
 .text.HAL_UART_Transmit
                0x08001262       0xd8 CMakeFiles/ZHANGSHUO_CAR_V1.elf.dir/Drivers/STM32F1xx_HAL_Driver/Src/stm32f1xx_hal_uart.c.obj
                0x08001262                HAL_UART_Transmit
 .text.HAL_UART_TxCpltCallback
                0x0800133a        0x2 CMakeFiles/ZHANGSHUO_CAR_V1.elf.dir/Drivers/STM32F1xx_HAL_Driver/Src/stm32f1xx_hal_uart.c.obj
                0x0800133a                HAL_UART_TxCpltCallback
 .text.UART_EndTransmit_IT
                0x0800133c       0x1a CMakeFiles/ZHANGSHUO_CAR_V1.elf.dir/Drivers/STM32F1xx_HAL_Driver/Src/stm32f1xx_hal_uart.c.obj
 .text.HAL_UART_ErrorCallback
                0x08001356        0x2 CMakeFiles/ZHANGSHUO_CAR_V1.elf.dir/Drivers/STM32F1xx_HAL_Driver/Src/stm32f1xx_hal_uart.c.obj
                0x08001356                HAL_UART_ErrorCallback
 .text.UART_DMAAbortOnError
                0x08001358       0x10 CMakeFiles/ZHANGSHUO_CAR_V1.elf.dir/Drivers/STM32F1xx_HAL_Driver/Src/stm32f1xx_hal_uart.c.obj
 .text.HAL_UARTEx_RxEventCallback
                0x08001368        0x2 CMakeFiles/ZHANGSHUO_CAR_V1.elf.dir/Drivers/STM32F1xx_HAL_Driver/Src/stm32f1xx_hal_uart.c.obj
                0x08001368                HAL_UARTEx_RxEventCallback
 .text.UART_Receive_IT
                0x0800136a       0xd4 CMakeFiles/ZHANGSHUO_CAR_V1.elf.dir/Drivers/STM32F1xx_HAL_Driver/Src/stm32f1xx_hal_uart.c.obj
 *fill*         0x0800143e        0x2 
 .text.HAL_UART_IRQHandler
                0x08001440      0x204 CMakeFiles/ZHANGSHUO_CAR_V1.elf.dir/Drivers/STM32F1xx_HAL_Driver/Src/stm32f1xx_hal_uart.c.obj
                0x08001440                HAL_UART_IRQHandler
 .text.UART_Start_Receive_IT
                0x08001644       0x36 CMakeFiles/ZHANGSHUO_CAR_V1.elf.dir/Drivers/STM32F1xx_HAL_Driver/Src/stm32f1xx_hal_uart.c.obj
                0x08001644                UART_Start_Receive_IT
 .text.HAL_UART_Receive_IT
                0x0800167a       0x38 CMakeFiles/ZHANGSHUO_CAR_V1.elf.dir/Drivers/STM32F1xx_HAL_Driver/Src/stm32f1xx_hal_uart.c.obj
                0x0800167a                HAL_UART_Receive_IT
 *fill*         0x080016b2        0x2 
 .text.Reset_Handler
                0x080016b4       0x48 CMakeFiles/ZHANGSHUO_CAR_V1.elf.dir/startup/startup_stm32f103xe.s.obj
                0x080016b4                Reset_Handler
 .text.Default_Handler
                0x080016fc        0x2 CMakeFiles/ZHANGSHUO_CAR_V1.elf.dir/startup/startup_stm32f103xe.s.obj
                0x080016fc                RTC_Alarm_IRQHandler
                0x080016fc                EXTI2_IRQHandler
                0x080016fc                TIM8_TRG_COM_IRQHandler
                0x080016fc                TIM8_CC_IRQHandler
                0x080016fc                TIM1_CC_IRQHandler
                0x080016fc                TIM6_IRQHandler
                0x080016fc                PVD_IRQHandler
                0x080016fc                SDIO_IRQHandler
                0x080016fc                EXTI3_IRQHandler
                0x080016fc                EXTI0_IRQHandler
                0x080016fc                I2C2_EV_IRQHandler
                0x080016fc                ADC1_2_IRQHandler
                0x080016fc                SPI1_IRQHandler
                0x080016fc                TAMPER_IRQHandler
                0x080016fc                TIM8_UP_IRQHandler
                0x080016fc                DMA2_Channel2_IRQHandler
                0x080016fc                DMA1_Channel4_IRQHandler
                0x080016fc                USART3_IRQHandler
                0x080016fc                RTC_IRQHandler
                0x080016fc                DMA1_Channel7_IRQHandler
                0x080016fc                CAN1_RX1_IRQHandler
                0x080016fc                UART5_IRQHandler
                0x080016fc                ADC3_IRQHandler
                0x080016fc                TIM4_IRQHandler
                0x080016fc                DMA2_Channel1_IRQHandler
                0x080016fc                I2C1_EV_IRQHandler
                0x080016fc                DMA1_Channel6_IRQHandler
                0x080016fc                UART4_IRQHandler
                0x080016fc                TIM3_IRQHandler
                0x080016fc                RCC_IRQHandler
                0x080016fc                TIM1_TRG_COM_IRQHandler
                0x080016fc                DMA1_Channel1_IRQHandler
                0x080016fc                Default_Handler
                0x080016fc                EXTI15_10_IRQHandler
                0x080016fc                TIM7_IRQHandler
                0x080016fc                TIM5_IRQHandler
                0x080016fc                EXTI9_5_IRQHandler
                0x080016fc                SPI2_IRQHandler
                0x080016fc                DMA1_Channel5_IRQHandler
                0x080016fc                EXTI4_IRQHandler
                0x080016fc                USB_LP_CAN1_RX0_IRQHandler
                0x080016fc                USB_HP_CAN1_TX_IRQHandler
                0x080016fc                DMA1_Channel3_IRQHandler
                0x080016fc                FSMC_IRQHandler
                0x080016fc                TIM1_UP_IRQHandler
                0x080016fc                WWDG_IRQHandler
                0x080016fc                TIM2_IRQHandler
                0x080016fc                TIM1_BRK_IRQHandler
                0x080016fc                EXTI1_IRQHandler
                0x080016fc                DMA2_Channel4_5_IRQHandler
                0x080016fc                USART2_IRQHandler
                0x080016fc                I2C2_ER_IRQHandler
                0x080016fc                DMA1_Channel2_IRQHandler
                0x080016fc                TIM8_BRK_IRQHandler
                0x080016fc                CAN1_SCE_IRQHandler
                0x080016fc                FLASH_IRQHandler
                0x080016fc                SPI3_IRQHandler
                0x080016fc                I2C1_ER_IRQHandler
                0x080016fc                USBWakeUp_IRQHandler
                0x080016fc                DMA2_Channel3_IRQHandler
 *fill*         0x080016fe        0x2 
 .text.__libc_init_array
                0x08001700       0x48 d:/gcc-arm-none-eabi-9-2019-q4-major-win32/bin/../lib/gcc/arm-none-eabi/9.2.1/../../../../arm-none-eabi/lib/thumb/v7-m/nofp\libg.a(lib_a-init.o)
                0x08001700                __libc_init_array
 .text.startup.register_fini
                0x08001748       0x14 d:/gcc-arm-none-eabi-9-2019-q4-major-win32/bin/../lib/gcc/arm-none-eabi/9.2.1/../../../../arm-none-eabi/lib/thumb/v7-m/nofp\libg.a(lib_a-__call_atexit.o)
 .text.atexit   0x0800175c        0xc d:/gcc-arm-none-eabi-9-2019-q4-major-win32/bin/../lib/gcc/arm-none-eabi/9.2.1/../../../../arm-none-eabi/lib/thumb/v7-m/nofp\libg.a(lib_a-atexit.o)
                0x0800175c                atexit
 .text.__libc_fini_array
                0x08001768       0x2c d:/gcc-arm-none-eabi-9-2019-q4-major-win32/bin/../lib/gcc/arm-none-eabi/9.2.1/../../../../arm-none-eabi/lib/thumb/v7-m/nofp\libg.a(lib_a-fini.o)
                0x08001768                __libc_fini_array
 .text.__retarget_lock_acquire_recursive
                0x08001794        0x4 d:/gcc-arm-none-eabi-9-2019-q4-major-win32/bin/../lib/gcc/arm-none-eabi/9.2.1/../../../../arm-none-eabi/lib/thumb/v7-m/nofp\libg.a(lib_a-lock.o)
                0x08001794                __retarget_lock_acquire_recursive
 .text.__retarget_lock_release_recursive
                0x08001798        0x4 d:/gcc-arm-none-eabi-9-2019-q4-major-win32/bin/../lib/gcc/arm-none-eabi/9.2.1/../../../../arm-none-eabi/lib/thumb/v7-m/nofp\libg.a(lib_a-lock.o)
                0x08001798                __retarget_lock_release_recursive
 .text.__register_exitproc
                0x0800179c       0x8c d:/gcc-arm-none-eabi-9-2019-q4-major-win32/bin/../lib/gcc/arm-none-eabi/9.2.1/../../../../arm-none-eabi/lib/thumb/v7-m/nofp\libg.a(lib_a-__atexit.o)
                0x0800179c                __register_exitproc
 *(.glue_7)
 .glue_7        0x08001828        0x0 linker stubs
 *(.glue_7t)
 .glue_7t       0x08001828        0x0 linker stubs
 *(.eh_frame)
 .eh_frame      0x08001828        0x0 d:/gcc-arm-none-eabi-9-2019-q4-major-win32/bin/../lib/gcc/arm-none-eabi/9.2.1/thumb/v7-m/nofp/crtbegin.o
 *(.init)
 .init          0x08001828        0x4 d:/gcc-arm-none-eabi-9-2019-q4-major-win32/bin/../lib/gcc/arm-none-eabi/9.2.1/thumb/v7-m/nofp/crti.o
                0x08001828                _init
 .init          0x0800182c        0x8 d:/gcc-arm-none-eabi-9-2019-q4-major-win32/bin/../lib/gcc/arm-none-eabi/9.2.1/thumb/v7-m/nofp/crtn.o
 *(.fini)
 .fini          0x08001834        0x4 d:/gcc-arm-none-eabi-9-2019-q4-major-win32/bin/../lib/gcc/arm-none-eabi/9.2.1/thumb/v7-m/nofp/crti.o
                0x08001834                _fini
 .fini          0x08001838        0x8 d:/gcc-arm-none-eabi-9-2019-q4-major-win32/bin/../lib/gcc/arm-none-eabi/9.2.1/thumb/v7-m/nofp/crtn.o
                0x08001840                . = ALIGN (0x4)
                0x08001840                _etext = .

.vfp11_veneer   0x08001840        0x0
 .vfp11_veneer  0x08001840        0x0 linker stubs

.v4_bx          0x08001840        0x0
 .v4_bx         0x08001840        0x0 linker stubs

.iplt           0x08001840        0x0
 .iplt          0x08001840        0x0 d:/gcc-arm-none-eabi-9-2019-q4-major-win32/bin/../lib/gcc/arm-none-eabi/9.2.1/thumb/v7-m/nofp/crtbegin.o

.rodata         0x08001840       0x30
                0x08001840                . = ALIGN (0x4)
 *(.rodata)
 *(.rodata*)
 .rodata.AHBPrescTable
                0x08001840       0x10 CMakeFiles/ZHANGSHUO_CAR_V1.elf.dir/Core/Src/system_stm32f1xx.c.obj
                0x08001840                AHBPrescTable
 .rodata.APBPrescTable
                0x08001850        0x8 CMakeFiles/ZHANGSHUO_CAR_V1.elf.dir/Core/Src/system_stm32f1xx.c.obj
                0x08001850                APBPrescTable
 .rodata.HAL_RCC_GetSysClockFreq.str1.4
                0x08001858       0x11 CMakeFiles/ZHANGSHUO_CAR_V1.elf.dir/Drivers/STM32F1xx_HAL_Driver/Src/stm32f1xx_hal_rcc.c.obj
 *fill*         0x08001869        0x3 
 .rodata._global_impure_ptr
                0x0800186c        0x4 d:/gcc-arm-none-eabi-9-2019-q4-major-win32/bin/../lib/gcc/arm-none-eabi/9.2.1/../../../../arm-none-eabi/lib/thumb/v7-m/nofp\libg.a(lib_a-impure.o)
                0x0800186c                _global_impure_ptr
                0x08001870                . = ALIGN (0x4)

.rel.dyn        0x08001870        0x0
 .rel.iplt      0x08001870        0x0 d:/gcc-arm-none-eabi-9-2019-q4-major-win32/bin/../lib/gcc/arm-none-eabi/9.2.1/thumb/v7-m/nofp/crtbegin.o

.ARM.extab
 *(.ARM.extab* .gnu.linkonce.armextab.*)

.ARM            0x08001870        0x0
                0x08001870                __exidx_start = .
 *(.ARM.exidx*)
                0x08001870                __exidx_end = .

.preinit_array  0x08001870        0x0
                0x08001870                PROVIDE (__preinit_array_start = .)
 *(.preinit_array*)
                0x08001870                PROVIDE (__preinit_array_end = .)

.init_array     0x08001870        0x8
                0x08001870                PROVIDE (__init_array_start = .)
 *(SORT_BY_NAME(.init_array.*))
 .init_array.00000
                0x08001870        0x4 d:/gcc-arm-none-eabi-9-2019-q4-major-win32/bin/../lib/gcc/arm-none-eabi/9.2.1/../../../../arm-none-eabi/lib/thumb/v7-m/nofp\libg.a(lib_a-__call_atexit.o)
 *(.init_array*)
 .init_array    0x08001874        0x4 d:/gcc-arm-none-eabi-9-2019-q4-major-win32/bin/../lib/gcc/arm-none-eabi/9.2.1/thumb/v7-m/nofp/crtbegin.o
                0x08001878                PROVIDE (__init_array_end = .)

.fini_array     0x08001878        0x4
                0x08001878                PROVIDE (__fini_array_start = .)
 *(SORT_BY_NAME(.fini_array.*))
 *(.fini_array*)
 .fini_array    0x08001878        0x4 d:/gcc-arm-none-eabi-9-2019-q4-major-win32/bin/../lib/gcc/arm-none-eabi/9.2.1/thumb/v7-m/nofp/crtbegin.o
                0x0800187c                PROVIDE (__fini_array_end = .)
                0x0800187c                _sidata = LOADADDR (.data)

.data           0x20000000      0x43c load address 0x0800187c
                0x20000000                . = ALIGN (0x4)
                0x20000000                _sdata = .
 *(.data)
 *(.data*)
 .data.SystemCoreClock
                0x20000000        0x4 CMakeFiles/ZHANGSHUO_CAR_V1.elf.dir/Core/Src/system_stm32f1xx.c.obj
                0x20000000                SystemCoreClock
 .data.uwTickFreq
                0x20000004        0x1 CMakeFiles/ZHANGSHUO_CAR_V1.elf.dir/Drivers/STM32F1xx_HAL_Driver/Src/stm32f1xx_hal.c.obj
                0x20000004                uwTickFreq
 *fill*         0x20000005        0x3 
 .data.uwTickPrio
                0x20000008        0x4 CMakeFiles/ZHANGSHUO_CAR_V1.elf.dir/Drivers/STM32F1xx_HAL_Driver/Src/stm32f1xx_hal.c.obj
                0x20000008                uwTickPrio
 *fill*         0x2000000c        0x4 
 .data.impure_data
                0x20000010      0x428 d:/gcc-arm-none-eabi-9-2019-q4-major-win32/bin/../lib/gcc/arm-none-eabi/9.2.1/../../../../arm-none-eabi/lib/thumb/v7-m/nofp\libg.a(lib_a-impure.o)
 .data.__atexit_recursive_mutex
                0x20000438        0x4 d:/gcc-arm-none-eabi-9-2019-q4-major-win32/bin/../lib/gcc/arm-none-eabi/9.2.1/../../../../arm-none-eabi/lib/thumb/v7-m/nofp\libg.a(lib_a-__call_atexit.o)
                0x20000438                __atexit_recursive_mutex
                0x2000043c                . = ALIGN (0x4)
                0x2000043c                _edata = .

.igot.plt       0x2000043c        0x0 load address 0x08001cb8
 .igot.plt      0x2000043c        0x0 d:/gcc-arm-none-eabi-9-2019-q4-major-win32/bin/../lib/gcc/arm-none-eabi/9.2.1/thumb/v7-m/nofp/crtbegin.o
                0x2000043c                . = ALIGN (0x4)

.bss            0x2000043c       0x9c load address 0x08001cb8
                0x2000043c                _sbss = .
                0x2000043c                __bss_start__ = _sbss
 *(.bss)
 .bss           0x2000043c       0x1c d:/gcc-arm-none-eabi-9-2019-q4-major-win32/bin/../lib/gcc/arm-none-eabi/9.2.1/thumb/v7-m/nofp/crtbegin.o
 *(.bss*)
 .bss.data      0x20000458       0x14 CMakeFiles/ZHANGSHUO_CAR_V1.elf.dir/Core/Src/main.c.obj
                0x20000458                data
 .bss.huart1    0x2000046c       0x44 CMakeFiles/ZHANGSHUO_CAR_V1.elf.dir/Core/Src/usart.c.obj
                0x2000046c                huart1
 .bss.uwTick    0x200004b0        0x4 CMakeFiles/ZHANGSHUO_CAR_V1.elf.dir/Drivers/STM32F1xx_HAL_Driver/Src/stm32f1xx_hal.c.obj
                0x200004b0                uwTick
 *(COMMON)
 COMMON         0x200004b4       0x21 d:/gcc-arm-none-eabi-9-2019-q4-major-win32/bin/../lib/gcc/arm-none-eabi/9.2.1/../../../../arm-none-eabi/lib/thumb/v7-m/nofp\libg.a(lib_a-lock.o)
                0x200004b4                __lock___atexit_recursive_mutex
                0x200004b8                __lock___arc4random_mutex
                0x200004bc                __lock___env_recursive_mutex
                0x200004c0                __lock___sinit_recursive_mutex
                0x200004c4                __lock___malloc_recursive_mutex
                0x200004c8                __lock___at_quick_exit_mutex
                0x200004cc                __lock___dd_hash_mutex
                0x200004d0                __lock___tz_mutex
                0x200004d4                __lock___sfp_recursive_mutex
                0x200004d8                . = ALIGN (0x4)
 *fill*         0x200004d5        0x3 
                0x200004d8                _ebss = .
                0x200004d8                __bss_end__ = _ebss

._user_heap_stack
                0x200004d8      0x600 load address 0x08001cb8
                0x200004d8                . = ALIGN (0x8)
                0x200004d8                PROVIDE (end = .)
                [!provide]                PROVIDE (_end = .)
                0x200006d8                . = (. + _Min_Heap_Size)
 *fill*         0x200004d8      0x200 
                0x20000ad8                . = (. + _Min_Stack_Size)
 *fill*         0x200006d8      0x400 
                0x20000ad8                . = ALIGN (0x8)

/DISCARD/
 libc.a(*)
 libm.a(*)
 libgcc.a(*)

.ARM.attributes
                0x00000000       0x29
 *(.ARM.attributes)
 .ARM.attributes
                0x00000000       0x1d d:/gcc-arm-none-eabi-9-2019-q4-major-win32/bin/../lib/gcc/arm-none-eabi/9.2.1/thumb/v7-m/nofp/crti.o
 .ARM.attributes
                0x0000001d       0x2d d:/gcc-arm-none-eabi-9-2019-q4-major-win32/bin/../lib/gcc/arm-none-eabi/9.2.1/thumb/v7-m/nofp/crtbegin.o
 .ARM.attributes
                0x0000004a       0x2d CMakeFiles/ZHANGSHUO_CAR_V1.elf.dir/Core/Src/gpio.c.obj
 .ARM.attributes
                0x00000077       0x2d CMakeFiles/ZHANGSHUO_CAR_V1.elf.dir/Core/Src/main.c.obj
 .ARM.attributes
                0x000000a4       0x2d CMakeFiles/ZHANGSHUO_CAR_V1.elf.dir/Core/Src/stm32f1xx_hal_msp.c.obj
 .ARM.attributes
                0x000000d1       0x2d CMakeFiles/ZHANGSHUO_CAR_V1.elf.dir/Core/Src/stm32f1xx_it.c.obj
 .ARM.attributes
                0x000000fe       0x2d CMakeFiles/ZHANGSHUO_CAR_V1.elf.dir/Core/Src/system_stm32f1xx.c.obj
 .ARM.attributes
                0x0000012b       0x2d CMakeFiles/ZHANGSHUO_CAR_V1.elf.dir/Core/Src/usart.c.obj
 .ARM.attributes
                0x00000158       0x2d CMakeFiles/ZHANGSHUO_CAR_V1.elf.dir/Drivers/STM32F1xx_HAL_Driver/Src/stm32f1xx_hal.c.obj
 .ARM.attributes
                0x00000185       0x2d CMakeFiles/ZHANGSHUO_CAR_V1.elf.dir/Drivers/STM32F1xx_HAL_Driver/Src/stm32f1xx_hal_cortex.c.obj
 .ARM.attributes
                0x000001b2       0x2d CMakeFiles/ZHANGSHUO_CAR_V1.elf.dir/Drivers/STM32F1xx_HAL_Driver/Src/stm32f1xx_hal_dma.c.obj
 .ARM.attributes
                0x000001df       0x2d CMakeFiles/ZHANGSHUO_CAR_V1.elf.dir/Drivers/STM32F1xx_HAL_Driver/Src/stm32f1xx_hal_gpio.c.obj
 .ARM.attributes
                0x0000020c       0x2d CMakeFiles/ZHANGSHUO_CAR_V1.elf.dir/Drivers/STM32F1xx_HAL_Driver/Src/stm32f1xx_hal_rcc.c.obj
 .ARM.attributes
                0x00000239       0x2d CMakeFiles/ZHANGSHUO_CAR_V1.elf.dir/Drivers/STM32F1xx_HAL_Driver/Src/stm32f1xx_hal_uart.c.obj
 .ARM.attributes
                0x00000266       0x21 CMakeFiles/ZHANGSHUO_CAR_V1.elf.dir/startup/startup_stm32f103xe.s.obj
 .ARM.attributes
                0x00000287       0x2d d:/gcc-arm-none-eabi-9-2019-q4-major-win32/bin/../lib/gcc/arm-none-eabi/9.2.1/../../../../arm-none-eabi/lib/thumb/v7-m/nofp\libg.a(lib_a-impure.o)
 .ARM.attributes
                0x000002b4       0x2d d:/gcc-arm-none-eabi-9-2019-q4-major-win32/bin/../lib/gcc/arm-none-eabi/9.2.1/../../../../arm-none-eabi/lib/thumb/v7-m/nofp\libg.a(lib_a-init.o)
 .ARM.attributes
                0x000002e1       0x2d d:/gcc-arm-none-eabi-9-2019-q4-major-win32/bin/../lib/gcc/arm-none-eabi/9.2.1/../../../../arm-none-eabi/lib/thumb/v7-m/nofp\libg.a(lib_a-__call_atexit.o)
 .ARM.attributes
                0x0000030e       0x2d d:/gcc-arm-none-eabi-9-2019-q4-major-win32/bin/../lib/gcc/arm-none-eabi/9.2.1/../../../../arm-none-eabi/lib/thumb/v7-m/nofp\libg.a(lib_a-atexit.o)
 .ARM.attributes
                0x0000033b       0x2d d:/gcc-arm-none-eabi-9-2019-q4-major-win32/bin/../lib/gcc/arm-none-eabi/9.2.1/../../../../arm-none-eabi/lib/thumb/v7-m/nofp\libg.a(lib_a-fini.o)
 .ARM.attributes
                0x00000368       0x2d d:/gcc-arm-none-eabi-9-2019-q4-major-win32/bin/../lib/gcc/arm-none-eabi/9.2.1/../../../../arm-none-eabi/lib/thumb/v7-m/nofp\libg.a(lib_a-lock.o)
 .ARM.attributes
                0x00000395       0x2d d:/gcc-arm-none-eabi-9-2019-q4-major-win32/bin/../lib/gcc/arm-none-eabi/9.2.1/../../../../arm-none-eabi/lib/thumb/v7-m/nofp\libg.a(lib_a-__atexit.o)
 .ARM.attributes
                0x000003c2       0x1d d:/gcc-arm-none-eabi-9-2019-q4-major-win32/bin/../lib/gcc/arm-none-eabi/9.2.1/thumb/v7-m/nofp/crtn.o
OUTPUT(ZHANGSHUO_CAR_V1.elf elf32-littlearm)

.debug_info     0x00000000     0x7537
 .debug_info    0x00000000      0x43a CMakeFiles/ZHANGSHUO_CAR_V1.elf.dir/Core/Src/gpio.c.obj
 .debug_info    0x0000043a      0x932 CMakeFiles/ZHANGSHUO_CAR_V1.elf.dir/Core/Src/main.c.obj
 .debug_info    0x00000d6c      0x2fd CMakeFiles/ZHANGSHUO_CAR_V1.elf.dir/Core/Src/stm32f1xx_hal_msp.c.obj
 .debug_info    0x00001069      0x6f2 CMakeFiles/ZHANGSHUO_CAR_V1.elf.dir/Core/Src/stm32f1xx_it.c.obj
 .debug_info    0x0000175b      0x2c9 CMakeFiles/ZHANGSHUO_CAR_V1.elf.dir/Core/Src/system_stm32f1xx.c.obj
 .debug_info    0x00001a24      0xb17 CMakeFiles/ZHANGSHUO_CAR_V1.elf.dir/Core/Src/usart.c.obj
 .debug_info    0x0000253b      0x897 CMakeFiles/ZHANGSHUO_CAR_V1.elf.dir/Drivers/STM32F1xx_HAL_Driver/Src/stm32f1xx_hal.c.obj
 .debug_info    0x00002dd2      0xeac CMakeFiles/ZHANGSHUO_CAR_V1.elf.dir/Drivers/STM32F1xx_HAL_Driver/Src/stm32f1xx_hal_cortex.c.obj
 .debug_info    0x00003c7e      0x932 CMakeFiles/ZHANGSHUO_CAR_V1.elf.dir/Drivers/STM32F1xx_HAL_Driver/Src/stm32f1xx_hal_dma.c.obj
 .debug_info    0x000045b0      0x75b CMakeFiles/ZHANGSHUO_CAR_V1.elf.dir/Drivers/STM32F1xx_HAL_Driver/Src/stm32f1xx_hal_gpio.c.obj
 .debug_info    0x00004d0b      0xaab CMakeFiles/ZHANGSHUO_CAR_V1.elf.dir/Drivers/STM32F1xx_HAL_Driver/Src/stm32f1xx_hal_rcc.c.obj
 .debug_info    0x000057b6     0x1d5f CMakeFiles/ZHANGSHUO_CAR_V1.elf.dir/Drivers/STM32F1xx_HAL_Driver/Src/stm32f1xx_hal_uart.c.obj
 .debug_info    0x00007515       0x22 CMakeFiles/ZHANGSHUO_CAR_V1.elf.dir/startup/startup_stm32f103xe.s.obj

.debug_abbrev   0x00000000     0x18b1
 .debug_abbrev  0x00000000      0x17b CMakeFiles/ZHANGSHUO_CAR_V1.elf.dir/Core/Src/gpio.c.obj
 .debug_abbrev  0x0000017b      0x21a CMakeFiles/ZHANGSHUO_CAR_V1.elf.dir/Core/Src/main.c.obj
 .debug_abbrev  0x00000395      0x12e CMakeFiles/ZHANGSHUO_CAR_V1.elf.dir/Core/Src/stm32f1xx_hal_msp.c.obj
 .debug_abbrev  0x000004c3      0x180 CMakeFiles/ZHANGSHUO_CAR_V1.elf.dir/Core/Src/stm32f1xx_it.c.obj
 .debug_abbrev  0x00000643      0x151 CMakeFiles/ZHANGSHUO_CAR_V1.elf.dir/Core/Src/system_stm32f1xx.c.obj
 .debug_abbrev  0x00000794      0x1f6 CMakeFiles/ZHANGSHUO_CAR_V1.elf.dir/Core/Src/usart.c.obj
 .debug_abbrev  0x0000098a      0x219 CMakeFiles/ZHANGSHUO_CAR_V1.elf.dir/Drivers/STM32F1xx_HAL_Driver/Src/stm32f1xx_hal.c.obj
 .debug_abbrev  0x00000ba3      0x367 CMakeFiles/ZHANGSHUO_CAR_V1.elf.dir/Drivers/STM32F1xx_HAL_Driver/Src/stm32f1xx_hal_cortex.c.obj
 .debug_abbrev  0x00000f0a      0x262 CMakeFiles/ZHANGSHUO_CAR_V1.elf.dir/Drivers/STM32F1xx_HAL_Driver/Src/stm32f1xx_hal_dma.c.obj
 .debug_abbrev  0x0000116c      0x213 CMakeFiles/ZHANGSHUO_CAR_V1.elf.dir/Drivers/STM32F1xx_HAL_Driver/Src/stm32f1xx_hal_gpio.c.obj
 .debug_abbrev  0x0000137f      0x28d CMakeFiles/ZHANGSHUO_CAR_V1.elf.dir/Drivers/STM32F1xx_HAL_Driver/Src/stm32f1xx_hal_rcc.c.obj
 .debug_abbrev  0x0000160c      0x293 CMakeFiles/ZHANGSHUO_CAR_V1.elf.dir/Drivers/STM32F1xx_HAL_Driver/Src/stm32f1xx_hal_uart.c.obj
 .debug_abbrev  0x0000189f       0x12 CMakeFiles/ZHANGSHUO_CAR_V1.elf.dir/startup/startup_stm32f103xe.s.obj

.debug_aranges  0x00000000      0x638
 .debug_aranges
                0x00000000       0x20 CMakeFiles/ZHANGSHUO_CAR_V1.elf.dir/Core/Src/gpio.c.obj
 .debug_aranges
                0x00000020       0x38 CMakeFiles/ZHANGSHUO_CAR_V1.elf.dir/Core/Src/main.c.obj
 .debug_aranges
                0x00000058       0x20 CMakeFiles/ZHANGSHUO_CAR_V1.elf.dir/Core/Src/stm32f1xx_hal_msp.c.obj
 .debug_aranges
                0x00000078       0x68 CMakeFiles/ZHANGSHUO_CAR_V1.elf.dir/Core/Src/stm32f1xx_it.c.obj
 .debug_aranges
                0x000000e0       0x28 CMakeFiles/ZHANGSHUO_CAR_V1.elf.dir/Core/Src/system_stm32f1xx.c.obj
 .debug_aranges
                0x00000108       0x30 CMakeFiles/ZHANGSHUO_CAR_V1.elf.dir/Core/Src/usart.c.obj
 .debug_aranges
                0x00000138       0xe0 CMakeFiles/ZHANGSHUO_CAR_V1.elf.dir/Drivers/STM32F1xx_HAL_Driver/Src/stm32f1xx_hal.c.obj
 .debug_aranges
                0x00000218       0x90 CMakeFiles/ZHANGSHUO_CAR_V1.elf.dir/Drivers/STM32F1xx_HAL_Driver/Src/stm32f1xx_hal_cortex.c.obj
 .debug_aranges
                0x000002a8       0x80 CMakeFiles/ZHANGSHUO_CAR_V1.elf.dir/Drivers/STM32F1xx_HAL_Driver/Src/stm32f1xx_hal_dma.c.obj
 .debug_aranges
                0x00000328       0x58 CMakeFiles/ZHANGSHUO_CAR_V1.elf.dir/Drivers/STM32F1xx_HAL_Driver/Src/stm32f1xx_hal_gpio.c.obj
 .debug_aranges
                0x00000380       0x90 CMakeFiles/ZHANGSHUO_CAR_V1.elf.dir/Drivers/STM32F1xx_HAL_Driver/Src/stm32f1xx_hal_rcc.c.obj
 .debug_aranges
                0x00000410      0x200 CMakeFiles/ZHANGSHUO_CAR_V1.elf.dir/Drivers/STM32F1xx_HAL_Driver/Src/stm32f1xx_hal_uart.c.obj
 .debug_aranges
                0x00000610       0x28 CMakeFiles/ZHANGSHUO_CAR_V1.elf.dir/startup/startup_stm32f103xe.s.obj

.debug_ranges   0x00000000      0x5f0
 .debug_ranges  0x00000000       0x10 CMakeFiles/ZHANGSHUO_CAR_V1.elf.dir/Core/Src/gpio.c.obj
 .debug_ranges  0x00000010       0x28 CMakeFiles/ZHANGSHUO_CAR_V1.elf.dir/Core/Src/main.c.obj
 .debug_ranges  0x00000038       0x10 CMakeFiles/ZHANGSHUO_CAR_V1.elf.dir/Core/Src/stm32f1xx_hal_msp.c.obj
 .debug_ranges  0x00000048       0x58 CMakeFiles/ZHANGSHUO_CAR_V1.elf.dir/Core/Src/stm32f1xx_it.c.obj
 .debug_ranges  0x000000a0       0x18 CMakeFiles/ZHANGSHUO_CAR_V1.elf.dir/Core/Src/system_stm32f1xx.c.obj
 .debug_ranges  0x000000b8       0x20 CMakeFiles/ZHANGSHUO_CAR_V1.elf.dir/Core/Src/usart.c.obj
 .debug_ranges  0x000000d8       0xd0 CMakeFiles/ZHANGSHUO_CAR_V1.elf.dir/Drivers/STM32F1xx_HAL_Driver/Src/stm32f1xx_hal.c.obj
 .debug_ranges  0x000001a8       0xe0 CMakeFiles/ZHANGSHUO_CAR_V1.elf.dir/Drivers/STM32F1xx_HAL_Driver/Src/stm32f1xx_hal_cortex.c.obj
 .debug_ranges  0x00000288       0x70 CMakeFiles/ZHANGSHUO_CAR_V1.elf.dir/Drivers/STM32F1xx_HAL_Driver/Src/stm32f1xx_hal_dma.c.obj
 .debug_ranges  0x000002f8       0x48 CMakeFiles/ZHANGSHUO_CAR_V1.elf.dir/Drivers/STM32F1xx_HAL_Driver/Src/stm32f1xx_hal_gpio.c.obj
 .debug_ranges  0x00000340       0xa0 CMakeFiles/ZHANGSHUO_CAR_V1.elf.dir/Drivers/STM32F1xx_HAL_Driver/Src/stm32f1xx_hal_rcc.c.obj
 .debug_ranges  0x000003e0      0x1f0 CMakeFiles/ZHANGSHUO_CAR_V1.elf.dir/Drivers/STM32F1xx_HAL_Driver/Src/stm32f1xx_hal_uart.c.obj
 .debug_ranges  0x000005d0       0x20 CMakeFiles/ZHANGSHUO_CAR_V1.elf.dir/startup/startup_stm32f103xe.s.obj

.debug_line     0x00000000     0x63a0
 .debug_line    0x00000000      0x2bb CMakeFiles/ZHANGSHUO_CAR_V1.elf.dir/Core/Src/gpio.c.obj
 .debug_line    0x000002bb      0x41a CMakeFiles/ZHANGSHUO_CAR_V1.elf.dir/Core/Src/main.c.obj
 .debug_line    0x000006d5      0x25f CMakeFiles/ZHANGSHUO_CAR_V1.elf.dir/Core/Src/stm32f1xx_hal_msp.c.obj
 .debug_line    0x00000934      0x39a CMakeFiles/ZHANGSHUO_CAR_V1.elf.dir/Core/Src/stm32f1xx_it.c.obj
 .debug_line    0x00000cce      0x312 CMakeFiles/ZHANGSHUO_CAR_V1.elf.dir/Core/Src/system_stm32f1xx.c.obj
 .debug_line    0x00000fe0      0x3f7 CMakeFiles/ZHANGSHUO_CAR_V1.elf.dir/Core/Src/usart.c.obj
 .debug_line    0x000013d7      0x5a2 CMakeFiles/ZHANGSHUO_CAR_V1.elf.dir/Drivers/STM32F1xx_HAL_Driver/Src/stm32f1xx_hal.c.obj
 .debug_line    0x00001979      0x6f8 CMakeFiles/ZHANGSHUO_CAR_V1.elf.dir/Drivers/STM32F1xx_HAL_Driver/Src/stm32f1xx_hal_cortex.c.obj
 .debug_line    0x00002071      0xdaf CMakeFiles/ZHANGSHUO_CAR_V1.elf.dir/Drivers/STM32F1xx_HAL_Driver/Src/stm32f1xx_hal_dma.c.obj
 .debug_line    0x00002e20      0x6b5 CMakeFiles/ZHANGSHUO_CAR_V1.elf.dir/Drivers/STM32F1xx_HAL_Driver/Src/stm32f1xx_hal_gpio.c.obj
 .debug_line    0x000034d5      0xcbf CMakeFiles/ZHANGSHUO_CAR_V1.elf.dir/Drivers/STM32F1xx_HAL_Driver/Src/stm32f1xx_hal_rcc.c.obj
 .debug_line    0x00004194     0x2167 CMakeFiles/ZHANGSHUO_CAR_V1.elf.dir/Drivers/STM32F1xx_HAL_Driver/Src/stm32f1xx_hal_uart.c.obj
 .debug_line    0x000062fb       0xa5 CMakeFiles/ZHANGSHUO_CAR_V1.elf.dir/startup/startup_stm32f103xe.s.obj

.debug_str      0x00000000     0x21b4
 .debug_str     0x00000000      0x36a CMakeFiles/ZHANGSHUO_CAR_V1.elf.dir/Core/Src/gpio.c.obj
                                0x3c5 (size before relaxing)
 .debug_str     0x0000036a      0x59e CMakeFiles/ZHANGSHUO_CAR_V1.elf.dir/Core/Src/main.c.obj
                                0x8a4 (size before relaxing)
 .debug_str     0x00000908       0x7f CMakeFiles/ZHANGSHUO_CAR_V1.elf.dir/Core/Src/stm32f1xx_hal_msp.c.obj
                                0x367 (size before relaxing)
 .debug_str     0x00000987      0x102 CMakeFiles/ZHANGSHUO_CAR_V1.elf.dir/Core/Src/stm32f1xx_it.c.obj
                                0x76b (size before relaxing)
 .debug_str     0x00000a89       0x77 CMakeFiles/ZHANGSHUO_CAR_V1.elf.dir/Core/Src/system_stm32f1xx.c.obj
                                0x35e (size before relaxing)
 .debug_str     0x00000b00      0x47b CMakeFiles/ZHANGSHUO_CAR_V1.elf.dir/Core/Src/usart.c.obj
                                0xbc3 (size before relaxing)
 .debug_str     0x00000f7b      0x2b2 CMakeFiles/ZHANGSHUO_CAR_V1.elf.dir/Drivers/STM32F1xx_HAL_Driver/Src/stm32f1xx_hal.c.obj
                                0x9bf (size before relaxing)
 .debug_str     0x0000122d      0x3b9 CMakeFiles/ZHANGSHUO_CAR_V1.elf.dir/Drivers/STM32F1xx_HAL_Driver/Src/stm32f1xx_hal_cortex.c.obj
                                0xadb (size before relaxing)
 .debug_str     0x000015e6      0x269 CMakeFiles/ZHANGSHUO_CAR_V1.elf.dir/Drivers/STM32F1xx_HAL_Driver/Src/stm32f1xx_hal_dma.c.obj
                                0x745 (size before relaxing)
 .debug_str     0x0000184f      0x13a CMakeFiles/ZHANGSHUO_CAR_V1.elf.dir/Drivers/STM32F1xx_HAL_Driver/Src/stm32f1xx_hal_gpio.c.obj
                                0x548 (size before relaxing)
 .debug_str     0x00001989      0x219 CMakeFiles/ZHANGSHUO_CAR_V1.elf.dir/Drivers/STM32F1xx_HAL_Driver/Src/stm32f1xx_hal_rcc.c.obj
                                0x72a (size before relaxing)
 .debug_str     0x00001ba2      0x5be CMakeFiles/ZHANGSHUO_CAR_V1.elf.dir/Drivers/STM32F1xx_HAL_Driver/Src/stm32f1xx_hal_uart.c.obj
                                0xdc4 (size before relaxing)
 .debug_str     0x00002160       0x54 CMakeFiles/ZHANGSHUO_CAR_V1.elf.dir/startup/startup_stm32f103xe.s.obj
                                 0x8e (size before relaxing)

.comment        0x00000000       0x79
 .comment       0x00000000       0x79 CMakeFiles/ZHANGSHUO_CAR_V1.elf.dir/Core/Src/gpio.c.obj
                                 0x7a (size before relaxing)
 .comment       0x00000079       0x7a CMakeFiles/ZHANGSHUO_CAR_V1.elf.dir/Core/Src/main.c.obj
 .comment       0x00000079       0x7a CMakeFiles/ZHANGSHUO_CAR_V1.elf.dir/Core/Src/stm32f1xx_hal_msp.c.obj
 .comment       0x00000079       0x7a CMakeFiles/ZHANGSHUO_CAR_V1.elf.dir/Core/Src/stm32f1xx_it.c.obj
 .comment       0x00000079       0x7a CMakeFiles/ZHANGSHUO_CAR_V1.elf.dir/Core/Src/system_stm32f1xx.c.obj
 .comment       0x00000079       0x7a CMakeFiles/ZHANGSHUO_CAR_V1.elf.dir/Core/Src/usart.c.obj
 .comment       0x00000079       0x7a CMakeFiles/ZHANGSHUO_CAR_V1.elf.dir/Drivers/STM32F1xx_HAL_Driver/Src/stm32f1xx_hal.c.obj
 .comment       0x00000079       0x7a CMakeFiles/ZHANGSHUO_CAR_V1.elf.dir/Drivers/STM32F1xx_HAL_Driver/Src/stm32f1xx_hal_cortex.c.obj
 .comment       0x00000079       0x7a CMakeFiles/ZHANGSHUO_CAR_V1.elf.dir/Drivers/STM32F1xx_HAL_Driver/Src/stm32f1xx_hal_dma.c.obj
 .comment       0x00000079       0x7a CMakeFiles/ZHANGSHUO_CAR_V1.elf.dir/Drivers/STM32F1xx_HAL_Driver/Src/stm32f1xx_hal_gpio.c.obj
 .comment       0x00000079       0x7a CMakeFiles/ZHANGSHUO_CAR_V1.elf.dir/Drivers/STM32F1xx_HAL_Driver/Src/stm32f1xx_hal_rcc.c.obj
 .comment       0x00000079       0x7a CMakeFiles/ZHANGSHUO_CAR_V1.elf.dir/Drivers/STM32F1xx_HAL_Driver/Src/stm32f1xx_hal_uart.c.obj

.debug_frame    0x00000000     0x1060
 .debug_frame   0x00000000       0x38 CMakeFiles/ZHANGSHUO_CAR_V1.elf.dir/Core/Src/gpio.c.obj
 .debug_frame   0x00000038       0x74 CMakeFiles/ZHANGSHUO_CAR_V1.elf.dir/Core/Src/main.c.obj
 .debug_frame   0x000000ac       0x28 CMakeFiles/ZHANGSHUO_CAR_V1.elf.dir/Core/Src/stm32f1xx_hal_msp.c.obj
 .debug_frame   0x000000d4       0xc0 CMakeFiles/ZHANGSHUO_CAR_V1.elf.dir/Core/Src/stm32f1xx_it.c.obj
 .debug_frame   0x00000194       0x30 CMakeFiles/ZHANGSHUO_CAR_V1.elf.dir/Core/Src/system_stm32f1xx.c.obj
 .debug_frame   0x000001c4       0x64 CMakeFiles/ZHANGSHUO_CAR_V1.elf.dir/Core/Src/usart.c.obj
 .debug_frame   0x00000228      0x1cc CMakeFiles/ZHANGSHUO_CAR_V1.elf.dir/Drivers/STM32F1xx_HAL_Driver/Src/stm32f1xx_hal.c.obj
 .debug_frame   0x000003f4      0x12c CMakeFiles/ZHANGSHUO_CAR_V1.elf.dir/Drivers/STM32F1xx_HAL_Driver/Src/stm32f1xx_hal_cortex.c.obj
 .debug_frame   0x00000520      0x144 CMakeFiles/ZHANGSHUO_CAR_V1.elf.dir/Drivers/STM32F1xx_HAL_Driver/Src/stm32f1xx_hal_dma.c.obj
 .debug_frame   0x00000664       0xe8 CMakeFiles/ZHANGSHUO_CAR_V1.elf.dir/Drivers/STM32F1xx_HAL_Driver/Src/stm32f1xx_hal_gpio.c.obj
 .debug_frame   0x0000074c      0x190 CMakeFiles/ZHANGSHUO_CAR_V1.elf.dir/Drivers/STM32F1xx_HAL_Driver/Src/stm32f1xx_hal_rcc.c.obj
 .debug_frame   0x000008dc      0x5c4 CMakeFiles/ZHANGSHUO_CAR_V1.elf.dir/Drivers/STM32F1xx_HAL_Driver/Src/stm32f1xx_hal_uart.c.obj
 .debug_frame   0x00000ea0       0x2c d:/gcc-arm-none-eabi-9-2019-q4-major-win32/bin/../lib/gcc/arm-none-eabi/9.2.1/../../../../arm-none-eabi/lib/thumb/v7-m/nofp\libg.a(lib_a-init.o)
 .debug_frame   0x00000ecc       0x5c d:/gcc-arm-none-eabi-9-2019-q4-major-win32/bin/../lib/gcc/arm-none-eabi/9.2.1/../../../../arm-none-eabi/lib/thumb/v7-m/nofp\libg.a(lib_a-__call_atexit.o)
 .debug_frame   0x00000f28       0x20 d:/gcc-arm-none-eabi-9-2019-q4-major-win32/bin/../lib/gcc/arm-none-eabi/9.2.1/../../../../arm-none-eabi/lib/thumb/v7-m/nofp\libg.a(lib_a-atexit.o)
 .debug_frame   0x00000f48       0x34 d:/gcc-arm-none-eabi-9-2019-q4-major-win32/bin/../lib/gcc/arm-none-eabi/9.2.1/../../../../arm-none-eabi/lib/thumb/v7-m/nofp\libg.a(lib_a-fini.o)
 .debug_frame   0x00000f7c       0xb0 d:/gcc-arm-none-eabi-9-2019-q4-major-win32/bin/../lib/gcc/arm-none-eabi/9.2.1/../../../../arm-none-eabi/lib/thumb/v7-m/nofp\libg.a(lib_a-lock.o)
 .debug_frame   0x0000102c       0x34 d:/gcc-arm-none-eabi-9-2019-q4-major-win32/bin/../lib/gcc/arm-none-eabi/9.2.1/../../../../arm-none-eabi/lib/thumb/v7-m/nofp\libg.a(lib_a-__atexit.o)

.debug_loc      0x00000000     0x3c8d
 .debug_loc     0x00000000       0x25 CMakeFiles/ZHANGSHUO_CAR_V1.elf.dir/Core/Src/main.c.obj
 .debug_loc     0x00000025       0x15 CMakeFiles/ZHANGSHUO_CAR_V1.elf.dir/Core/Src/stm32f1xx_hal_msp.c.obj
 .debug_loc     0x0000003a       0xff CMakeFiles/ZHANGSHUO_CAR_V1.elf.dir/Core/Src/system_stm32f1xx.c.obj
 .debug_loc     0x00000139       0x84 CMakeFiles/ZHANGSHUO_CAR_V1.elf.dir/Core/Src/usart.c.obj
 .debug_loc     0x000001bd      0x141 CMakeFiles/ZHANGSHUO_CAR_V1.elf.dir/Drivers/STM32F1xx_HAL_Driver/Src/stm32f1xx_hal.c.obj
 .debug_loc     0x000002fe      0x71f CMakeFiles/ZHANGSHUO_CAR_V1.elf.dir/Drivers/STM32F1xx_HAL_Driver/Src/stm32f1xx_hal_cortex.c.obj
 .debug_loc     0x00000a1d      0x7ce CMakeFiles/ZHANGSHUO_CAR_V1.elf.dir/Drivers/STM32F1xx_HAL_Driver/Src/stm32f1xx_hal_dma.c.obj
 .debug_loc     0x000011eb      0x45b CMakeFiles/ZHANGSHUO_CAR_V1.elf.dir/Drivers/STM32F1xx_HAL_Driver/Src/stm32f1xx_hal_gpio.c.obj
 .debug_loc     0x00001646      0x610 CMakeFiles/ZHANGSHUO_CAR_V1.elf.dir/Drivers/STM32F1xx_HAL_Driver/Src/stm32f1xx_hal_rcc.c.obj
 .debug_loc     0x00001c56     0x2037 CMakeFiles/ZHANGSHUO_CAR_V1.elf.dir/Drivers/STM32F1xx_HAL_Driver/Src/stm32f1xx_hal_uart.c.obj
