Archive member included to satisfy reference by file (symbol)

d:/gcc-arm-none-eabi-9-2019-q4-major-win32/bin/../lib/gcc/arm-none-eabi/9.2.1/../../../../arm-none-eabi/lib/thumb/v7-m/nofp\libg.a(lib_a-errno.o)
                              CMakeFiles/ZHANGSHUO_CAR_V1.elf.dir/Core/Src/syscalls.c.obj (__errno)
d:/gcc-arm-none-eabi-9-2019-q4-major-win32/bin/../lib/gcc/arm-none-eabi/9.2.1/../../../../arm-none-eabi/lib/thumb/v7-m/nofp\libg.a(lib_a-exit.o)
                              d:/gcc-arm-none-eabi-9-2019-q4-major-win32/bin/../lib/gcc/arm-none-eabi/9.2.1/../../../../arm-none-eabi/lib/thumb/v7-m/nofp/crt0.o (exit)
d:/gcc-arm-none-eabi-9-2019-q4-major-win32/bin/../lib/gcc/arm-none-eabi/9.2.1/../../../../arm-none-eabi/lib/thumb/v7-m/nofp\libg.a(lib_a-impure.o)
                              d:/gcc-arm-none-eabi-9-2019-q4-major-win32/bin/../lib/gcc/arm-none-eabi/9.2.1/../../../../arm-none-eabi/lib/thumb/v7-m/nofp\libg.a(lib_a-exit.o) (_global_impure_ptr)
d:/gcc-arm-none-eabi-9-2019-q4-major-win32/bin/../lib/gcc/arm-none-eabi/9.2.1/../../../../arm-none-eabi/lib/thumb/v7-m/nofp\libg.a(lib_a-init.o)
                              d:/gcc-arm-none-eabi-9-2019-q4-major-win32/bin/../lib/gcc/arm-none-eabi/9.2.1/../../../../arm-none-eabi/lib/thumb/v7-m/nofp/crt0.o (__libc_init_array)
d:/gcc-arm-none-eabi-9-2019-q4-major-win32/bin/../lib/gcc/arm-none-eabi/9.2.1/../../../../arm-none-eabi/lib/thumb/v7-m/nofp\libg.a(lib_a-memset.o)
                              d:/gcc-arm-none-eabi-9-2019-q4-major-win32/bin/../lib/gcc/arm-none-eabi/9.2.1/../../../../arm-none-eabi/lib/thumb/v7-m/nofp/crt0.o (memset)
d:/gcc-arm-none-eabi-9-2019-q4-major-win32/bin/../lib/gcc/arm-none-eabi/9.2.1/../../../../arm-none-eabi/lib/thumb/v7-m/nofp\libg.a(lib_a-__call_atexit.o)
                              d:/gcc-arm-none-eabi-9-2019-q4-major-win32/bin/../lib/gcc/arm-none-eabi/9.2.1/../../../../arm-none-eabi/lib/thumb/v7-m/nofp\libg.a(lib_a-exit.o) (__call_exitprocs)
d:/gcc-arm-none-eabi-9-2019-q4-major-win32/bin/../lib/gcc/arm-none-eabi/9.2.1/../../../../arm-none-eabi/lib/thumb/v7-m/nofp\libg.a(lib_a-atexit.o)
                              d:/gcc-arm-none-eabi-9-2019-q4-major-win32/bin/../lib/gcc/arm-none-eabi/9.2.1/../../../../arm-none-eabi/lib/thumb/v7-m/nofp\libg.a(lib_a-__call_atexit.o) (atexit)
d:/gcc-arm-none-eabi-9-2019-q4-major-win32/bin/../lib/gcc/arm-none-eabi/9.2.1/../../../../arm-none-eabi/lib/thumb/v7-m/nofp\libg.a(lib_a-fini.o)
                              d:/gcc-arm-none-eabi-9-2019-q4-major-win32/bin/../lib/gcc/arm-none-eabi/9.2.1/../../../../arm-none-eabi/lib/thumb/v7-m/nofp\libg.a(lib_a-__call_atexit.o) (__libc_fini_array)
d:/gcc-arm-none-eabi-9-2019-q4-major-win32/bin/../lib/gcc/arm-none-eabi/9.2.1/../../../../arm-none-eabi/lib/thumb/v7-m/nofp\libg.a(lib_a-lock.o)
                              d:/gcc-arm-none-eabi-9-2019-q4-major-win32/bin/../lib/gcc/arm-none-eabi/9.2.1/../../../../arm-none-eabi/lib/thumb/v7-m/nofp\libg.a(lib_a-__call_atexit.o) (__retarget_lock_acquire_recursive)
d:/gcc-arm-none-eabi-9-2019-q4-major-win32/bin/../lib/gcc/arm-none-eabi/9.2.1/../../../../arm-none-eabi/lib/thumb/v7-m/nofp\libg.a(lib_a-__atexit.o)
                              d:/gcc-arm-none-eabi-9-2019-q4-major-win32/bin/../lib/gcc/arm-none-eabi/9.2.1/../../../../arm-none-eabi/lib/thumb/v7-m/nofp\libg.a(lib_a-atexit.o) (__register_exitproc)

Allocating common symbols
Common symbol       size              file

__lock___atexit_recursive_mutex
                    0x1               d:/gcc-arm-none-eabi-9-2019-q4-major-win32/bin/../lib/gcc/arm-none-eabi/9.2.1/../../../../arm-none-eabi/lib/thumb/v7-m/nofp\libg.a(lib_a-lock.o)
__lock___arc4random_mutex
                    0x1               d:/gcc-arm-none-eabi-9-2019-q4-major-win32/bin/../lib/gcc/arm-none-eabi/9.2.1/../../../../arm-none-eabi/lib/thumb/v7-m/nofp\libg.a(lib_a-lock.o)
__lock___env_recursive_mutex
                    0x1               d:/gcc-arm-none-eabi-9-2019-q4-major-win32/bin/../lib/gcc/arm-none-eabi/9.2.1/../../../../arm-none-eabi/lib/thumb/v7-m/nofp\libg.a(lib_a-lock.o)
__lock___sinit_recursive_mutex
                    0x1               d:/gcc-arm-none-eabi-9-2019-q4-major-win32/bin/../lib/gcc/arm-none-eabi/9.2.1/../../../../arm-none-eabi/lib/thumb/v7-m/nofp\libg.a(lib_a-lock.o)
__lock___malloc_recursive_mutex
                    0x1               d:/gcc-arm-none-eabi-9-2019-q4-major-win32/bin/../lib/gcc/arm-none-eabi/9.2.1/../../../../arm-none-eabi/lib/thumb/v7-m/nofp\libg.a(lib_a-lock.o)
__lock___at_quick_exit_mutex
                    0x1               d:/gcc-arm-none-eabi-9-2019-q4-major-win32/bin/../lib/gcc/arm-none-eabi/9.2.1/../../../../arm-none-eabi/lib/thumb/v7-m/nofp\libg.a(lib_a-lock.o)
__lock___dd_hash_mutex
                    0x1               d:/gcc-arm-none-eabi-9-2019-q4-major-win32/bin/../lib/gcc/arm-none-eabi/9.2.1/../../../../arm-none-eabi/lib/thumb/v7-m/nofp\libg.a(lib_a-lock.o)
[...]
Memory Configuration

Name             Origin             Length             Attributes
RAM              0x20000000         0x00010000         xrw
FLASH            0x08000000         0x00080000         xr
*default*        0x00000000         0xffffffff

Linker script and memory map

LOAD d:/gcc-arm-none-eabi-9-2019-q4-major-win32/bin/../lib/gcc/arm-none-eabi/9.2.1/thumb/v7-m/nofp/crti.o
LOAD d:/gcc-arm-none-eabi-9-2019-q4-major-win32/bin/../lib/gcc/arm-none-eabi/9.2.1/thumb/v7-m/nofp/crtbegin.o
LOAD d:/gcc-arm-none-eabi-9-2019-q4-major-win32/bin/../lib/gcc/arm-none-eabi/9.2.1/../../../../arm-none-eabi/lib/thumb/v7-m/nofp/crt0.o
LOAD CMakeFiles/ZHANGSHUO_CAR_V1.elf.dir/Core/Src/gpio.c.obj
LOAD CMakeFiles/ZHANGSHUO_CAR_V1.elf.dir/Core/Src/main.c.obj
LOAD CMakeFiles/ZHANGSHUO_CAR_V1.elf.dir/Core/Src/stm32f1xx_hal_msp.c.obj
LOAD CMakeFiles/ZHANGSHUO_CAR_V1.elf.dir/Core/Src/stm32f1xx_it.c.obj
LOAD CMakeFiles/ZHANGSHUO_CAR_V1.elf.dir/Core/Src/syscalls.c.obj
LOAD CMakeFiles/ZHANGSHUO_CAR_V1.elf.dir/Core/Src/system_stm32f1xx.c.obj
LOAD CMakeFiles/ZHANGSHUO_CAR_V1.elf.dir/Core/Src/usart.c.obj
LOAD CMakeFiles/ZHANGSHUO_CAR_V1.elf.dir/Drivers/STM32F1xx_HAL_Driver/Src/stm32f1xx_hal.c.obj
LOAD CMakeFiles/ZHANGSHUO_CAR_V1.elf.dir/Drivers/STM32F1xx_HAL_Driver/Src/stm32f1xx_hal_cortex.c.obj
LOAD CMakeFiles/ZHANGSHUO_CAR_V1.elf.dir/Drivers/STM32F1xx_HAL_Driver/Src/stm32f1xx_hal_dma.c.obj
LOAD CMakeFiles/ZHANGSHUO_CAR_V1.elf.dir/Drivers/STM32F1xx_HAL_Driver/Src/stm32f1xx_hal_exti.c.obj
LOAD CMakeFiles/ZHANGSHUO_CAR_V1.elf.dir/Drivers/STM32F1xx_HAL_Driver/Src/stm32f1xx_hal_flash.c.obj
LOAD CMakeFiles/ZHANGSHUO_CAR_V1.elf.dir/Drivers/STM32F1xx_HAL_Driver/Src/stm32f1xx_hal_flash_ex.c.obj
LOAD CMakeFiles/ZHANGSHUO_CAR_V1.elf.dir/Drivers/STM32F1xx_HAL_Driver/Src/stm32f1xx_hal_gpio.c.obj
LOAD CMakeFiles/ZHANGSHUO_CAR_V1.elf.dir/Drivers/STM32F1xx_HAL_Driver/Src/stm32f1xx_hal_gpio_ex.c.obj
LOAD CMakeFiles/ZHANGSHUO_CAR_V1.elf.dir/Drivers/STM32F1xx_HAL_Driver/Src/stm32f1xx_hal_pwr.c.obj
LOAD CMakeFiles/ZHANGSHUO_CAR_V1.elf.dir/Drivers/STM32F1xx_HAL_Driver/Src/stm32f1xx_hal_rcc.c.obj
LOAD CMakeFiles/ZHANGSHUO_CAR_V1.elf.dir/Drivers/STM32F1xx_HAL_Driver/Src/stm32f1xx_hal_rcc_ex.c.obj
LOAD CMakeFiles/ZHANGSHUO_CAR_V1.elf.dir/Drivers/STM32F1xx_HAL_Driver/Src/stm32f1xx_hal_tim.c.obj
LOAD CMakeFiles/ZHANGSHUO_CAR_V1.elf.dir/Drivers/STM32F1xx_HAL_Driver/Src/stm32f1xx_hal_tim_ex.c.obj
LOAD CMakeFiles/ZHANGSHUO_CAR_V1.elf.dir/Drivers/STM32F1xx_HAL_Driver/Src/stm32f1xx_hal_uart.c.obj
LOAD CMakeFiles/ZHANGSHUO_CAR_V1.elf.dir/startup/startup_stm32f103xe.s.obj
START GROUP
LOAD d:/gcc-arm-none-eabi-9-2019-q4-major-win32/bin/../lib/gcc/arm-none-eabi/9.2.1/thumb/v7-m/nofp\libgcc.a
LOAD d:/gcc-arm-none-eabi-9-2019-q4-major-win32/bin/../lib/gcc/arm-none-eabi/9.2.1/../../../../arm-none-eabi/lib/thumb/v7-m/nofp\libg.a
LOAD d:/gcc-arm-none-eabi-9-2019-q4-major-win32/bin/../lib/gcc/arm-none-eabi/9.2.1/../../../../arm-none-eabi/lib/thumb/v7-m/nofp\libc.a
END GROUP
LOAD d:/gcc-arm-none-eabi-9-2019-q4-major-win32/bin/../lib/gcc/arm-none-eabi/9.2.1/thumb/v7-m/nofp/crtend.o
LOAD d:/gcc-arm-none-eabi-9-2019-q4-major-win32/bin/../lib/gcc/arm-none-eabi/9.2.1/thumb/v7-m/nofp/crtn.o
                0x20010000                _estack = 0x20010000
                0x00000200                _Min_Heap_Size = 0x200
                0x00000400                _Min_Stack_Size = 0x400

.isr_vector     0x08000000      0x1e4
                0x08000000                . = ALIGN (0x4)
 *(.isr_vector)
 .isr_vector    0x08000000      0x1e4 CMakeFiles/ZHANGSHUO_CAR_V1.elf.dir/startup/startup_stm32f103xe.s.obj
                0x08000000                g_pfnVectors
                0x080001e4                . = ALIGN (0x4)

.text           0x080001e4     0x1140
                0x080001e4                . = ALIGN (0x4)
 *(.text)
 .text          0x080001e4       0x40 d:/gcc-arm-none-eabi-9-2019-q4-major-win32/bin/../lib/gcc/arm-none-eabi/9.2.1/thumb/v7-m/nofp/crtbegin.o
 *(.text*)
 .text.MX_GPIO_Init
                0x08000224       0xb8 CMakeFiles/ZHANGSHUO_CAR_V1.elf.dir/Core/Src/gpio.c.obj
                0x08000224                MX_GPIO_Init
 .text.Error_Handler
                0x080002dc        0x4 CMakeFiles/ZHANGSHUO_CAR_V1.elf.dir/Core/Src/main.c.obj
                0x080002dc                Error_Handler
 .text.SystemClock_Config
                0x080002e0       0x62 CMakeFiles/ZHANGSHUO_CAR_V1.elf.dir/Core/Src/main.c.obj
                0x080002e0                SystemClock_Config
 *fill*         0x08000342        0x2 
 .text.main     0x08000344       0x44 CMakeFiles/ZHANGSHUO_CAR_V1.elf.dir/Core/Src/main.c.obj
                0x08000344                main
 .text.HAL_MspInit
                0x08000388       0x44 CMakeFiles/ZHANGSHUO_CAR_V1.elf.dir/Core/Src/stm32f1xx_hal_msp.c.obj
                0x08000388                HAL_MspInit
 .text.NMI_Handler
                0x080003cc        0x2 CMakeFiles/ZHANGSHUO_CAR_V1.elf.dir/Core/Src/stm32f1xx_it.c.obj
                0x080003cc                NMI_Handler
 .text.HardFault_Handler
                0x080003ce        0x2 CMakeFiles/ZHANGSHUO_CAR_V1.elf.dir/Core/Src/stm32f1xx_it.c.obj
                0x080003ce                HardFault_Handler
 .text.MemManage_Handler
                0x080003d0        0x2 CMakeFiles/ZHANGSHUO_CAR_V1.elf.dir/Core/Src/stm32f1xx_it.c.obj
                0x080003d0                MemManage_Handler
 .text.BusFault_Handler
                0x080003d2        0x2 CMakeFiles/ZHANGSHUO_CAR_V1.elf.dir/Core/Src/stm32f1xx_it.c.obj
                0x080003d2                BusFault_Handler
 .text.UsageFault_Handler
                0x080003d4        0x2 CMakeFiles/ZHANGSHUO_CAR_V1.elf.dir/Core/Src/stm32f1xx_it.c.obj
                0x080003d4                UsageFault_Handler
 .text.SVC_Handler
                0x080003d6        0x2 CMakeFiles/ZHANGSHUO_CAR_V1.elf.dir/Core/Src/stm32f1xx_it.c.obj
                0x080003d6                SVC_Handler
 .text.DebugMon_Handler
                0x080003d8        0x2 CMakeFiles/ZHANGSHUO_CAR_V1.elf.dir/Core/Src/stm32f1xx_it.c.obj
                0x080003d8                DebugMon_Handler
 .text.PendSV_Handler
                0x080003da        0x2 CMakeFiles/ZHANGSHUO_CAR_V1.elf.dir/Core/Src/stm32f1xx_it.c.obj
                0x080003da                PendSV_Handler
 .text.SysTick_Handler
                0x080003dc        0x8 CMakeFiles/ZHANGSHUO_CAR_V1.elf.dir/Core/Src/stm32f1xx_it.c.obj
                0x080003dc                SysTick_Handler
 .text.SystemInit
                0x080003e4        0x2 CMakeFiles/ZHANGSHUO_CAR_V1.elf.dir/Core/Src/system_stm32f1xx.c.obj
                0x080003e4                SystemInit
 *fill*         0x080003e6        0x2 
 .text.MX_USART1_UART_Init
                0x080003e8       0x34 CMakeFiles/ZHANGSHUO_CAR_V1.elf.dir/Core/Src/usart.c.obj
                0x080003e8                MX_USART1_UART_Init
 .text.HAL_UART_MspInit
                0x0800041c       0x78 CMakeFiles/ZHANGSHUO_CAR_V1.elf.dir/Core/Src/usart.c.obj
                0x0800041c                HAL_UART_MspInit
 .text.HAL_InitTick
                0x08000494       0x4c CMakeFiles/ZHANGSHUO_CAR_V1.elf.dir/Drivers/STM32F1xx_HAL_Driver/Src/stm32f1xx_hal.c.obj
                0x08000494                HAL_InitTick
 .text.HAL_Init
                0x080004e0       0x24 CMakeFiles/ZHANGSHUO_CAR_V1.elf.dir/Drivers/STM32F1xx_HAL_Driver/Src/stm32f1xx_hal.c.obj
                0x080004e0                HAL_Init
 .text.HAL_IncTick
                0x08000504       0x18 CMakeFiles/ZHANGSHUO_CAR_V1.elf.dir/Drivers/STM32F1xx_HAL_Driver/Src/stm32f1xx_hal.c.obj
                0x08000504                HAL_IncTick
 .text.HAL_GetTick
                0x0800051c        0xc CMakeFiles/ZHANGSHUO_CAR_V1.elf.dir/Drivers/STM32F1xx_HAL_Driver/Src/stm32f1xx_hal.c.obj
                0x0800051c                HAL_GetTick
 .text.HAL_NVIC_SetPriorityGrouping
                0x08000528       0x24 CMakeFiles/ZHANGSHUO_CAR_V1.elf.dir/Drivers/STM32F1xx_HAL_Driver/Src/stm32f1xx_hal_cortex.c.obj
                0x08000528                HAL_NVIC_SetPriorityGrouping
 .text.HAL_NVIC_SetPriority
                0x0800054c       0x68 CMakeFiles/ZHANGSHUO_CAR_V1.elf.dir/Drivers/STM32F1xx_HAL_Driver/Src/stm32f1xx_hal_cortex.c.obj
                0x0800054c                HAL_NVIC_SetPriority
 .text.HAL_SYSTICK_Config
                0x080005b4       0x2c CMakeFiles/ZHANGSHUO_CAR_V1.elf.dir/Drivers/STM32F1xx_HAL_Driver/Src/stm32f1xx_hal_cortex.c.obj
                0x080005b4                HAL_SYSTICK_Config
 .text.HAL_GPIO_Init
                0x080005e0      0x238 CMakeFiles/ZHANGSHUO_CAR_V1.elf.dir/Drivers/STM32F1xx_HAL_Driver/Src/stm32f1xx_hal_gpio.c.obj
                0x080005e0                HAL_GPIO_Init
 .text.HAL_GPIO_WritePin
                0x08000818        0xc CMakeFiles/ZHANGSHUO_CAR_V1.elf.dir/Drivers/STM32F1xx_HAL_Driver/Src/stm32f1xx_hal_gpio.c.obj
                0x08000818                HAL_GPIO_WritePin
 .text.RCC_Delay
                0x08000824       0x2c CMakeFiles/ZHANGSHUO_CAR_V1.elf.dir/Drivers/STM32F1xx_HAL_Driver/Src/stm32f1xx_hal_rcc.c.obj
 .text.HAL_RCC_OscConfig
                0x08000850      0x410 CMakeFiles/ZHANGSHUO_CAR_V1.elf.dir/Drivers/STM32F1xx_HAL_Driver/Src/stm32f1xx_hal_rcc.c.obj
                0x08000850                HAL_RCC_OscConfig
 .text.HAL_RCC_GetSysClockFreq
                0x08000c60       0x6c CMakeFiles/ZHANGSHUO_CAR_V1.elf.dir/Drivers/STM32F1xx_HAL_Driver/Src/stm32f1xx_hal_rcc.c.obj
                0x08000c60                HAL_RCC_GetSysClockFreq
 .text.HAL_RCC_ClockConfig
                0x08000ccc      0x16c CMakeFiles/ZHANGSHUO_CAR_V1.elf.dir/Drivers/STM32F1xx_HAL_Driver/Src/stm32f1xx_hal_rcc.c.obj
                0x08000ccc                HAL_RCC_ClockConfig
 .text.HAL_RCC_GetHCLKFreq
                0x08000e38        0xc CMakeFiles/ZHANGSHUO_CAR_V1.elf.dir/Drivers/STM32F1xx_HAL_Driver/Src/stm32f1xx_hal_rcc.c.obj
                0x08000e38                HAL_RCC_GetHCLKFreq
 .text.HAL_RCC_GetPCLK1Freq
                0x08000e44       0x20 CMakeFiles/ZHANGSHUO_CAR_V1.elf.dir/Drivers/STM32F1xx_HAL_Driver/Src/stm32f1xx_hal_rcc.c.obj
                0x08000e44                HAL_RCC_GetPCLK1Freq
 .text.HAL_RCC_GetPCLK2Freq
                0x08000e64       0x20 CMakeFiles/ZHANGSHUO_CAR_V1.elf.dir/Drivers/STM32F1xx_HAL_Driver/Src/stm32f1xx_hal_rcc.c.obj
                0x08000e64                HAL_RCC_GetPCLK2Freq
 .text.UART_SetConfig
                0x08000e84       0x90 CMakeFiles/ZHANGSHUO_CAR_V1.elf.dir/Drivers/STM32F1xx_HAL_Driver/Src/stm32f1xx_hal_uart.c.obj
 .text.UART_WaitOnFlagUntilTimeout
                0x08000f14       0x68 CMakeFiles/ZHANGSHUO_CAR_V1.elf.dir/Drivers/STM32F1xx_HAL_Driver/Src/stm32f1xx_hal_uart.c.obj
 .text.HAL_UART_Init
                0x08000f7c       0x5e CMakeFiles/ZHANGSHUO_CAR_V1.elf.dir/Drivers/STM32F1xx_HAL_Driver/Src/stm32f1xx_hal_uart.c.obj
                0x08000f7c                HAL_UART_Init
 .text.HAL_UART_Transmit
                0x08000fda       0xd8 CMakeFiles/ZHANGSHUO_CAR_V1.elf.dir/Drivers/STM32F1xx_HAL_Driver/Src/stm32f1xx_hal_uart.c.obj
                0x08000fda                HAL_UART_Transmit
 .text.HAL_UART_Receive
                0x080010b2       0xe4 CMakeFiles/ZHANGSHUO_CAR_V1.elf.dir/Drivers/STM32F1xx_HAL_Driver/Src/stm32f1xx_hal_uart.c.obj
                0x080010b2                HAL_UART_Receive
 *fill*         0x08001196        0x2 
 .text.Reset_Handler
                0x08001198       0x48 CMakeFiles/ZHANGSHUO_CAR_V1.elf.dir/startup/startup_stm32f103xe.s.obj
                0x08001198                Reset_Handler
 .text.Default_Handler
                0x080011e0        0x2 CMakeFiles/ZHANGSHUO_CAR_V1.elf.dir/startup/startup_stm32f103xe.s.obj
                0x080011e0                RTC_Alarm_IRQHandler
                0x080011e0                EXTI2_IRQHandler
                0x080011e0                TIM8_TRG_COM_IRQHandler
                0x080011e0                TIM8_CC_IRQHandler
                0x080011e0                TIM1_CC_IRQHandler
                0x080011e0                TIM6_IRQHandler
                0x080011e0                PVD_IRQHandler
                0x080011e0                SDIO_IRQHandler
                0x080011e0                EXTI3_IRQHandler
                0x080011e0                EXTI0_IRQHandler
                0x080011e0                I2C2_EV_IRQHandler
                0x080011e0                ADC1_2_IRQHandler
                0x080011e0                SPI1_IRQHandler
                0x080011e0                TAMPER_IRQHandler
                0x080011e0                TIM8_UP_IRQHandler
                0x080011e0                DMA2_Channel2_IRQHandler
                0x080011e0                DMA1_Channel4_IRQHandler
                0x080011e0                USART3_IRQHandler
                0x080011e0                RTC_IRQHandler
                0x080011e0                DMA1_Channel7_IRQHandler
                0x080011e0                CAN1_RX1_IRQHandler
                0x080011e0                UART5_IRQHandler
                0x080011e0                ADC3_IRQHandler
                0x080011e0                TIM4_IRQHandler
                0x080011e0                DMA2_Channel1_IRQHandler
                0x080011e0                I2C1_EV_IRQHandler
                0x080011e0                DMA1_Channel6_IRQHandler
                0x080011e0                UART4_IRQHandler
                0x080011e0                TIM3_IRQHandler
                0x080011e0                RCC_IRQHandler
                0x080011e0                TIM1_TRG_COM_IRQHandler
                0x080011e0                DMA1_Channel1_IRQHandler
                0x080011e0                Default_Handler
                0x080011e0                EXTI15_10_IRQHandler
                0x080011e0                TIM7_IRQHandler
                0x080011e0                TIM5_IRQHandler
                0x080011e0                EXTI9_5_IRQHandler
                0x080011e0                SPI2_IRQHandler
                0x080011e0                DMA1_Channel5_IRQHandler
                0x080011e0                EXTI4_IRQHandler
                0x080011e0                USB_LP_CAN1_RX0_IRQHandler
                0x080011e0                USB_HP_CAN1_TX_IRQHandler
                0x080011e0                DMA1_Channel3_IRQHandler
                0x080011e0                FSMC_IRQHandler
                0x080011e0                TIM1_UP_IRQHandler
                0x080011e0                WWDG_IRQHandler
                0x080011e0                TIM2_IRQHandler
                0x080011e0                TIM1_BRK_IRQHandler
                0x080011e0                EXTI1_IRQHandler
                0x080011e0                DMA2_Channel4_5_IRQHandler
                0x080011e0                USART2_IRQHandler
                0x080011e0                I2C2_ER_IRQHandler
                0x080011e0                DMA1_Channel2_IRQHandler
                0x080011e0                TIM8_BRK_IRQHandler
                0x080011e0                CAN1_SCE_IRQHandler
                0x080011e0                FLASH_IRQHandler
                0x080011e0                USART1_IRQHandler
                0x080011e0                SPI3_IRQHandler
                0x080011e0                I2C1_ER_IRQHandler
                0x080011e0                USBWakeUp_IRQHandler
                0x080011e0                DMA2_Channel3_IRQHandler
 *fill*         0x080011e2        0x2 
 .text.__libc_init_array
                0x080011e4       0x48 d:/gcc-arm-none-eabi-9-2019-q4-major-win32/bin/../lib/gcc/arm-none-eabi/9.2.1/../../../../arm-none-eabi/lib/thumb/v7-m/nofp\libg.a(lib_a-init.o)
                0x080011e4                __libc_init_array
 .text.startup.register_fini
                0x0800122c       0x14 d:/gcc-arm-none-eabi-9-2019-q4-major-win32/bin/../lib/gcc/arm-none-eabi/9.2.1/../../../../arm-none-eabi/lib/thumb/v7-m/nofp\libg.a(lib_a-__call_atexit.o)
 .text.atexit   0x08001240        0xc d:/gcc-arm-none-eabi-9-2019-q4-major-win32/bin/../lib/gcc/arm-none-eabi/9.2.1/../../../../arm-none-eabi/lib/thumb/v7-m/nofp\libg.a(lib_a-atexit.o)
                0x08001240                atexit
 .text.__libc_fini_array
                0x0800124c       0x2c d:/gcc-arm-none-eabi-9-2019-q4-major-win32/bin/../lib/gcc/arm-none-eabi/9.2.1/../../../../arm-none-eabi/lib/thumb/v7-m/nofp\libg.a(lib_a-fini.o)
                0x0800124c                __libc_fini_array
 .text.__retarget_lock_acquire_recursive
                0x08001278        0x4 d:/gcc-arm-none-eabi-9-2019-q4-major-win32/bin/../lib/gcc/arm-none-eabi/9.2.1/../../../../arm-none-eabi/lib/thumb/v7-m/nofp\libg.a(lib_a-lock.o)
                0x08001278                __retarget_lock_acquire_recursive
 .text.__retarget_lock_release_recursive
                0x0800127c        0x4 d:/gcc-arm-none-eabi-9-2019-q4-major-win32/bin/../lib/gcc/arm-none-eabi/9.2.1/../../../../arm-none-eabi/lib/thumb/v7-m/nofp\libg.a(lib_a-lock.o)
                0x0800127c                __retarget_lock_release_recursive
 .text.__register_exitproc
                0x08001280       0x8c d:/gcc-arm-none-eabi-9-2019-q4-major-win32/bin/../lib/gcc/arm-none-eabi/9.2.1/../../../../arm-none-eabi/lib/thumb/v7-m/nofp\libg.a(lib_a-__atexit.o)
                0x08001280                __register_exitproc
 *(.glue_7)
 .glue_7        0x0800130c        0x0 linker stubs
 *(.glue_7t)
 .glue_7t       0x0800130c        0x0 linker stubs
 *(.eh_frame)
 .eh_frame      0x0800130c        0x0 d:/gcc-arm-none-eabi-9-2019-q4-major-win32/bin/../lib/gcc/arm-none-eabi/9.2.1/thumb/v7-m/nofp/crtbegin.o
 *(.init)
 .init          0x0800130c        0x4 d:/gcc-arm-none-eabi-9-2019-q4-major-win32/bin/../lib/gcc/arm-none-eabi/9.2.1/thumb/v7-m/nofp/crti.o
                0x0800130c                _init
 .init          0x08001310        0x8 d:/gcc-arm-none-eabi-9-2019-q4-major-win32/bin/../lib/gcc/arm-none-eabi/9.2.1/thumb/v7-m/nofp/crtn.o
 *(.fini)
 .fini          0x08001318        0x4 d:/gcc-arm-none-eabi-9-2019-q4-major-win32/bin/../lib/gcc/arm-none-eabi/9.2.1/thumb/v7-m/nofp/crti.o
                0x08001318                _fini
 .fini          0x0800131c        0x8 d:/gcc-arm-none-eabi-9-2019-q4-major-win32/bin/../lib/gcc/arm-none-eabi/9.2.1/thumb/v7-m/nofp/crtn.o
                0x08001324                . = ALIGN (0x4)
                0x08001324                _etext = .

.vfp11_veneer   0x08001324        0x0
 .vfp11_veneer  0x08001324        0x0 linker stubs

.v4_bx          0x08001324        0x0
 .v4_bx         0x08001324        0x0 linker stubs

.iplt           0x08001324        0x0
 .iplt          0x08001324        0x0 d:/gcc-arm-none-eabi-9-2019-q4-major-win32/bin/../lib/gcc/arm-none-eabi/9.2.1/thumb/v7-m/nofp/crtbegin.o

.rodata         0x08001324       0x30
                0x08001324                . = ALIGN (0x4)
 *(.rodata)
 *(.rodata*)
 .rodata.AHBPrescTable
                0x08001324       0x10 CMakeFiles/ZHANGSHUO_CAR_V1.elf.dir/Core/Src/system_stm32f1xx.c.obj
                0x08001324                AHBPrescTable
 .rodata.APBPrescTable
                0x08001334        0x8 CMakeFiles/ZHANGSHUO_CAR_V1.elf.dir/Core/Src/system_stm32f1xx.c.obj
                0x08001334                APBPrescTable
 .rodata.HAL_RCC_GetSysClockFreq.str1.4
                0x0800133c       0x11 CMakeFiles/ZHANGSHUO_CAR_V1.elf.dir/Drivers/STM32F1xx_HAL_Driver/Src/stm32f1xx_hal_rcc.c.obj
 *fill*         0x0800134d        0x3 
 .rodata._global_impure_ptr
                0x08001350        0x4 d:/gcc-arm-none-eabi-9-2019-q4-major-win32/bin/../lib/gcc/arm-none-eabi/9.2.1/../../../../arm-none-eabi/lib/thumb/v7-m/nofp\libg.a(lib_a-impure.o)
                0x08001350                _global_impure_ptr
                0x08001354                . = ALIGN (0x4)

.rel.dyn        0x08001354        0x0
 .rel.iplt      0x08001354        0x0 d:/gcc-arm-none-eabi-9-2019-q4-major-win32/bin/../lib/gcc/arm-none-eabi/9.2.1/thumb/v7-m/nofp/crtbegin.o

.ARM.extab
 *(.ARM.extab* .gnu.linkonce.armextab.*)

.ARM            0x08001354        0x0
                0x08001354                __exidx_start = .
 *(.ARM.exidx*)
                0x08001354                __exidx_end = .

.preinit_array  0x08001354        0x0
                0x08001354                PROVIDE (__preinit_array_start = .)
 *(.preinit_array*)
                0x08001354                PROVIDE (__preinit_array_end = .)

.init_array     0x08001354        0x8
                0x08001354                PROVIDE (__init_array_start = .)
 *(SORT_BY_NAME(.init_array.*))
 .init_array.00000
                0x08001354        0x4 d:/gcc-arm-none-eabi-9-2019-q4-major-win32/bin/../lib/gcc/arm-none-eabi/9.2.1/../../../../arm-none-eabi/lib/thumb/v7-m/nofp\libg.a(lib_a-__call_atexit.o)
 *(.init_array*)
 .init_array    0x08001358        0x4 d:/gcc-arm-none-eabi-9-2019-q4-major-win32/bin/../lib/gcc/arm-none-eabi/9.2.1/thumb/v7-m/nofp/crtbegin.o
                0x0800135c                PROVIDE (__init_array_end = .)

.fini_array     0x0800135c        0x4
                0x0800135c                PROVIDE (__fini_array_start = .)
 *(SORT_BY_NAME(.fini_array.*))
 *(.fini_array*)
 .fini_array    0x0800135c        0x4 d:/gcc-arm-none-eabi-9-2019-q4-major-win32/bin/../lib/gcc/arm-none-eabi/9.2.1/thumb/v7-m/nofp/crtbegin.o
                0x08001360                PROVIDE (__fini_array_end = .)
                0x08001360                _sidata = LOADADDR (.data)

.data           0x20000000      0x43c load address 0x08001360
                0x20000000                . = ALIGN (0x4)
                0x20000000                _sdata = .
 *(.data)
 *(.data*)
 .data.SystemCoreClock
                0x20000000        0x4 CMakeFiles/ZHANGSHUO_CAR_V1.elf.dir/Core/Src/system_stm32f1xx.c.obj
                0x20000000                SystemCoreClock
 .data.uwTickFreq
                0x20000004        0x1 CMakeFiles/ZHANGSHUO_CAR_V1.elf.dir/Drivers/STM32F1xx_HAL_Driver/Src/stm32f1xx_hal.c.obj
                0x20000004                uwTickFreq
 *fill*         0x20000005        0x3 
 .data.uwTickPrio
                0x20000008        0x4 CMakeFiles/ZHANGSHUO_CAR_V1.elf.dir/Drivers/STM32F1xx_HAL_Driver/Src/stm32f1xx_hal.c.obj
                0x20000008                uwTickPrio
 *fill*         0x2000000c        0x4 
 .data.impure_data
                0x20000010      0x428 d:/gcc-arm-none-eabi-9-2019-q4-major-win32/bin/../lib/gcc/arm-none-eabi/9.2.1/../../../../arm-none-eabi/lib/thumb/v7-m/nofp\libg.a(lib_a-impure.o)
 .data.__atexit_recursive_mutex
                0x20000438        0x4 d:/gcc-arm-none-eabi-9-2019-q4-major-win32/bin/../lib/gcc/arm-none-eabi/9.2.1/../../../../arm-none-eabi/lib/thumb/v7-m/nofp\libg.a(lib_a-__call_atexit.o)
                0x20000438                __atexit_recursive_mutex
                0x2000043c                . = ALIGN (0x4)
                0x2000043c                _edata = .

.igot.plt       0x2000043c        0x0 load address 0x0800179c
 .igot.plt      0x2000043c        0x0 d:/gcc-arm-none-eabi-9-2019-q4-major-win32/bin/../lib/gcc/arm-none-eabi/9.2.1/thumb/v7-m/nofp/crtbegin.o
                0x2000043c                . = ALIGN (0x4)

.bss            0x2000043c       0x88 load address 0x0800179c
                0x2000043c                _sbss = .
                0x2000043c                __bss_start__ = _sbss
 *(.bss)
 .bss           0x2000043c       0x1c d:/gcc-arm-none-eabi-9-2019-q4-major-win32/bin/../lib/gcc/arm-none-eabi/9.2.1/thumb/v7-m/nofp/crtbegin.o
 *(.bss*)
 .bss.huart1    0x20000458       0x44 CMakeFiles/ZHANGSHUO_CAR_V1.elf.dir/Core/Src/usart.c.obj
                0x20000458                huart1
 .bss.uwTick    0x2000049c        0x4 CMakeFiles/ZHANGSHUO_CAR_V1.elf.dir/Drivers/STM32F1xx_HAL_Driver/Src/stm32f1xx_hal.c.obj
                0x2000049c                uwTick
 *(COMMON)
 COMMON         0x200004a0       0x21 d:/gcc-arm-none-eabi-9-2019-q4-major-win32/bin/../lib/gcc/arm-none-eabi/9.2.1/../../../../arm-none-eabi/lib/thumb/v7-m/nofp\libg.a(lib_a-lock.o)
                0x200004a0                __lock___atexit_recursive_mutex
                0x200004a4                __lock___arc4random_mutex
                0x200004a8                __lock___env_recursive_mutex
                0x200004ac                __lock___sinit_recursive_mutex
                0x200004b0                __lock___malloc_recursive_mutex
                0x200004b4                __lock___at_quick_exit_mutex
                0x200004b8                __lock___dd_hash_mutex
                0x200004bc                __lock___tz_mutex
                0x200004c0                __lock___sfp_recursive_mutex
                0x200004c4                . = ALIGN (0x4)
 *fill*         0x200004c1        0x3 
                0x200004c4                _ebss = .
                0x200004c4                __bss_end__ = _ebss

._user_heap_stack
                0x200004c4      0x604 load address 0x0800179c
                0x200004c8                . = ALIGN (0x8)
 *fill*         0x200004c4        0x4 
                0x200004c8                PROVIDE (end = .)
                [!provide]                PROVIDE (_end = .)
                0x200006c8                . = (. + _Min_Heap_Size)
 *fill*         0x200004c8      0x200 
                0x20000ac8                . = (. + _Min_Stack_Size)
 *fill*         0x200006c8      0x400 
                0x20000ac8                . = ALIGN (0x8)

/DISCARD/
 libc.a(*)
 libm.a(*)
 libgcc.a(*)

.ARM.attributes
                0x00000000       0x29
 *(.ARM.attributes)
 .ARM.attributes
                0x00000000       0x1d d:/gcc-arm-none-eabi-9-2019-q4-major-win32/bin/../lib/gcc/arm-none-eabi/9.2.1/thumb/v7-m/nofp/crti.o
 .ARM.attributes
                0x0000001d       0x2d d:/gcc-arm-none-eabi-9-2019-q4-major-win32/bin/../lib/gcc/arm-none-eabi/9.2.1/thumb/v7-m/nofp/crtbegin.o
 .ARM.attributes
                0x0000004a       0x2d CMakeFiles/ZHANGSHUO_CAR_V1.elf.dir/Core/Src/gpio.c.obj
 .ARM.attributes
                0x00000077       0x2d CMakeFiles/ZHANGSHUO_CAR_V1.elf.dir/Core/Src/main.c.obj
 .ARM.attributes
                0x000000a4       0x2d CMakeFiles/ZHANGSHUO_CAR_V1.elf.dir/Core/Src/stm32f1xx_hal_msp.c.obj
 .ARM.attributes
                0x000000d1       0x2d CMakeFiles/ZHANGSHUO_CAR_V1.elf.dir/Core/Src/stm32f1xx_it.c.obj
 .ARM.attributes
                0x000000fe       0x2d CMakeFiles/ZHANGSHUO_CAR_V1.elf.dir/Core/Src/system_stm32f1xx.c.obj
 .ARM.attributes
                0x0000012b       0x2d CMakeFiles/ZHANGSHUO_CAR_V1.elf.dir/Core/Src/usart.c.obj
 .ARM.attributes
                0x00000158       0x2d CMakeFiles/ZHANGSHUO_CAR_V1.elf.dir/Drivers/STM32F1xx_HAL_Driver/Src/stm32f1xx_hal.c.obj
 .ARM.attributes
                0x00000185       0x2d CMakeFiles/ZHANGSHUO_CAR_V1.elf.dir/Drivers/STM32F1xx_HAL_Driver/Src/stm32f1xx_hal_cortex.c.obj
 .ARM.attributes
                0x000001b2       0x2d CMakeFiles/ZHANGSHUO_CAR_V1.elf.dir/Drivers/STM32F1xx_HAL_Driver/Src/stm32f1xx_hal_gpio.c.obj
 .ARM.attributes
                0x000001df       0x2d CMakeFiles/ZHANGSHUO_CAR_V1.elf.dir/Drivers/STM32F1xx_HAL_Driver/Src/stm32f1xx_hal_rcc.c.obj
 .ARM.attributes
                0x0000020c       0x2d CMakeFiles/ZHANGSHUO_CAR_V1.elf.dir/Drivers/STM32F1xx_HAL_Driver/Src/stm32f1xx_hal_uart.c.obj
 .ARM.attributes
                0x00000239       0x21 CMakeFiles/ZHANGSHUO_CAR_V1.elf.dir/startup/startup_stm32f103xe.s.obj
 .ARM.attributes
                0x0000025a       0x2d d:/gcc-arm-none-eabi-9-2019-q4-major-win32/bin/../lib/gcc/arm-none-eabi/9.2.1/../../../../arm-none-eabi/lib/thumb/v7-m/nofp\libg.a(lib_a-impure.o)
 .ARM.attributes
                0x00000287       0x2d d:/gcc-arm-none-eabi-9-2019-q4-major-win32/bin/../lib/gcc/arm-none-eabi/9.2.1/../../../../arm-none-eabi/lib/thumb/v7-m/nofp\libg.a(lib_a-init.o)
 .ARM.attributes
                0x000002b4       0x2d d:/gcc-arm-none-eabi-9-2019-q4-major-win32/bin/../lib/gcc/arm-none-eabi/9.2.1/../../../../arm-none-eabi/lib/thumb/v7-m/nofp\libg.a(lib_a-__call_atexit.o)
 .ARM.attributes
                0x000002e1       0x2d d:/gcc-arm-none-eabi-9-2019-q4-major-win32/bin/../lib/gcc/arm-none-eabi/9.2.1/../../../../arm-none-eabi/lib/thumb/v7-m/nofp\libg.a(lib_a-atexit.o)
 .ARM.attributes
                0x0000030e       0x2d d:/gcc-arm-none-eabi-9-2019-q4-major-win32/bin/../lib/gcc/arm-none-eabi/9.2.1/../../../../arm-none-eabi/lib/thumb/v7-m/nofp\libg.a(lib_a-fini.o)
 .ARM.attributes
                0x0000033b       0x2d d:/gcc-arm-none-eabi-9-2019-q4-major-win32/bin/../lib/gcc/arm-none-eabi/9.2.1/../../../../arm-none-eabi/lib/thumb/v7-m/nofp\libg.a(lib_a-lock.o)
 .ARM.attributes
                0x00000368       0x2d d:/gcc-arm-none-eabi-9-2019-q4-major-win32/bin/../lib/gcc/arm-none-eabi/9.2.1/../../../../arm-none-eabi/lib/thumb/v7-m/nofp\libg.a(lib_a-__atexit.o)
 .ARM.attributes
                0x00000395       0x1d d:/gcc-arm-none-eabi-9-2019-q4-major-win32/bin/../lib/gcc/arm-none-eabi/9.2.1/thumb/v7-m/nofp/crtn.o
OUTPUT(ZHANGSHUO_CAR_V1.elf elf32-littlearm)

.debug_info     0x00000000     0x64f9
 .debug_info    0x00000000      0x43a CMakeFiles/ZHANGSHUO_CAR_V1.elf.dir/Core/Src/gpio.c.obj
 .debug_info    0x0000043a      0x8fb CMakeFiles/ZHANGSHUO_CAR_V1.elf.dir/Core/Src/main.c.obj
 .debug_info    0x00000d35      0x2fd CMakeFiles/ZHANGSHUO_CAR_V1.elf.dir/Core/Src/stm32f1xx_hal_msp.c.obj
 .debug_info    0x00001032      0x239 CMakeFiles/ZHANGSHUO_CAR_V1.elf.dir/Core/Src/stm32f1xx_it.c.obj
 .debug_info    0x0000126b      0x2c9 CMakeFiles/ZHANGSHUO_CAR_V1.elf.dir/Core/Src/system_stm32f1xx.c.obj
 .debug_info    0x00001534      0x8fb CMakeFiles/ZHANGSHUO_CAR_V1.elf.dir/Core/Src/usart.c.obj
 .debug_info    0x00001e2f      0x897 CMakeFiles/ZHANGSHUO_CAR_V1.elf.dir/Drivers/STM32F1xx_HAL_Driver/Src/stm32f1xx_hal.c.obj
 .debug_info    0x000026c6      0xeac CMakeFiles/ZHANGSHUO_CAR_V1.elf.dir/Drivers/STM32F1xx_HAL_Driver/Src/stm32f1xx_hal_cortex.c.obj
 .debug_info    0x00003572      0x75b CMakeFiles/ZHANGSHUO_CAR_V1.elf.dir/Drivers/STM32F1xx_HAL_Driver/Src/stm32f1xx_hal_gpio.c.obj
 .debug_info    0x00003ccd      0xaab CMakeFiles/ZHANGSHUO_CAR_V1.elf.dir/Drivers/STM32F1xx_HAL_Driver/Src/stm32f1xx_hal_rcc.c.obj
 .debug_info    0x00004778     0x1d5f CMakeFiles/ZHANGSHUO_CAR_V1.elf.dir/Drivers/STM32F1xx_HAL_Driver/Src/stm32f1xx_hal_uart.c.obj
 .debug_info    0x000064d7       0x22 CMakeFiles/ZHANGSHUO_CAR_V1.elf.dir/startup/startup_stm32f103xe.s.obj

.debug_abbrev   0x00000000     0x1599
 .debug_abbrev  0x00000000      0x17b CMakeFiles/ZHANGSHUO_CAR_V1.elf.dir/Core/Src/gpio.c.obj
 .debug_abbrev  0x0000017b      0x1fe CMakeFiles/ZHANGSHUO_CAR_V1.elf.dir/Core/Src/main.c.obj
 .debug_abbrev  0x00000379      0x12e CMakeFiles/ZHANGSHUO_CAR_V1.elf.dir/Core/Src/stm32f1xx_hal_msp.c.obj
 .debug_abbrev  0x000004a7       0xef CMakeFiles/ZHANGSHUO_CAR_V1.elf.dir/Core/Src/stm32f1xx_it.c.obj
 .debug_abbrev  0x00000596      0x151 CMakeFiles/ZHANGSHUO_CAR_V1.elf.dir/Core/Src/system_stm32f1xx.c.obj
 .debug_abbrev  0x000006e7      0x1ed CMakeFiles/ZHANGSHUO_CAR_V1.elf.dir/Core/Src/usart.c.obj
 .debug_abbrev  0x000008d4      0x219 CMakeFiles/ZHANGSHUO_CAR_V1.elf.dir/Drivers/STM32F1xx_HAL_Driver/Src/stm32f1xx_hal.c.obj
 .debug_abbrev  0x00000aed      0x367 CMakeFiles/ZHANGSHUO_CAR_V1.elf.dir/Drivers/STM32F1xx_HAL_Driver/Src/stm32f1xx_hal_cortex.c.obj
 .debug_abbrev  0x00000e54      0x213 CMakeFiles/ZHANGSHUO_CAR_V1.elf.dir/Drivers/STM32F1xx_HAL_Driver/Src/stm32f1xx_hal_gpio.c.obj
 .debug_abbrev  0x00001067      0x28d CMakeFiles/ZHANGSHUO_CAR_V1.elf.dir/Drivers/STM32F1xx_HAL_Driver/Src/stm32f1xx_hal_rcc.c.obj
 .debug_abbrev  0x000012f4      0x293 CMakeFiles/ZHANGSHUO_CAR_V1.elf.dir/Drivers/STM32F1xx_HAL_Driver/Src/stm32f1xx_hal_uart.c.obj
 .debug_abbrev  0x00001587       0x12 CMakeFiles/ZHANGSHUO_CAR_V1.elf.dir/startup/startup_stm32f103xe.s.obj

.debug_aranges  0x00000000      0x5a8
 .debug_aranges
                0x00000000       0x20 CMakeFiles/ZHANGSHUO_CAR_V1.elf.dir/Core/Src/gpio.c.obj
 .debug_aranges
                0x00000020       0x30 CMakeFiles/ZHANGSHUO_CAR_V1.elf.dir/Core/Src/main.c.obj
 .debug_aranges
                0x00000050       0x20 CMakeFiles/ZHANGSHUO_CAR_V1.elf.dir/Core/Src/stm32f1xx_hal_msp.c.obj
 .debug_aranges
                0x00000070       0x60 CMakeFiles/ZHANGSHUO_CAR_V1.elf.dir/Core/Src/stm32f1xx_it.c.obj
 .debug_aranges
                0x000000d0       0x28 CMakeFiles/ZHANGSHUO_CAR_V1.elf.dir/Core/Src/system_stm32f1xx.c.obj
 .debug_aranges
                0x000000f8       0x30 CMakeFiles/ZHANGSHUO_CAR_V1.elf.dir/Core/Src/usart.c.obj
 .debug_aranges
                0x00000128       0xe0 CMakeFiles/ZHANGSHUO_CAR_V1.elf.dir/Drivers/STM32F1xx_HAL_Driver/Src/stm32f1xx_hal.c.obj
 .debug_aranges
                0x00000208       0x90 CMakeFiles/ZHANGSHUO_CAR_V1.elf.dir/Drivers/STM32F1xx_HAL_Driver/Src/stm32f1xx_hal_cortex.c.obj
 .debug_aranges
                0x00000298       0x58 CMakeFiles/ZHANGSHUO_CAR_V1.elf.dir/Drivers/STM32F1xx_HAL_Driver/Src/stm32f1xx_hal_gpio.c.obj
 .debug_aranges
                0x000002f0       0x90 CMakeFiles/ZHANGSHUO_CAR_V1.elf.dir/Drivers/STM32F1xx_HAL_Driver/Src/stm32f1xx_hal_rcc.c.obj
 .debug_aranges
                0x00000380      0x200 CMakeFiles/ZHANGSHUO_CAR_V1.elf.dir/Drivers/STM32F1xx_HAL_Driver/Src/stm32f1xx_hal_uart.c.obj
 .debug_aranges
                0x00000580       0x28 CMakeFiles/ZHANGSHUO_CAR_V1.elf.dir/startup/startup_stm32f103xe.s.obj

.debug_ranges   0x00000000      0x570
 .debug_ranges  0x00000000       0x10 CMakeFiles/ZHANGSHUO_CAR_V1.elf.dir/Core/Src/gpio.c.obj
 .debug_ranges  0x00000010       0x20 CMakeFiles/ZHANGSHUO_CAR_V1.elf.dir/Core/Src/main.c.obj
 .debug_ranges  0x00000030       0x10 CMakeFiles/ZHANGSHUO_CAR_V1.elf.dir/Core/Src/stm32f1xx_hal_msp.c.obj
 .debug_ranges  0x00000040       0x50 CMakeFiles/ZHANGSHUO_CAR_V1.elf.dir/Core/Src/stm32f1xx_it.c.obj
 .debug_ranges  0x00000090       0x18 CMakeFiles/ZHANGSHUO_CAR_V1.elf.dir/Core/Src/system_stm32f1xx.c.obj
 .debug_ranges  0x000000a8       0x20 CMakeFiles/ZHANGSHUO_CAR_V1.elf.dir/Core/Src/usart.c.obj
 .debug_ranges  0x000000c8       0xd0 CMakeFiles/ZHANGSHUO_CAR_V1.elf.dir/Drivers/STM32F1xx_HAL_Driver/Src/stm32f1xx_hal.c.obj
 .debug_ranges  0x00000198       0xe0 CMakeFiles/ZHANGSHUO_CAR_V1.elf.dir/Drivers/STM32F1xx_HAL_Driver/Src/stm32f1xx_hal_cortex.c.obj
 .debug_ranges  0x00000278       0x48 CMakeFiles/ZHANGSHUO_CAR_V1.elf.dir/Drivers/STM32F1xx_HAL_Driver/Src/stm32f1xx_hal_gpio.c.obj
 .debug_ranges  0x000002c0       0xa0 CMakeFiles/ZHANGSHUO_CAR_V1.elf.dir/Drivers/STM32F1xx_HAL_Driver/Src/stm32f1xx_hal_rcc.c.obj
 .debug_ranges  0x00000360      0x1f0 CMakeFiles/ZHANGSHUO_CAR_V1.elf.dir/Drivers/STM32F1xx_HAL_Driver/Src/stm32f1xx_hal_uart.c.obj
 .debug_ranges  0x00000550       0x20 CMakeFiles/ZHANGSHUO_CAR_V1.elf.dir/startup/startup_stm32f103xe.s.obj

.debug_line     0x00000000     0x555d
 .debug_line    0x00000000      0x2bb CMakeFiles/ZHANGSHUO_CAR_V1.elf.dir/Core/Src/gpio.c.obj
 .debug_line    0x000002bb      0x415 CMakeFiles/ZHANGSHUO_CAR_V1.elf.dir/Core/Src/main.c.obj
 .debug_line    0x000006d0      0x25f CMakeFiles/ZHANGSHUO_CAR_V1.elf.dir/Core/Src/stm32f1xx_hal_msp.c.obj
 .debug_line    0x0000092f      0x32a CMakeFiles/ZHANGSHUO_CAR_V1.elf.dir/Core/Src/stm32f1xx_it.c.obj
 .debug_line    0x00000c59      0x312 CMakeFiles/ZHANGSHUO_CAR_V1.elf.dir/Core/Src/system_stm32f1xx.c.obj
 .debug_line    0x00000f6b      0x3d8 CMakeFiles/ZHANGSHUO_CAR_V1.elf.dir/Core/Src/usart.c.obj
 .debug_line    0x00001343      0x5a2 CMakeFiles/ZHANGSHUO_CAR_V1.elf.dir/Drivers/STM32F1xx_HAL_Driver/Src/stm32f1xx_hal.c.obj
 .debug_line    0x000018e5      0x6f8 CMakeFiles/ZHANGSHUO_CAR_V1.elf.dir/Drivers/STM32F1xx_HAL_Driver/Src/stm32f1xx_hal_cortex.c.obj
 .debug_line    0x00001fdd      0x6b5 CMakeFiles/ZHANGSHUO_CAR_V1.elf.dir/Drivers/STM32F1xx_HAL_Driver/Src/stm32f1xx_hal_gpio.c.obj
 .debug_line    0x00002692      0xcbf CMakeFiles/ZHANGSHUO_CAR_V1.elf.dir/Drivers/STM32F1xx_HAL_Driver/Src/stm32f1xx_hal_rcc.c.obj
 .debug_line    0x00003351     0x2167 CMakeFiles/ZHANGSHUO_CAR_V1.elf.dir/Drivers/STM32F1xx_HAL_Driver/Src/stm32f1xx_hal_uart.c.obj
 .debug_line    0x000054b8       0xa5 CMakeFiles/ZHANGSHUO_CAR_V1.elf.dir/startup/startup_stm32f103xe.s.obj

.debug_str      0x00000000     0x1f84
 .debug_str     0x00000000      0x36a CMakeFiles/ZHANGSHUO_CAR_V1.elf.dir/Core/Src/gpio.c.obj
                                0x3c5 (size before relaxing)
 .debug_str     0x0000036a      0x57d CMakeFiles/ZHANGSHUO_CAR_V1.elf.dir/Core/Src/main.c.obj
                                0x883 (size before relaxing)
 .debug_str     0x000008e7       0x7f CMakeFiles/ZHANGSHUO_CAR_V1.elf.dir/Core/Src/stm32f1xx_hal_msp.c.obj
                                0x367 (size before relaxing)
 .debug_str     0x00000966       0xdc CMakeFiles/ZHANGSHUO_CAR_V1.elf.dir/Core/Src/stm32f1xx_it.c.obj
                                0x37e (size before relaxing)
 .debug_str     0x00000a42       0x77 CMakeFiles/ZHANGSHUO_CAR_V1.elf.dir/Core/Src/system_stm32f1xx.c.obj
                                0x35e (size before relaxing)
 .debug_str     0x00000ab9       0x86 CMakeFiles/ZHANGSHUO_CAR_V1.elf.dir/Core/Src/usart.c.obj
                                0x7ce (size before relaxing)
 .debug_str     0x00000b3f      0x680 CMakeFiles/ZHANGSHUO_CAR_V1.elf.dir/Drivers/STM32F1xx_HAL_Driver/Src/stm32f1xx_hal.c.obj
                                0x9bf (size before relaxing)
 .debug_str     0x000011bf      0x3e0 CMakeFiles/ZHANGSHUO_CAR_V1.elf.dir/Drivers/STM32F1xx_HAL_Driver/Src/stm32f1xx_hal_cortex.c.obj
                                0xadb (size before relaxing)
 .debug_str     0x0000159f      0x13f CMakeFiles/ZHANGSHUO_CAR_V1.elf.dir/Drivers/STM32F1xx_HAL_Driver/Src/stm32f1xx_hal_gpio.c.obj
                                0x548 (size before relaxing)
 .debug_str     0x000016de      0x219 CMakeFiles/ZHANGSHUO_CAR_V1.elf.dir/Drivers/STM32F1xx_HAL_Driver/Src/stm32f1xx_hal_rcc.c.obj
                                0x72a (size before relaxing)
 .debug_str     0x000018f7      0x639 CMakeFiles/ZHANGSHUO_CAR_V1.elf.dir/Drivers/STM32F1xx_HAL_Driver/Src/stm32f1xx_hal_uart.c.obj
                                0xdc4 (size before relaxing)
 .debug_str     0x00001f30       0x54 CMakeFiles/ZHANGSHUO_CAR_V1.elf.dir/startup/startup_stm32f103xe.s.obj
                                 0x8e (size before relaxing)

.comment        0x00000000       0x79
 .comment       0x00000000       0x79 CMakeFiles/ZHANGSHUO_CAR_V1.elf.dir/Core/Src/gpio.c.obj
                                 0x7a (size before relaxing)
 .comment       0x00000079       0x7a CMakeFiles/ZHANGSHUO_CAR_V1.elf.dir/Core/Src/main.c.obj
 .comment       0x00000079       0x7a CMakeFiles/ZHANGSHUO_CAR_V1.elf.dir/Core/Src/stm32f1xx_hal_msp.c.obj
 .comment       0x00000079       0x7a CMakeFiles/ZHANGSHUO_CAR_V1.elf.dir/Core/Src/stm32f1xx_it.c.obj
 .comment       0x00000079       0x7a CMakeFiles/ZHANGSHUO_CAR_V1.elf.dir/Core/Src/system_stm32f1xx.c.obj
 .comment       0x00000079       0x7a CMakeFiles/ZHANGSHUO_CAR_V1.elf.dir/Core/Src/usart.c.obj
 .comment       0x00000079       0x7a CMakeFiles/ZHANGSHUO_CAR_V1.elf.dir/Drivers/STM32F1xx_HAL_Driver/Src/stm32f1xx_hal.c.obj
 .comment       0x00000079       0x7a CMakeFiles/ZHANGSHUO_CAR_V1.elf.dir/Drivers/STM32F1xx_HAL_Driver/Src/stm32f1xx_hal_cortex.c.obj
 .comment       0x00000079       0x7a CMakeFiles/ZHANGSHUO_CAR_V1.elf.dir/Drivers/STM32F1xx_HAL_Driver/Src/stm32f1xx_hal_gpio.c.obj
 .comment       0x00000079       0x7a CMakeFiles/ZHANGSHUO_CAR_V1.elf.dir/Drivers/STM32F1xx_HAL_Driver/Src/stm32f1xx_hal_rcc.c.obj
 .comment       0x00000079       0x7a CMakeFiles/ZHANGSHUO_CAR_V1.elf.dir/Drivers/STM32F1xx_HAL_Driver/Src/stm32f1xx_hal_uart.c.obj

.debug_frame    0x00000000      0xee4
 .debug_frame   0x00000000       0x38 CMakeFiles/ZHANGSHUO_CAR_V1.elf.dir/Core/Src/gpio.c.obj
 .debug_frame   0x00000038       0x58 CMakeFiles/ZHANGSHUO_CAR_V1.elf.dir/Core/Src/main.c.obj
 .debug_frame   0x00000090       0x28 CMakeFiles/ZHANGSHUO_CAR_V1.elf.dir/Core/Src/stm32f1xx_hal_msp.c.obj
 .debug_frame   0x000000b8       0xa8 CMakeFiles/ZHANGSHUO_CAR_V1.elf.dir/Core/Src/stm32f1xx_it.c.obj
 .debug_frame   0x00000160       0x30 CMakeFiles/ZHANGSHUO_CAR_V1.elf.dir/Core/Src/system_stm32f1xx.c.obj
 .debug_frame   0x00000190       0x60 CMakeFiles/ZHANGSHUO_CAR_V1.elf.dir/Core/Src/usart.c.obj
 .debug_frame   0x000001f0      0x1cc CMakeFiles/ZHANGSHUO_CAR_V1.elf.dir/Drivers/STM32F1xx_HAL_Driver/Src/stm32f1xx_hal.c.obj
 .debug_frame   0x000003bc      0x12c CMakeFiles/ZHANGSHUO_CAR_V1.elf.dir/Drivers/STM32F1xx_HAL_Driver/Src/stm32f1xx_hal_cortex.c.obj
 .debug_frame   0x000004e8       0xe8 CMakeFiles/ZHANGSHUO_CAR_V1.elf.dir/Drivers/STM32F1xx_HAL_Driver/Src/stm32f1xx_hal_gpio.c.obj
 .debug_frame   0x000005d0      0x190 CMakeFiles/ZHANGSHUO_CAR_V1.elf.dir/Drivers/STM32F1xx_HAL_Driver/Src/stm32f1xx_hal_rcc.c.obj
 .debug_frame   0x00000760      0x5c4 CMakeFiles/ZHANGSHUO_CAR_V1.elf.dir/Drivers/STM32F1xx_HAL_Driver/Src/stm32f1xx_hal_uart.c.obj
 .debug_frame   0x00000d24       0x2c d:/gcc-arm-none-eabi-9-2019-q4-major-win32/bin/../lib/gcc/arm-none-eabi/9.2.1/../../../../arm-none-eabi/lib/thumb/v7-m/nofp\libg.a(lib_a-init.o)
 .debug_frame   0x00000d50       0x5c d:/gcc-arm-none-eabi-9-2019-q4-major-win32/bin/../lib/gcc/arm-none-eabi/9.2.1/../../../../arm-none-eabi/lib/thumb/v7-m/nofp\libg.a(lib_a-__call_atexit.o)
 .debug_frame   0x00000dac       0x20 d:/gcc-arm-none-eabi-9-2019-q4-major-win32/bin/../lib/gcc/arm-none-eabi/9.2.1/../../../../arm-none-eabi/lib/thumb/v7-m/nofp\libg.a(lib_a-atexit.o)
 .debug_frame   0x00000dcc       0x34 d:/gcc-arm-none-eabi-9-2019-q4-major-win32/bin/../lib/gcc/arm-none-eabi/9.2.1/../../../../arm-none-eabi/lib/thumb/v7-m/nofp\libg.a(lib_a-fini.o)
 .debug_frame   0x00000e00       0xb0 d:/gcc-arm-none-eabi-9-2019-q4-major-win32/bin/../lib/gcc/arm-none-eabi/9.2.1/../../../../arm-none-eabi/lib/thumb/v7-m/nofp\libg.a(lib_a-lock.o)
 .debug_frame   0x00000eb0       0x34 d:/gcc-arm-none-eabi-9-2019-q4-major-win32/bin/../lib/gcc/arm-none-eabi/9.2.1/../../../../arm-none-eabi/lib/thumb/v7-m/nofp\libg.a(lib_a-__atexit.o)

.debug_loc      0x00000000     0x349a
 .debug_loc     0x00000000       0x15 CMakeFiles/ZHANGSHUO_CAR_V1.elf.dir/Core/Src/stm32f1xx_hal_msp.c.obj
 .debug_loc     0x00000015       0xff CMakeFiles/ZHANGSHUO_CAR_V1.elf.dir/Core/Src/system_stm32f1xx.c.obj
 .debug_loc     0x00000114       0x84 CMakeFiles/ZHANGSHUO_CAR_V1.elf.dir/Core/Src/usart.c.obj
 .debug_loc     0x00000198      0x141 CMakeFiles/ZHANGSHUO_CAR_V1.elf.dir/Drivers/STM32F1xx_HAL_Driver/Src/stm32f1xx_hal.c.obj
 .debug_loc     0x000002d9      0x71f CMakeFiles/ZHANGSHUO_CAR_V1.elf.dir/Drivers/STM32F1xx_HAL_Driver/Src/stm32f1xx_hal_cortex.c.obj
 .debug_loc     0x000009f8      0x45b CMakeFiles/ZHANGSHUO_CAR_V1.elf.dir/Drivers/STM32F1xx_HAL_Driver/Src/stm32f1xx_hal_gpio.c.obj
 .debug_loc     0x00000e53      0x610 CMakeFiles/ZHANGSHUO_CAR_V1.elf.dir/Drivers/STM32F1xx_HAL_Driver/Src/stm32f1xx_hal_rcc.c.obj
 .debug_loc     0x00001463     0x2037 CMakeFiles/ZHANGSHUO_CAR_V1.elf.dir/Drivers/STM32F1xx_HAL_Driver/Src/stm32f1xx_hal_uart.c.obj
